BL51 BANKED LINKER/LOCATER V6.22                                                        07/27/2023  21:07:04  PAGE 1


BL51 BANKED LINKER/LOCATER V6.22, INVOKED BY:
E:\KEIL_V5\C51\BIN\BL51.EXE .\output\main.obj, .\source\STCBSP_V3.6.LIB, .\output\oled.obj TO .\output\BSP_Demo PRINT (.
>> \list\BSP_Demo.m51) RAMSIZE (256) XDATA (0X0000-0X07FF)


MEMORY MODEL: SMALL WITH FLOATING POINT ARITHMETIC


INPUT MODULES INCLUDED:
  .\output\main.obj (MAIN)
  .\source\STCBSP_V3.6.LIB (ADC)
  .\source\STCBSP_V3.6.LIB (BEEP)
  .\source\STCBSP_V3.6.LIB (DISPLAYER)
  .\source\STCBSP_V3.6.LIB (KEY)
  .\source\STCBSP_V3.6.LIB (SYS)
  .\source\STCBSP_V3.6.LIB (VIB)
  .\source\STCBSP_V3.6.LIB (MUSIC)
  .\source\STCBSP_V3.6.LIB (DS1302)
  .\source\STCBSP_V3.6.LIB (FM_RADIO)
  .\source\STCBSP_V3.6.LIB (IR)
  .\output\oled.obj (OLED)
  E:\KEIL_V5\C51\LIB\C51FPS.LIB (?C?FPADD)
  E:\KEIL_V5\C51\LIB\C51FPS.LIB (?C?FPMUL)
  E:\KEIL_V5\C51\LIB\C51FPS.LIB (?C?FPDIV)
  E:\KEIL_V5\C51\LIB\C51FPS.LIB (?C?FCAST)
  E:\KEIL_V5\C51\LIB\C51FPS.LIB (?C?CASTF)
  E:\KEIL_V5\C51\LIB\C51FPS.LIB (LOG)
  E:\KEIL_V5\C51\LIB\C51FPS.LIB (?C?FPGETOPN)
  E:\KEIL_V5\C51\LIB\C51FPS.LIB (?C?FPSERIES)
  E:\KEIL_V5\C51\LIB\C51S.LIB (?C_STARTUP)
  E:\KEIL_V5\C51\LIB\C51S.LIB (?C?COPY)
  E:\KEIL_V5\C51\LIB\C51S.LIB (?C?SCDIV)
  E:\KEIL_V5\C51\LIB\C51S.LIB (?C?CLDPTR)
  E:\KEIL_V5\C51\LIB\C51S.LIB (?C?CLDOPTR)
  E:\KEIL_V5\C51\LIB\C51S.LIB (?C?CSTOPTR)
  E:\KEIL_V5\C51\LIB\C51S.LIB (?C?IMUL)
  E:\KEIL_V5\C51\LIB\C51S.LIB (?C?UIDIV)
  E:\KEIL_V5\C51\LIB\C51S.LIB (?C?IILDX)
  E:\KEIL_V5\C51\LIB\C51S.LIB (?C?ILDIX)
  E:\KEIL_V5\C51\LIB\C51S.LIB (?C?ILDPTR)
  E:\KEIL_V5\C51\LIB\C51S.LIB (?C?LMUL)
  E:\KEIL_V5\C51\LIB\C51S.LIB (?C?ULDIV)
  E:\KEIL_V5\C51\LIB\C51S.LIB (?C?SLDIV)
  E:\KEIL_V5\C51\LIB\C51S.LIB (?C?LNEG)
  E:\KEIL_V5\C51\LIB\C51S.LIB (?C?SLSHR)
  E:\KEIL_V5\C51\LIB\C51S.LIB (?C?LLDCODE)
  E:\KEIL_V5\C51\LIB\C51S.LIB (?C?LLDCODE0)
  E:\KEIL_V5\C51\LIB\C51S.LIB (?C?LSTXDATA)
  E:\KEIL_V5\C51\LIB\C51S.LIB (?C?OFFXADD)
  E:\KEIL_V5\C51\LIB\C51S.LIB (?C?ICALL)
  E:\KEIL_V5\C51\LIB\C51S.LIB (?C_IBP)
  E:\KEIL_V5\C51\LIB\C51S.LIB (?C_INIT)


LINK MAP OF MODULE:  .\output\BSP_Demo (MAIN)


            TYPE    BASE      LENGTH    RELOCATION   SEGMENT NAME
BL51 BANKED LINKER/LOCATER V6.22                                                      07/27/2023  21:07:04  PAGE 2


            -----------------------------------------------------

            * * * * * * *   D A T A   M E M O R Y   * * * * * * *
            REG     0000H     0008H     ABSOLUTE     "REG BANK 0"
            DATA    0008H     0018H     UNIT         ?DT?MAIN
            BIT     0020H.0   0002H.5   UNIT         ?BI?MAIN
            BIT     0022H.5   0001H.7   UNIT         ?BI?SYS
            BIT     0024H.4   0000H.1   UNIT         ?BI?ADC
            BIT     0024H.5   0000H.1   UNIT         ?BI?MUSIC
            BIT     0024H.6   0000H.1   UNIT         ?BI?_OLED_WRITE_GRAM?OLED
            BIT     0024H.7   0000H.1   UNIT         _BIT_GROUP_
            DATA    0025H     0019H     UNIT         _DATA_GROUP_
            DATA    003EH     0012H     UNIT         ?DT?SYS
            DATA    0050H     000BH     UNIT         ?DT?_OLED_DRAWBMP1?OLED
            DATA    005BH     000AH     UNIT         ?DT?_OLED_SHOWNUM?OLED
            DATA    0065H     0006H     UNIT         ?DT?IR
            DATA    006BH     0004H     UNIT         ?DT?_OLED_SHOWCHINESE?OLED
            DATA    006FH     0002H     UNIT         ?DT?ADC
            DATA    0071H     0002H     UNIT         ?DT?GETULTRASONIC?SYS
            DATA    0073H     0002H     UNIT         ?DT?OLED_REFRESH?OLED
            DATA    0075H     0001H     UNIT         ?DT?KEY
            DATA    0076H     0001H     UNIT         ?DT?VIB
            DATA    0077H     0001H     UNIT         ?DT?_OLED_COLORTURN?OLED
            DATA    0078H     0001H     UNIT         ?DT?_OLED_DISPLAYTURN?OLED
            DATA    0079H     0001H     UNIT         ?DT?_OLED_POW?OLED
            DATA    007AH     0001H     UNIT         ?C?LIB_DATA
            IDATA   007BH     0001H     UNIT         ?STACK

            * * * * * * *  X D A T A   M E M O R Y  * * * * * * *
            XDATA   0000H     0200H     UNIT         ?XD?OLED
            XDATA   0200H     006EH     UNIT         ?XD?SYS
            XDATA   026EH     001EH     UNIT         ?XD?ADC
            XDATA   028CH     0010H     UNIT         ?XD?MUSIC
            XDATA   029CH     000CH     UNIT         ?XD?DISPLAYER
            XDATA   02A8H     000AH     UNIT         ?XD?KEY
            XDATA   02B2H     0009H     UNIT         ?XD?DS1302
            XDATA   02BBH     0009H     UNIT         ?XD?FM_RADIO
            XDATA   02C4H     0001H     UNIT         ?XD?VIB

            * * * * * * *   C O D E   M E M O R Y   * * * * * * *
            CODE    0000H     0003H     ABSOLUTE     
            CODE    0003H     0007H     UNIT         ?PR?GETADC?ADC
            CODE    000AH     0001H     UNIT         ?PR?_?NULLFUNC?SYS
            CODE    000BH     0003H     ABSOLUTE     
            CODE    000EH     001DH     UNIT         ?PR?KEYINIT?KEY
            CODE    002BH     0003H     ABSOLUTE     
            CODE    002EH     000DH     UNIT         ?PR?_?SYS_SV_DRV?VIB
            CODE    003BH     0003H     ABSOLUTE     
            CODE    003EH     0015H     UNIT         ?PR?OLED_DISPLAY_ON?OLED
            CODE    0053H     0003H     ABSOLUTE     
            CODE    0056H     1F58H     UNIT         ?CO?OLED
            CODE    1FAEH     0ABCH     UNIT         ?PR?MY100MS_CALLBACK?MAIN
            CODE    2A6AH     0815H     UNIT         ?CO?MAIN
            CODE    327FH     0765H     UNIT         ?C?LIB_CODE
            CODE    39E4H     03A5H     UNIT         ?PR?MYKN_CALLBACK?MAIN
            CODE    3D89H     032BH     UNIT         ?C_INITSEG
            CODE    40B4H     02F6H     UNIT         ?PR?_?SYS_MUSIC_DRV?MUSIC
BL51 BANKED LINKER/LOCATER V6.22                                                      07/27/2023  21:07:04  PAGE 3


            CODE    43AAH     01ACH     UNIT         ?PR?_?SYS_ADC_DRV?ADC
            CODE    4556H     017EH     UNIT         ?PR?MYKEY_CALLBACK?MAIN
            CODE    46D4H     0135H     UNIT         ?PR?LOG?LOG
            CODE    4809H     0126H     UNIT         ?CO?MUSIC
            CODE    492FH     0123H     UNIT         ?PR?_?SYS_KEY_DRV?KEY
            CODE    4A52H     00FEH     UNIT         ?PR?DS1302INIT?DS1302
            CODE    4B50H     00EDH     UNIT         ?PR?SYS_TASK_1MS?SYS
            CODE    4C3DH     00E9H     UNIT         ?PR?_?SYS_DISPLAY_DRV?DISPLAYER
            CODE    4D26H     00D0H     UNIT         ?PR?OLED_INIT?OLED
            CODE    4DF6H     00C6H     UNIT         ?PR?_OLED_SHOWCHAR?OLED
            CODE    4EBCH     00B6H     UNIT         ?PR?SETFMRADIO?FM_RADIO
            CODE    4F72H     00AAH     UNIT         ?PR?_PLAYTONE?MUSIC
            CODE    501CH     00A8H     UNIT         ?PR?SYS_CCP_ISR?SYS
            CODE    50C4H     00A5H     UNIT         ?PR?_?SYS_DS1302_DRV?DS1302
            CODE    5169H     0093H     UNIT         ?PR?_TEM_CALCULATE?MAIN
            CODE    51FCH     0093H     UNIT         ?PR?SYS_TASK_10MS?SYS
            CODE    528FH     008DH     UNIT         ?PR?MAIN?MAIN
            CODE    531CH     008CH     UNIT         ?C_C51STARTUP
            CODE    53A8H     008BH     UNIT         ?PR?SYS_TASK_IR?SYS
            CODE    5433H     0089H     UNIT         ?PR?_OLED_SHOWNUM?OLED
            CODE    54BCH     007DH     UNIT         ?PR?_SETEVENTCALLBACK?SYS
            CODE    5539H     0078H     UNIT         ?PR?_SETBEEP?BEEP
            CODE    55B1H     0077H     UNIT         ?PR?SYS_IRRXD_ISR?IR
            CODE    5628H     0068H     UNIT         ?PR?_OLED_DRAWBMP1?OLED
            CODE    5690H     0065H     UNIT         ?PR?OLED_REFRESH?OLED
            CODE    56F5H     0065H     UNIT         ?PR?_OLED_DRAWBMP?OLED
            CODE    575AH     005CH     UNIT         ?PR?GETFMRADIO?FM_RADIO
            CODE    57B6H     0058H     UNIT         ?PR?_SETMUSIC?MUSIC
            CODE    580EH     0058H     UNIT         ?PR?_OLED_WRITE_GRAM?OLED
            CODE    5866H     0053H     UNIT         ?PR?GETULTRASONIC?SYS
            CODE    58B9H     0052H     UNIT         ?PR?SYS_TIMER0_ISR?SYS
            CODE    590BH     0049H     UNIT         ?PR?_OLED_SHOWSTRING?OLED
            CODE    5954H     0048H     UNIT         ?PR?_OLED_SHOWCHINESE?OLED
            CODE    599CH     0047H     UNIT         ?PR?SYS_TIMER0_INIT?SYS
            CODE    59E3H     0046H     UNIT         ?PR?_GETADCNAVACT?ADC
            CODE    5A29H     0044H     UNIT         ?PR?_?SYS_FMRADIO_DRV?FM_RADIO
            CODE    5A6DH     0044H     UNIT         ?C?LDIV
            CODE    5AB1H     0040H     UNIT         ?PR?_GETKEYACT?KEY
            CODE    5AF1H     003FH     UNIT         ?PR?SYS_TASK_100MS?SYS
            CODE    5B30H     003FH     UNIT         ?PR?_IRPRINT?IR
            CODE    5B6FH     003EH     UNIT         ?PR?MYSTC_OS?SYS
            CODE    5BADH     003AH     UNIT         ?PR?_OLED_WR_BYTE?OLED
            CODE    5BE7H     0031H     UNIT         ?PR?_ADCINIT?ADC
            CODE    5C18H     0031H     UNIT         ?PR?_IRTXDSET?IR
            CODE    5C49H     0030H     UNIT         ?PR?OLED_CLEAR?OLED
            CODE    5C79H     002EH     UNIT         ?PR?_DS1302READ?DS1302
            CODE    5CA7H     002BH     UNIT         ?PR?SYS_TASK_1S?SYS
            CODE    5CD2H     0029H     UNIT         ?PR?_NVM_WRITE?DS1302
            CODE    5CFBH     0028H     UNIT         ?PR?INITIAL_INTERFACE?MAIN
            CODE    5D23H     0028H     UNIT         ?PR?_?SYS_BEEP_DRV?BEEP
            CODE    5D4BH     0028H     UNIT         ?PR?_SETPLAYERMODE?MUSIC
            CODE    5D73H     0028H     UNIT         ?PR?_IIC_RADIO_WRITEBYTE?FM_RADIO
            CODE    5D9BH     0027H     UNIT         ?PR?_OLED_DISPLAYTURN?OLED
            CODE    5DC2H     0025H     UNIT         ?PR?FMRADIOINIT?FM_RADIO
            CODE    5DE7H     0023H     UNIT         ?PR?_SEND_BYTE?OLED
            CODE    5E0AH     0022H     UNIT         ?PR?_OLED_SET_POS?OLED
            CODE    5E2CH     0020H     UNIT         ?PR?BEEPINIT?BEEP
BL51 BANKED LINKER/LOCATER V6.22                                                      07/27/2023  21:07:04  PAGE 4


            CODE    5E4CH     0020H     UNIT         ?PR?_SEG7PRINT?DISPLAYER
            CODE    5E6CH     0020H     UNIT         ?PR?_DS1302WRITE?DS1302
            CODE    5E8CH     001DH     UNIT         ?PR?VIBINIT?VIB
            CODE    5EA9H     001CH     UNIT         ?PR?IIC_RADIO_ACK?FM_RADIO
            CODE    5EC5H     001CH     UNIT         ?PR?GETIRSTATUS?IR
            CODE    5EE1H     001BH     UNIT         ?PR?DISPLAYERINIT?DISPLAYER
            CODE    5EFCH     001AH     UNIT         ?PR?_DELAY_MS?OLED
            CODE    5F16H     0019H     UNIT         ?PR?_DS1302WRITEBYTE?DS1302
            CODE    5F2FH     0019H     UNIT         ?PR?RTC_WRITE?DS1302
            CODE    5F48H     0019H     UNIT         ?PR?_OLED_COLORTURN?OLED
            CODE    5F61H     0018H     UNIT         ?PR?DS1302READBYTE?DS1302
            CODE    5F79H     0018H     UNIT         ?PR?_OLED_POW?OLED
            CODE    5F91H     0015H     UNIT         ?PR?OLED_DISPLAY_OFF?OLED
            CODE    5FA6H     0013H     UNIT         ?PR?MYVIB_CALLBACK?MAIN
            CODE    5FB9H     0013H     UNIT         ?PR?_DELAY?FM_RADIO
            CODE    5FCCH     0013H     UNIT         ?PR?IIC_RADIO_START?FM_RADIO
            CODE    5FDFH     0012H     UNIT         ?PR?_NVM_READ?DS1302
            CODE    5FF1H     0011H     UNIT         ?PR?_SETCCP0?SYS
            CODE    6002H     0010H     UNIT         ?PR?_IRINIT?IR
            CODE    6012H     000FH     UNIT         ?PR?_?GETVIBACT?VIB
            CODE    6021H     000FH     UNIT         ?PR?MUSICPLAYERINIT?MUSIC
            CODE    6030H     000FH     UNIT         ?PR?I2C_START?OLED
            CODE    603FH     000FH     UNIT         ?PR?I2C_WAITACK?OLED
            CODE    604EH     000EH     UNIT         ?PR?_?SYS_GET_KNEVENT?ADC
            CODE    605CH     000EH     UNIT         ?PR?_?SYS_GET_EXTADCEVENT?ADC
            CODE    606AH     000EH     UNIT         ?PR?_?SYS_GET_KEYEVENT?KEY
            CODE    6078H     000EH     UNIT         ?PR?_?SYS_GET_SVEVENT?VIB
            CODE    6086H     000CH     UNIT         ?PR?GETBEEPSTATUS?BEEP
            CODE    6092H     000CH     UNIT         ?PR?IIC_RADIO_STOP?FM_RADIO
            CODE    609EH     000AH     UNIT         ?PR?I2C_STOP?OLED
            CODE    60A8H     0009H     UNIT         ?CO?ADC
            CODE    60B1H     0009H     UNIT         ?PR?_SETDISPLAYERAREA?DISPLAYER
            CODE    60BAH     0009H     UNIT         ?PR?GETBEEPTIMER?SYS
            CODE    60C3H     0009H     UNIT         ?PR?_SETBEEPTIMER?SYS
            CODE    60CCH     0009H     UNIT         ?PR?_SETIRRXD?IR
            CODE    60D5H     0009H     UNIT         ?PR?IIC_DELAY?OLED
            CODE    60DEH     0007H     UNIT         ?PR?GETSYSPERFORMANCE?SYS
            CODE    60E5H     0007H     UNIT         ?PR?RTC_READ?DS1302
            CODE    60ECH     0006H     UNIT         ?PR?ADC_ISR?ADC
            CODE    60F2H     0006H     UNIT         ?PR?_LEDPRINT?DISPLAYER
            CODE    60F8H     0006H     UNIT         ?PR?MYSTC_INIT?SYS
            CODE    60FEH     0006H     UNIT         ?PR?GETPLAYERMODE?MUSIC
            CODE    6104H     0003H     UNIT         ?PR?_?RET0FUNC?SYS
            CODE    6107H     0003H     UNIT         ?PR?CLRBEEPPIN?SYS
            CODE    610AH     0003H     UNIT         ?PR?GETIRRXNUM?IR



OVERLAY MAP OF MODULE:   .\output\BSP_Demo (MAIN)


SEGMENT                                      BIT_GROUP          DATA_GROUP 
  +--> CALLED SEGMENT                     START    LENGTH     START    LENGTH
-----------------------------------------------------------------------------
?C_C51STARTUP                             -----    -----      -----    -----
  +--> ?PR?MAIN?MAIN
  +--> ?C_INITSEG
BL51 BANKED LINKER/LOCATER V6.22                                                      07/27/2023  21:07:04  PAGE 5



?PR?MAIN?MAIN                             -----    -----      -----    -----
  +--> ?PR?KEYINIT?KEY
  +--> ?PR?BEEPINIT?BEEP
  +--> ?PR?OLED_INIT?OLED
  +--> ?PR?_ADCINIT?ADC
  +--> ?PR?DISPLAYERINIT?DISPLAYER
  +--> ?CO?MAIN
  +--> ?PR?DS1302INIT?DS1302
  +--> ?PR?FMRADIOINIT?FM_RADIO
  +--> ?PR?MUSICPLAYERINIT?MUSIC
  +--> ?PR?_IRINIT?IR
  +--> ?PR?VIBINIT?VIB
  +--> ?PR?MYKEY_CALLBACK?MAIN
  +--> ?PR?_SETEVENTCALLBACK?SYS
  +--> ?PR?MY100MS_CALLBACK?MAIN
  +--> ?PR?MYKN_CALLBACK?MAIN
  +--> ?PR?MYVIB_CALLBACK?MAIN
  +--> ?PR?INITIAL_INTERFACE?MAIN
  +--> ?PR?_SETDISPLAYERAREA?DISPLAYER
  +--> ?PR?MYSTC_INIT?SYS
  +--> ?PR?MYSTC_OS?SYS

?PR?KEYINIT?KEY                           -----    -----      -----    -----
  +--> ?PR?_?SYS_GET_KEYEVENT?KEY
  +--> ?PR?_?SYS_KEY_DRV?KEY

?PR?BEEPINIT?BEEP                         -----    -----      -----    -----
  +--> ?PR?CLRBEEPPIN?SYS
  +--> ?PR?_?SYS_BEEP_DRV?BEEP

?PR?_?SYS_BEEP_DRV?BEEP                   -----    -----      -----    -----
  +--> ?PR?GETBEEPTIMER?SYS
  +--> ?PR?_SETBEEPTIMER?SYS

?PR?OLED_INIT?OLED                        -----    -----      -----    -----
  +--> ?PR?_DELAY_MS?OLED
  +--> ?PR?_OLED_WR_BYTE?OLED
  +--> ?PR?OLED_CLEAR?OLED

?PR?_OLED_WR_BYTE?OLED                    -----    -----      -----    -----
  +--> ?PR?I2C_START?OLED
  +--> ?PR?_SEND_BYTE?OLED
  +--> ?PR?I2C_WAITACK?OLED
  +--> ?PR?I2C_STOP?OLED

?PR?I2C_START?OLED                        -----    -----      -----    -----
  +--> ?PR?IIC_DELAY?OLED

?PR?_SEND_BYTE?OLED                       -----    -----      -----    -----
  +--> ?PR?IIC_DELAY?OLED

?PR?I2C_WAITACK?OLED                      -----    -----      -----    -----
  +--> ?PR?IIC_DELAY?OLED

?PR?I2C_STOP?OLED                         -----    -----      -----    -----
  +--> ?PR?IIC_DELAY?OLED
BL51 BANKED LINKER/LOCATER V6.22                                                      07/27/2023  21:07:04  PAGE 6



?PR?OLED_CLEAR?OLED                       -----    -----      0025H    0001H
  +--> ?PR?_OLED_WR_BYTE?OLED

?PR?_ADCINIT?ADC                          -----    -----      -----    -----
  +--> ?PR?_?SYS_ADC_DRV?ADC
  +--> ?PR?_?SYS_GET_KNEVENT?ADC
  +--> ?PR?_?SYS_GET_EXTADCEVENT?ADC

?PR?_?SYS_ADC_DRV?ADC                     -----    -----      -----    -----
  +--> ?CO?ADC

?PR?DISPLAYERINIT?DISPLAYER               -----    -----      -----    -----
  +--> ?PR?_?SYS_DISPLAY_DRV?DISPLAYER

?PR?_?SYS_DISPLAY_DRV?DISPLAYER           -----    -----      -----    -----
  +--> ?CO?MAIN

?PR?DS1302INIT?DS1302                     -----    -----      0025H    0007H
  +--> ?PR?_DS1302READ?DS1302
  +--> ?PR?_DS1302WRITE?DS1302
  +--> ?PR?_NVM_READ?DS1302
  +--> ?PR?RTC_WRITE?DS1302
  +--> ?PR?_NVM_WRITE?DS1302
  +--> ?PR?_?SYS_DS1302_DRV?DS1302

?PR?_DS1302READ?DS1302                    -----    -----      -----    -----
  +--> ?PR?_DS1302WRITEBYTE?DS1302
  +--> ?PR?DS1302READBYTE?DS1302

?PR?_DS1302WRITE?DS1302                   -----    -----      -----    -----
  +--> ?PR?_DS1302WRITEBYTE?DS1302

?PR?_NVM_READ?DS1302                      -----    -----      -----    -----
  +--> ?PR?_DS1302READ?DS1302

?PR?RTC_WRITE?DS1302                      -----    -----      002CH    0007H

?PR?_NVM_WRITE?DS1302                     -----    -----      -----    -----
  +--> ?PR?_DS1302WRITE?DS1302

?PR?_?SYS_DS1302_DRV?DS1302               -----    -----      -----    -----
  +--> ?PR?_DS1302READ?DS1302
  +--> ?PR?_DS1302WRITE?DS1302

?PR?FMRADIOINIT?FM_RADIO                  -----    -----      0025H    0006H
  +--> ?PR?SETFMRADIO?FM_RADIO
  +--> ?PR?_?SYS_FMRADIO_DRV?FM_RADIO

?PR?SETFMRADIO?FM_RADIO                   -----    -----      0030H    0006H
  +--> ?PR?GETFMRADIO?FM_RADIO

?PR?GETFMRADIO?FM_RADIO                   -----    -----      0036H    0006H

?PR?_?SYS_FMRADIO_DRV?FM_RADIO            -----    -----      -----    -----
  +--> ?PR?IIC_RADIO_START?FM_RADIO
  +--> ?PR?_IIC_RADIO_WRITEBYTE?FM_RADIO
BL51 BANKED LINKER/LOCATER V6.22                                                      07/27/2023  21:07:04  PAGE 7


  +--> ?PR?IIC_RADIO_ACK?FM_RADIO
  +--> ?PR?IIC_RADIO_STOP?FM_RADIO

?PR?IIC_RADIO_START?FM_RADIO              -----    -----      -----    -----
  +--> ?PR?_DELAY?FM_RADIO

?PR?_IIC_RADIO_WRITEBYTE?FM_RADIO         -----    -----      -----    -----
  +--> ?PR?_DELAY?FM_RADIO

?PR?IIC_RADIO_ACK?FM_RADIO                -----    -----      -----    -----
  +--> ?PR?_DELAY?FM_RADIO

?PR?IIC_RADIO_STOP?FM_RADIO               -----    -----      -----    -----
  +--> ?PR?_DELAY?FM_RADIO

?PR?MUSICPLAYERINIT?MUSIC                 -----    -----      -----    -----
  +--> ?PR?_?SYS_MUSIC_DRV?MUSIC

?PR?_?SYS_MUSIC_DRV?MUSIC                 -----    -----      -----    -----
  +--> ?PR?GETBEEPSTATUS?BEEP
  +--> ?PR?_SEG7PRINT?DISPLAYER
  +--> ?PR?_LEDPRINT?DISPLAYER
  +--> ?PR?_PLAYTONE?MUSIC

?PR?GETBEEPSTATUS?BEEP                    -----    -----      -----    -----
  +--> ?PR?GETBEEPTIMER?SYS

?PR?_SEG7PRINT?DISPLAYER                  -----    -----      002DH    0008H

?PR?_PLAYTONE?MUSIC                       -----    -----      0025H    0006H
  +--> ?PR?GETBEEPSTATUS?BEEP
  +--> ?CO?MUSIC
  +--> ?PR?_SETBEEP?BEEP

?PR?_SETBEEP?BEEP                         -----    -----      0030H    0004H
  +--> ?PR?GETBEEPTIMER?SYS
  +--> ?PR?_SETBEEPTIMER?SYS
  +--> ?CO?MAIN
  +--> ?PR?_SETCCP0?SYS
  +--> ?PR?CLRBEEPPIN?SYS

?PR?VIBINIT?VIB                           -----    -----      -----    -----
  +--> ?PR?_?SYS_GET_SVEVENT?VIB
  +--> ?PR?_?SYS_SV_DRV?VIB

?PR?MYKEY_CALLBACK?MAIN                   -----    -----      0025H    0002H
  +--> ?PR?_GETKEYACT?KEY
  +--> ?PR?_SETBEEP?BEEP
  +--> ?PR?GETPLAYERMODE?MUSIC
  +--> ?CO?MAIN
  +--> ?PR?_SETMUSIC?MUSIC
  +--> ?PR?_SETPLAYERMODE?MUSIC
  +--> ?PR?_IRTXDSET?IR

?PR?_SETMUSIC?MUSIC                       -----    -----      0027H    0008H

?PR?_SETEVENTCALLBACK?SYS                 -----    -----      0025H    0003H
BL51 BANKED LINKER/LOCATER V6.22                                                      07/27/2023  21:07:04  PAGE 8



?PR?MY100MS_CALLBACK?MAIN                 -----    -----      0025H    0008H
  +--> ?PR?_SETBEEP?BEEP
  +--> ?CO?MAIN
  +--> ?PR?_OLED_SHOWSTRING?OLED
  +--> ?PR?_SEG7PRINT?DISPLAYER
  +--> ?PR?_LEDPRINT?DISPLAYER
  +--> ?PR?RTC_READ?DS1302
  +--> ?PR?GETADC?ADC
  +--> ?PR?_TEM_CALCULATE?MAIN
  +--> ?PR?GETFMRADIO?FM_RADIO
  +--> ?PR?GETPLAYERMODE?MUSIC

?PR?_OLED_SHOWSTRING?OLED                 -----    -----      002DH    0007H
  +--> ?PR?_OLED_SHOWCHAR?OLED

?PR?_OLED_SHOWCHAR?OLED                   -----    -----      0034H    000AH
  +--> ?PR?_OLED_SET_POS?OLED
  +--> ?CO?OLED
  +--> ?PR?_OLED_WR_BYTE?OLED

?PR?_OLED_SET_POS?OLED                    -----    -----      -----    -----
  +--> ?PR?_OLED_WR_BYTE?OLED

?PR?_TEM_CALCULATE?MAIN                   -----    -----      002DH    0008H
  +--> ?PR?LOG?LOG

?PR?LOG?LOG                               0024H.7  0000H.1    0035H    0004H

?PR?MYKN_CALLBACK?MAIN                    -----    -----      0025H    000BH
  +--> ?PR?_GETADCNAVACT?ADC
  +--> ?PR?_SETBEEP?BEEP
  +--> ?PR?GETFMRADIO?FM_RADIO
  +--> ?PR?SETFMRADIO?FM_RADIO

?PR?MYVIB_CALLBACK?MAIN                   -----    -----      -----    -----
  +--> ?PR?_SETBEEP?BEEP

?PR?INITIAL_INTERFACE?MAIN                -----    -----      -----    -----
  +--> ?CO?MAIN
  +--> ?PR?_OLED_DRAWBMP?OLED
  +--> ?PR?_OLED_SHOWSTRING?OLED

?PR?_OLED_DRAWBMP?OLED                    -----    -----      0025H    000BH
  +--> ?PR?_OLED_SET_POS?OLED
  +--> ?PR?_OLED_WR_BYTE?OLED

?PR?MYSTC_INIT?SYS                        -----    -----      -----    -----
  +--> ?PR?SYS_TIMER0_INIT?SYS

?PR?SYS_TIMER0_INIT?SYS                   -----    -----      -----    -----
  +--> ?CO?MAIN

?PR?MYSTC_OS?SYS                          -----    -----      -----    -----
  +--> ?PR?SYS_TASK_IR?SYS
  +--> ?PR?SYS_TASK_1MS?SYS
  +--> ?PR?SYS_TASK_10MS?SYS
BL51 BANKED LINKER/LOCATER V6.22                                                      07/27/2023  21:07:04  PAGE 9


  +--> ?PR?SYS_TASK_100MS?SYS
  +--> ?PR?SYS_TASK_1S?SYS

?C_INITSEG                                -----    -----      -----    -----
  +--> ?PR?_?NULLFUNC?SYS
  +--> ?PR?_?RET0FUNC?SYS



SYMBOL TABLE OF MODULE:  .\output\BSP_Demo (MAIN)

  VALUE           TYPE          NAME
  ----------------------------------

  -------         MODULE        MAIN
  C:0000H         SYMBOL        _ICE_DUMMY_
  C:3279H         PUBLIC        radio_origin
  D:0080H         PUBLIC        P0
  B:0020H.0       PUBLIC        temperature_change
  D:0090H         PUBLIC        P1
  D:00A0H         PUBLIC        P2
  D:00B0H         PUBLIC        P3
  D:00C0H         PUBLIC        P4
  B:0020H.1       PUBLIC        timer_second
  D:00C8H         PUBLIC        P5
  D:00E8H         PUBLIC        P6
  D:00F8H         PUBLIC        P7
  D:0008H         PUBLIC        previous_state
  B:0020H.2       PUBLIC        temperature_mode_change
  D:00A8H         PUBLIC        IE
  B:0020H.3       PUBLIC        FM_volume
  C:2A87H         PUBLIC        BMP0
  C:39E4H         PUBLIC        myKN_callback
  D:0009H         PUBLIC        clock_mode
  D:00B8H         PUBLIC        IP
  D:000AH         PUBLIC        light_intensity_lowerlimit
  B:0020H.4       PUBLIC        timer_minute
  C:2EA0H         PUBLIC        song_TruE
  D:000BH         PUBLIC        light_intensity_upperlimit
  C:5FA6H         PUBLIC        myVib_callback
  D:000CH         PUBLIC        timer
  D:000EH         PUBLIC        state
  D:00D8H         PUBLIC        CCON
  C:4556H         PUBLIC        myKey_callback
  C:528FH         PUBLIC        main
  C:3230H         PUBLIC        mode
  B:0020H.5       PUBLIC        FM_mutex
  D:000FH         PUBLIC        count
  C:31EDH         PUBLIC        SysClock
  B:0020H.6       PUBLIC        temperature_lowerlimit_change
  B:0020H.7       PUBLIC        temperature_upperlimit_change
  B:0021H.0       PUBLIC        light_intensity_change
  D:0098H         PUBLIC        SCON
  D:0088H         PUBLIC        TCON
  C:3272H         PUBLIC        rtc_origin
  C:2D87H         PUBLIC        song
  B:0021H.1       PUBLIC        light_intensity_mode_change
BL51 BANKED LINKER/LOCATER V6.22                                                      07/27/2023  21:07:04  PAGE 10


  B:0021H.2       PUBLIC        temperature_mode
  B:0021H.3       PUBLIC        key_flag
  C:3246H         PUBLIC        next_mode
  D:0010H         PUBLIC        rtc
  C:325CH         PUBLIC        controller
  B:0021H.4       PUBLIC        FM_frequency
  C:1FAEH         PUBLIC        my100mS_callback
  C:31F1H         PUBLIC        decode_table
  B:0021H.5       PUBLIC        timer_run
  C:5169H         PUBLIC        _tem_calculate
  D:0017H         PUBLIC        time1
  D:0019H         PUBLIC        time2
  B:0021H.6       PUBLIC        light_intensity_lowerlimit_change
  D:001BH         PUBLIC        temperature_lowerlimit
  C:5CFBH         PUBLIC        Initial_interface
  B:0021H.7       PUBLIC        light_intensity_upperlimit_change
  D:001DH         PUBLIC        vib_old_state
  D:001EH         PUBLIC        temperature_upperlimit
  B:0022H.0       PUBLIC        transfer
  B:0022H.1       PUBLIC        timer_change
  B:0022H.2       PUBLIC        light_intensity_mode
  B:0022H.3       PUBLIC        stopwatch_1
  B:0022H.4       PUBLIC        stopwatch_2
  D:00D0H         PUBLIC        PSW
  -------         PROC          MAIN
  C:528FH         LINE#         71
  C:528FH         LINE#         72
  C:528FH         LINE#         75
  C:5292H         LINE#         76
  C:5295H         LINE#         77
  C:5298H         LINE#         78
  C:529DH         LINE#         79
  C:52A0H         LINE#         80
  C:52B6H         LINE#         81
  C:52CCH         LINE#         82
  C:52CFH         LINE#         83
  C:52D4H         LINE#         84
  C:52D7H         LINE#         88
  C:52E2H         LINE#         89
  C:52EDH         LINE#         90
  C:52F8H         LINE#         91
  C:5303H         LINE#         97
  C:5306H         LINE#         98
  C:5308H         LINE#         99
  C:530AH         LINE#         100
  C:530DH         LINE#         101
  C:5314H         LINE#         105
  C:5317H         LINE#         106
  C:5317H         LINE#         107
  C:5317H         LINE#         108
  C:531AH         LINE#         110
  -------         ENDPROC       MAIN
  -------         PROC          INITIAL_INTERFACE
  C:5CFBH         LINE#         114
  C:5CFBH         LINE#         115
  C:5CFBH         LINE#         116
  C:5D0FH         LINE#         117
BL51 BANKED LINKER/LOCATER V6.22                                                      07/27/2023  21:07:04  PAGE 11


  C:5D1FH         LINE#         118
  C:5D22H         LINE#         119
  -------         ENDPROC       INITIAL_INTERFACE
  -------         PROC          MYKN_CALLBACK
  -------         DO            
  D:0025H         SYMBOL        K3
  D:0026H         SYMBOL        up
  D:0027H         SYMBOL        down
  D:0028H         SYMBOL        left
  D:0029H         SYMBOL        right
  -------         DO            
  D:002AH         SYMBOL        radio
  -------         ENDDO         
  -------         ENDDO         
  C:39E4H         LINE#         122
  C:39E4H         LINE#         123
  C:39E4H         LINE#         124
  C:39EBH         LINE#         125
  C:39F2H         LINE#         126
  C:39F9H         LINE#         127
  C:3A00H         LINE#         128
  C:3A07H         LINE#         131
  C:3A0CH         LINE#         132
  C:3A0CH         LINE#         133
  C:3A11H         LINE#         134
  C:3A11H         LINE#         135
  C:3A13H         LINE#         136
  C:3A1BH         LINE#         137
  C:3A26H         LINE#         138
  C:3A26H         LINE#         139
  C:3A26H         LINE#         142
  C:3A35H         LINE#         143
  C:3A35H         LINE#         144
  C:3A3AH         LINE#         145
  C:3A3AH         LINE#         146
  C:3A47H         LINE#         147
  C:3A55H         LINE#         148
  C:3A55H         LINE#         149
  C:3A57H         LINE#         150
  C:3A5DH         LINE#         151
  C:3A5DH         LINE#         152
  C:3A7DH         LINE#         153
  C:3AA6H         LINE#         154
  C:3AB1H         LINE#         155
  C:3AB1H         LINE#         156
  C:3AB6H         LINE#         157
  C:3AB6H         LINE#         158
  C:3ABDH         LINE#         159
  C:3AC8H         LINE#         160
  C:3AC8H         LINE#         161
  C:3ACDH         LINE#         162
  C:3ACDH         LINE#         163
  C:3AD4H         LINE#         164
  C:3ADFH         LINE#         165
  C:3ADFH         LINE#         166
  C:3ADFH         LINE#         169
  C:3AE7H         LINE#         170
BL51 BANKED LINKER/LOCATER V6.22                                                      07/27/2023  21:07:04  PAGE 12


  C:3AE7H         LINE#         171
  C:3AECH         LINE#         172
  C:3AECH         LINE#         173
  C:3AEEH         LINE#         174
  C:3AEEH         LINE#         175
  C:3AEEH         LINE#         178
  C:3AFDH         LINE#         179
  C:3AFDH         LINE#         180
  C:3B03H         LINE#         181
  C:3B03H         LINE#         182
  C:3B06H         LINE#         183
  C:3B06H         LINE#         184
  C:3B2AH         LINE#         185
  C:3B2CH         LINE#         186
  C:3B2FH         LINE#         187
  C:3B2FH         LINE#         188
  C:3B4AH         LINE#         189
  C:3B4CH         LINE#         190
  C:3B4FH         LINE#         191
  C:3B4FH         LINE#         192
  C:3B51H         LINE#         193
  C:3B51H         LINE#         194
  C:3B51H         LINE#         195
  C:3B53H         LINE#         196
  C:3B59H         LINE#         197
  C:3B59H         LINE#         198
  C:3B5CH         LINE#         199
  C:3B5CH         LINE#         200
  C:3B68H         LINE#         201
  C:3B6AH         LINE#         202
  C:3B6DH         LINE#         203
  C:3B6DH         LINE#         204
  C:3B7FH         LINE#         205
  C:3B81H         LINE#         206
  C:3B84H         LINE#         207
  C:3B84H         LINE#         208
  C:3B86H         LINE#         209
  C:3B86H         LINE#         210
  C:3B91H         LINE#         211
  C:3B91H         LINE#         212
  C:3B96H         LINE#         213
  C:3B96H         LINE#         214
  C:3B99H         LINE#         215
  C:3B99H         LINE#         216
  C:3B9BH         LINE#         217
  C:3B9DH         LINE#         218
  C:3B9DH         LINE#         219
  C:3BA0H         LINE#         220
  C:3BA0H         LINE#         221
  C:3BA2H         LINE#         222
  C:3BA4H         LINE#         223
  C:3BA4H         LINE#         224
  C:3BAFH         LINE#         225
  C:3BAFH         LINE#         226
  C:3BB4H         LINE#         227
  C:3BB4H         LINE#         228
  C:3BB7H         LINE#         229
BL51 BANKED LINKER/LOCATER V6.22                                                      07/27/2023  21:07:04  PAGE 13


  C:3BB7H         LINE#         230
  C:3BB9H         LINE#         231
  C:3BBBH         LINE#         232
  C:3BBBH         LINE#         233
  C:3BBEH         LINE#         234
  C:3BBEH         LINE#         235
  C:3BC0H         LINE#         236
  C:3BC2H         LINE#         237
  C:3BC2H         LINE#         238
  C:3BCDH         LINE#         239
  C:3BCDH         LINE#         240
  C:3BCDH         LINE#         243
  C:3BDCH         LINE#         244
  C:3BDCH         LINE#         245
  C:3BE2H         LINE#         246
  C:3BE2H         LINE#         247
  C:3BE5H         LINE#         248
  C:3BE5H         LINE#         249
  C:3BFFH         LINE#         250
  C:3C01H         LINE#         251
  C:3C04H         LINE#         252
  C:3C04H         LINE#         253
  C:3C1EH         LINE#         254
  C:3C20H         LINE#         255
  C:3C23H         LINE#         256
  C:3C23H         LINE#         257
  C:3C25H         LINE#         258
  C:3C25H         LINE#         259
  C:3C25H         LINE#         260
  C:3C27H         LINE#         261
  C:3C2DH         LINE#         262
  C:3C2DH         LINE#         263
  C:3C30H         LINE#         264
  C:3C30H         LINE#         265
  C:3C4BH         LINE#         266
  C:3C4DH         LINE#         267
  C:3C50H         LINE#         268
  C:3C50H         LINE#         269
  C:3C6BH         LINE#         270
  C:3C6DH         LINE#         271
  C:3C70H         LINE#         272
  C:3C70H         LINE#         273
  C:3C72H         LINE#         274
  C:3C72H         LINE#         275
  C:3C7DH         LINE#         276
  C:3C7DH         LINE#         277
  C:3C82H         LINE#         278
  C:3C82H         LINE#         279
  C:3C85H         LINE#         280
  C:3C85H         LINE#         281
  C:3C87H         LINE#         282
  C:3C89H         LINE#         283
  C:3C89H         LINE#         284
  C:3C8CH         LINE#         285
  C:3C8CH         LINE#         286
  C:3C8EH         LINE#         287
  C:3C90H         LINE#         288
BL51 BANKED LINKER/LOCATER V6.22                                                      07/27/2023  21:07:04  PAGE 14


  C:3C90H         LINE#         289
  C:3C9BH         LINE#         290
  C:3C9BH         LINE#         291
  C:3CA0H         LINE#         292
  C:3CA0H         LINE#         293
  C:3CA3H         LINE#         294
  C:3CA3H         LINE#         295
  C:3CA5H         LINE#         296
  C:3CA7H         LINE#         297
  C:3CA7H         LINE#         298
  C:3CAAH         LINE#         299
  C:3CAAH         LINE#         300
  C:3CACH         LINE#         301
  C:3CAEH         LINE#         302
  C:3CAEH         LINE#         303
  C:3CB9H         LINE#         304
  C:3CB9H         LINE#         305
  C:3CB9H         LINE#         308
  C:3CBFH         LINE#         309
  C:3CBFH         LINE#         310
  C:3CC7H         LINE#         311
  C:3CC7H         LINE#         312
  C:3CC9H         LINE#         313
  C:3CCBH         LINE#         314
  C:3CCBH         LINE#         315
  C:3CCDH         LINE#         316
  C:3CD8H         LINE#         317
  C:3CD8H         LINE#         318
  C:3CDAH         LINE#         319
  C:3CDCH         LINE#         320
  C:3CE7H         LINE#         321
  C:3CE7H         LINE#         322
  C:3CE7H         LINE#         326
  C:3CF0H         LINE#         327
  C:3CF0H         LINE#         329
  C:3CFBH         LINE#         330
  C:3D0AH         LINE#         331
  C:3D19H         LINE#         332
  C:3D28H         LINE#         333
  C:3D37H         LINE#         334
  C:3D3CH         LINE#         335
  C:3D3CH         LINE#         336
  C:3D49H         LINE#         337
  C:3D4EH         LINE#         338
  C:3D4EH         LINE#         339
  C:3D50H         LINE#         340
  C:3D55H         LINE#         341
  C:3D55H         LINE#         342
  C:3D62H         LINE#         343
  C:3D67H         LINE#         344
  C:3D72H         LINE#         345
  C:3D72H         LINE#         346
  C:3D88H         LINE#         347
  C:3D88H         LINE#         349
  -------         ENDPROC       MYKN_CALLBACK
  -------         PROC          MYKEY_CALLBACK
  -------         DO            
BL51 BANKED LINKER/LOCATER V6.22                                                      07/27/2023  21:07:04  PAGE 15


  D:0025H         SYMBOL        K1
  D:0026H         SYMBOL        K2
  -------         ENDDO         
  C:4556H         LINE#         353
  C:4556H         LINE#         354
  C:4556H         LINE#         355
  C:455DH         LINE#         356
  C:4564H         LINE#         365
  C:4568H         LINE#         366
  C:4568H         LINE#         367
  C:4570H         LINE#         368
  C:4570H         LINE#         369
  C:4573H         LINE#         370
  C:4576H         LINE#         371
  C:4578H         LINE#         372
  C:457AH         LINE#         373
  C:4583H         LINE#         374
  C:4583H         LINE#         375
  C:4594H         LINE#         376
  C:4594H         LINE#         377
  C:4597H         LINE#         378
  C:459CH         LINE#         379
  C:459EH         LINE#         380
  C:45A0H         LINE#         382
  C:45A0H         LINE#         383
  C:45A3H         LINE#         384
  C:45A6H         LINE#         385
  C:45A8H         LINE#         386
  C:45A8H         LINE#         387
  C:45AAH         LINE#         388
  C:45AAH         LINE#         389
  C:45ACH         LINE#         390
  C:45B0H         LINE#         391
  C:45B0H         LINE#         392
  C:45B5H         LINE#         393
  C:45B5H         LINE#         394
  C:45B8H         LINE#         395
  C:45B8H         LINE#         396
  C:45B8H         LINE#         399
  C:45BDH         LINE#         400
  C:45BDH         LINE#         401
  C:45C2H         LINE#         402
  C:45C2H         LINE#         403
  C:45CFH         LINE#         404
  C:45D2H         LINE#         405
  C:45D2H         LINE#         406
  C:45D2H         LINE#         409
  C:45D7H         LINE#         410
  C:45D7H         LINE#         411
  C:45DCH         LINE#         412
  C:45DCH         LINE#         413
  C:45DEH         LINE#         414
  C:45E6H         LINE#         415
  C:45F1H         LINE#         416
  C:45F1H         LINE#         417
  C:45F1H         LINE#         420
  C:45F9H         LINE#         421
BL51 BANKED LINKER/LOCATER V6.22                                                      07/27/2023  21:07:04  PAGE 16


  C:45F9H         LINE#         422
  C:45FEH         LINE#         423
  C:45FEH         LINE#         424
  C:4603H         LINE#         425
  C:4605H         LINE#         426
  C:4605H         LINE#         427
  C:4605H         LINE#         430
  C:460AH         LINE#         431
  C:460AH         LINE#         432
  C:460FH         LINE#         433
  C:460FH         LINE#         434
  C:4611H         LINE#         435
  C:4613H         LINE#         436
  C:4613H         LINE#         437
  C:4613H         LINE#         440
  C:4618H         LINE#         441
  C:4618H         LINE#         442
  C:461DH         LINE#         443
  C:461DH         LINE#         444
  C:461FH         LINE#         445
  C:4621H         LINE#         446
  C:4621H         LINE#         447
  C:4621H         LINE#         450
  C:4627H         LINE#         451
  C:4627H         LINE#         452
  C:462FH         LINE#         453
  C:462FH         LINE#         454
  C:4631H         LINE#         455
  C:4633H         LINE#         456
  C:4633H         LINE#         457
  C:4635H         LINE#         458
  C:4640H         LINE#         459
  C:4640H         LINE#         460
  C:4642H         LINE#         461
  C:4644H         LINE#         462
  C:464FH         LINE#         463
  C:464FH         LINE#         464
  C:464FH         LINE#         467
  C:4655H         LINE#         468
  C:4655H         LINE#         469
  C:4660H         LINE#         470
  C:4660H         LINE#         471
  C:4676H         LINE#         472
  C:4676H         LINE#         473
  C:4678H         LINE#         474
  C:4683H         LINE#         475
  C:4683H         LINE#         476
  C:4685H         LINE#         477
  C:4687H         LINE#         478
  C:4692H         LINE#         479
  C:4692H         LINE#         480
  C:4697H         LINE#         481
  C:4697H         LINE#         482
  C:4697H         LINE#         485
  C:46ABH         LINE#         486
  C:46B0H         LINE#         489
  C:46B5H         LINE#         490
BL51 BANKED LINKER/LOCATER V6.22                                                      07/27/2023  21:07:04  PAGE 17


  C:46B5H         LINE#         491
  C:46BAH         LINE#         492
  C:46BAH         LINE#         493
  C:46D3H         LINE#         494
  C:46D3H         LINE#         495
  C:46D3H         LINE#         496
  -------         ENDPROC       MYKEY_CALLBACK
  -------         PROC          MY100MS_CALLBACK
  -------         DO            
  D:0025H         SYMBOL        a
  -------         ENDDO         
  -------         DO            
  D:0025H         SYMBOL        weekday
  -------         ENDDO         
  -------         DO            
  D:0025H         SYMBOL        d0
  D:0026H         SYMBOL        d1
  D:0027H         SYMBOL        d2
  D:0028H         SYMBOL        d3
  D:0029H         SYMBOL        d4
  D:002AH         SYMBOL        d5
  D:002BH         SYMBOL        d6
  D:002CH         SYMBOL        d7
  D:0025H         SYMBOL        num
  D:0025H         SYMBOL        tem_adc
  D:0027H         SYMBOL        tem
  D:0025H         SYMBOL        frequency
  D:0027H         SYMBOL        volume
  D:0028H         SYMBOL        fre0
  D:0029H         SYMBOL        fre1
  D:002AH         SYMBOL        fre2
  D:002BH         SYMBOL        vol0
  D:002CH         SYMBOL        vol1
  -------         ENDDO         
  -------         DO            
  D:0025H         SYMBOL        num
  D:0025H         SYMBOL        tem_adc
  D:0027H         SYMBOL        tem
  D:0025H         SYMBOL        frequency
  D:0027H         SYMBOL        volume
  D:0028H         SYMBOL        fre0
  D:0029H         SYMBOL        fre1
  D:002AH         SYMBOL        fre2
  D:002BH         SYMBOL        vol0
  D:002CH         SYMBOL        vol1
  -------         ENDDO         
  -------         DO            
  D:0025H         SYMBOL        tem_adc
  D:0027H         SYMBOL        tem
  D:0025H         SYMBOL        frequency
  D:0027H         SYMBOL        volume
  D:0028H         SYMBOL        fre0
  D:0029H         SYMBOL        fre1
  D:002AH         SYMBOL        fre2
  D:002BH         SYMBOL        vol0
  D:002CH         SYMBOL        vol1
  -------         ENDDO         
BL51 BANKED LINKER/LOCATER V6.22                                                      07/27/2023  21:07:04  PAGE 18


  -------         DO            
  D:0025H         SYMBOL        frequency
  D:0027H         SYMBOL        volume
  D:0028H         SYMBOL        fre0
  D:0029H         SYMBOL        fre1
  D:002AH         SYMBOL        fre2
  D:002BH         SYMBOL        vol0
  D:002CH         SYMBOL        vol1
  -------         ENDDO         
  C:1FAEH         LINE#         502
  C:1FAEH         LINE#         503
  C:1FAEH         LINE#         506
  C:1FB9H         LINE#         507
  C:1FC4H         LINE#         510
  C:1FCFH         LINE#         511
  C:1FD5H         LINE#         512
  C:1FD5H         LINE#         513
  C:1FD7H         LINE#         514
  C:1FE1H         LINE#         515
  C:1FE7H         LINE#         517
  C:1FE7H         LINE#         519
  C:2019H         LINE#         520
  C:2019H         LINE#         524
  C:2019H         LINE#         525
  C:2019H         LINE#         526
  C:202EH         LINE#         527
  C:2031H         LINE#         528
  C:2031H         LINE#         532
  C:2031H         LINE#         533
  C:2031H         LINE#         534
  C:2034H         LINE#         535
  C:2034H         LINE#         536
  C:2044H         LINE#         537
  C:2046H         LINE#         538
  C:2046H         LINE#         539
  C:2079H         LINE#         540
  C:207BH         LINE#         541
  C:207DH         LINE#         542
  C:207DH         LINE#         546
  C:207DH         LINE#         547
  C:207DH         LINE#         549
  C:2095H         LINE#         551
  C:209FH         LINE#         552
  C:20A2H         LINE#         553
  C:20A7H         LINE#         554
  C:20A7H         LINE#         555
  C:20A7H         LINE#         560
  C:20A7H         LINE#         561
  C:20A7H         LINE#         562
  C:20B7H         LINE#         563
  C:20C6H         LINE#         564
  C:20C6H         LINE#         565
  C:20C6H         LINE#         566
  C:20C6H         LINE#         567
  C:20F0H         LINE#         568
  C:20F3H         LINE#         569
  C:20F3H         LINE#         570
BL51 BANKED LINKER/LOCATER V6.22                                                      07/27/2023  21:07:04  PAGE 19


  C:20F3H         LINE#         571
  C:20F3H         LINE#         572
  C:211DH         LINE#         573
  C:2120H         LINE#         574
  C:2120H         LINE#         575
  C:2120H         LINE#         576
  C:2120H         LINE#         577
  C:2123H         LINE#         578
  C:2151H         LINE#         579
  C:2151H         LINE#         580
  C:2169H         LINE#         581
  C:2181H         LINE#         582
  C:2199H         LINE#         583
  C:21B1H         LINE#         584
  C:21C9H         LINE#         585
  C:21E1H         LINE#         586
  C:21F9H         LINE#         587
  C:21F9H         LINE#         588
  C:21F9H         LINE#         589
  C:21F9H         LINE#         590
  C:21F9H         LINE#         592
  C:21F9H         LINE#         593
  C:21F9H         LINE#         598
  C:21F9H         LINE#         599
  C:21F9H         LINE#         602
  C:2214H         LINE#         603
  C:222FH         LINE#         604
  C:2246H         LINE#         605
  C:2253H         LINE#         607
  C:226EH         LINE#         608
  C:2289H         LINE#         609
  C:22A0H         LINE#         610
  C:22ADH         LINE#         612
  C:22C2H         LINE#         614
  C:22C5H         LINE#         615
  C:22C5H         LINE#         619
  C:22C5H         LINE#         620
  C:22C5H         LINE#         621
  C:22C7H         LINE#         622
  C:22D0H         LINE#         623
  C:22D0H         LINE#         624
  C:22D0H         LINE#         625
  C:22D2H         LINE#         627
  C:22D2H         LINE#         628
  C:22D8H         LINE#         629
  C:22D8H         LINE#         630
  C:2378H         LINE#         631
  C:2415H         LINE#         632
  C:2418H         LINE#         633
  C:241BH         LINE#         634
  C:241BH         LINE#         635
  C:247BH         LINE#         636
  C:247DH         LINE#         637
  C:2480H         LINE#         638
  C:2480H         LINE#         639
  C:24C9H         LINE#         640
  C:24C9H         LINE#         641
BL51 BANKED LINKER/LOCATER V6.22                                                      07/27/2023  21:07:04  PAGE 20


  C:24C9H         LINE#         642
  C:24D5H         LINE#         643
  C:24D8H         LINE#         644
  C:24D8H         LINE#         648
  C:24D8H         LINE#         649
  C:24D8H         LINE#         650
  C:24EAH         LINE#         652
  C:24EDH         LINE#         653
  C:24EDH         LINE#         654
  C:252BH         LINE#         655
  C:253BH         LINE#         656
  C:253BH         LINE#         657
  C:253BH         LINE#         658
  C:253EH         LINE#         659
  C:2551H         LINE#         660
  C:2551H         LINE#         661
  C:2551H         LINE#         662
  C:2551H         LINE#         663
  C:2554H         LINE#         664
  C:255AH         LINE#         665
  C:255AH         LINE#         666
  C:255CH         LINE#         668
  C:2565H         LINE#         669
  C:2565H         LINE#         670
  C:25C9H         LINE#         678
  C:25CCH         LINE#         680
  C:25CCH         LINE#         681
  C:25CFH         LINE#         682
  C:25CFH         LINE#         683
  C:260DH         LINE#         689
  C:2610H         LINE#         690
  C:2613H         LINE#         691
  C:2613H         LINE#         692
  C:2651H         LINE#         698
  C:2653H         LINE#         699
  C:2656H         LINE#         700
  C:2656H         LINE#         701
  C:26BAH         LINE#         709
  C:26BAH         LINE#         710
  C:26BAH         LINE#         711
  C:26C6H         LINE#         712
  C:26C6H         LINE#         714
  C:26C9H         LINE#         715
  C:26C9H         LINE#         719
  C:26C9H         LINE#         720
  C:26C9H         LINE#         721
  C:26DBH         LINE#         722
  C:26E5H         LINE#         724
  C:26EBH         LINE#         725
  C:26EBH         LINE#         726
  C:2730H         LINE#         728
  C:2744H         LINE#         729
  C:2744H         LINE#         730
  C:274CH         LINE#         731
  C:274EH         LINE#         732
  C:2765H         LINE#         733
  C:2765H         LINE#         734
BL51 BANKED LINKER/LOCATER V6.22                                                      07/27/2023  21:07:04  PAGE 21


  C:2770H         LINE#         735
  C:2770H         LINE#         736
  C:2770H         LINE#         737
  C:2776H         LINE#         738
  C:2776H         LINE#         739
  C:2778H         LINE#         741
  C:2784H         LINE#         742
  C:2784H         LINE#         743
  C:2805H         LINE#         751
  C:2808H         LINE#         753
  C:2808H         LINE#         754
  C:280BH         LINE#         755
  C:280BH         LINE#         756
  C:2858H         LINE#         762
  C:285BH         LINE#         763
  C:285EH         LINE#         764
  C:285EH         LINE#         765
  C:28ACH         LINE#         771
  C:28AFH         LINE#         772
  C:28B5H         LINE#         773
  C:28B5H         LINE#         774
  C:2932H         LINE#         782
  C:2932H         LINE#         783
  C:2932H         LINE#         784
  C:293EH         LINE#         785
  C:293EH         LINE#         787
  C:2941H         LINE#         788
  C:2941H         LINE#         793
  C:2941H         LINE#         794
  C:2941H         LINE#         795
  C:294CH         LINE#         796
  C:295BH         LINE#         798
  C:2968H         LINE#         799
  C:297FH         LINE#         800
  C:299AH         LINE#         801
  C:29A3H         LINE#         802
  C:29B0H         LINE#         803
  C:29B2H         LINE#         804
  C:29BBH         LINE#         805
  C:29BBH         LINE#         806
  C:29BBH         LINE#         807
  C:29BDH         LINE#         809
  C:29BDH         LINE#         810
  C:29C3H         LINE#         811
  C:29C3H         LINE#         812
  C:29D2H         LINE#         813
  C:29D4H         LINE#         814
  C:29D7H         LINE#         815
  C:29D7H         LINE#         816
  C:29EAH         LINE#         817
  C:29ECH         LINE#         818
  C:29EFH         LINE#         819
  C:29EFH         LINE#         820
  C:2A07H         LINE#         821
  C:2A07H         LINE#         822
  C:2A07H         LINE#         823
  C:2A13H         LINE#         824
BL51 BANKED LINKER/LOCATER V6.22                                                      07/27/2023  21:07:04  PAGE 22


  C:2A14H         LINE#         825
  C:2A14H         LINE#         829
  C:2A14H         LINE#         830
  C:2A14H         LINE#         831
  C:2A32H         LINE#         832
  C:2A4FH         LINE#         833
  C:2A51H         LINE#         834
  C:2A51H         LINE#         838
  C:2A51H         LINE#         839
  C:2A51H         LINE#         840
  C:2A69H         LINE#         841
  C:2A69H         LINE#         842
  C:2A69H         LINE#         845
  C:2A69H         LINE#         846
  C:2A69H         LINE#         848
  C:2A69H         LINE#         849
  C:2A69H         LINE#         851
  C:2A69H         LINE#         853
  -------         ENDPROC       MY100MS_CALLBACK
  -------         PROC          MYVIB_CALLBACK
  C:5FA6H         LINE#         856
  C:5FA6H         LINE#         857
  C:5FA6H         LINE#         858
  C:5FACH         LINE#         859
  C:5FAFH         LINE#         860
  -------         ENDPROC       MYVIB_CALLBACK
  -------         PROC          _TEM_CALCULATE
  D:0006H         SYMBOL        tem_adc
  -------         DO            
  D:002DH         SYMBOL        vccx
  D:0004H         SYMBOL        lnx
  D:0031H         SYMBOL        tem
  D:0004H         SYMBOL        tem10
  D:0006H         SYMBOL        ans
  -------         ENDDO         
  C:5169H         LINE#         864
  C:5169H         LINE#         865
  C:5169H         LINE#         866
  C:5183H         LINE#         867
  C:51ABH         LINE#         868
  C:51E6H         LINE#         869
  C:51F8H         LINE#         870
  C:51FBH         LINE#         871
  C:51FBH         LINE#         872
  -------         ENDPROC       _TEM_CALCULATE
  -------         ENDMOD        MAIN

  -------         MODULE        ADC
  C:0000H         SYMBOL        _ICE_DUMMY_
  D:0080H         PUBLIC        P0
  D:0090H         PUBLIC        P1
  D:00A0H         PUBLIC        P2
  C:604EH         PUBLIC        _?sys_get_KNEvent
  D:006FH         PUBLIC        sys_EXTADCEvent
  D:00B0H         PUBLIC        P3
  D:00C0H         PUBLIC        P4
  D:00C8H         PUBLIC        P5
BL51 BANKED LINKER/LOCATER V6.22                                                      07/27/2023  21:07:04  PAGE 23


  D:00E8H         PUBLIC        P6
  D:00F8H         PUBLIC        P7
  B:00A8H.5       PUBLIC        EADC
  D:00A8H         PUBLIC        IE
  D:00BDH         PUBLIC        ADC_RES
  D:00B8H         PUBLIC        IP
  D:0097H         PUBLIC        CLK_DIV
  C:5BE7H         PUBLIC        _AdcInit
  D:00D8H         PUBLIC        CCON
  C:605CH         PUBLIC        _?sys_get_EXTADCEvent
  X:0270H         PUBLIC        AD_res
  D:00BCH         PUBLIC        ADC_CONTR
  D:0098H         PUBLIC        SCON
  D:0088H         PUBLIC        TCON
  C:43AAH         PUBLIC        _?sys_ADC_drv
  B:0024H.4       PUBLIC        flag_ADC
  X:027AH         PUBLIC        sys_KN
  D:009DH         PUBLIC        P1ASF
  D:0070H         PUBLIC        sys_KNEvent
  D:00BEH         PUBLIC        ADC_RESL
  C:0003H         PUBLIC        GetADC
  C:59E3H         PUBLIC        _GetAdcNavAct
  C:60ECH         PUBLIC        ADC_isr
  D:00D0H         PUBLIC        PSW
  -------         PROC          ADC_ISR
  C:60ECH         LINE#         26
  C:60ECH         LINE#         27
  C:60EFH         LINE#         28
  C:60F1H         LINE#         29
  -------         ENDPROC       ADC_ISR
  -------         PROC          _?SYS_ADC_DRV
  -------         DO            
  X:026EH         SYMBOL        pc
  X:026FH         SYMBOL        counter
  i:0000H         SYMBOL        i
  C:60A8H         SYMBOL        ADC_ch
  -------         ENDDO         
  C:43AAH         LINE#         31
  C:43ACH         LINE#         35
  C:43B2H         LINE#         36
  C:43B4H         LINE#         37
  C:43E2H         LINE#         38
  C:43E2H         LINE#         39
  C:43E2H         LINE#         40
  C:43F2H         LINE#         41
  C:43F4H         LINE#         42
  C:43F4H         LINE#         43
  C:43F4H         LINE#         44
  C:4408H         LINE#         45
  C:440BH         LINE#         46
  C:440EH         LINE#         47
  C:441EH         LINE#         48
  C:4420H         LINE#         49
  C:4434H         LINE#         50
  C:4437H         LINE#         51
  C:444BH         LINE#         52
  C:445EH         LINE#         53
BL51 BANKED LINKER/LOCATER V6.22                                                      07/27/2023  21:07:04  PAGE 24


  C:4476H         LINE#         54
  C:4481H         LINE#         55
  C:4484H         LINE#         56
  C:4494H         LINE#         57
  C:44A8H         LINE#         58
  C:44BDH         LINE#         59
  C:44CEH         LINE#         60
  C:44D0H         LINE#         61
  C:44D0H         LINE#         62
  C:44D2H         LINE#         64
  C:44E9H         LINE#         65
  C:44FAH         LINE#         66
  C:44FDH         LINE#         67
  C:44FDH         LINE#         68
  C:44FDH         LINE#         69
  C:4520H         LINE#         70
  C:4531H         LINE#         71
  C:4535H         LINE#         72
  C:4535H         LINE#         73
  C:4535H         LINE#         74
  C:453BH         LINE#         75
  C:453BH         LINE#         76
  C:453BH         LINE#         77
  C:4547H         LINE#         78
  C:4553H         LINE#         79
  C:4553H         LINE#         80
  -------         ENDPROC       _?SYS_ADC_DRV
  -------         PROC          _?SYS_GET_KNEVENT
  -------         DO            
  i:0000H         SYMBOL        a
  -------         ENDDO         
  C:604EH         LINE#         82
  C:6050H         LINE#         84
  C:6054H         LINE#         85
  C:6057H         LINE#         86
  C:6059H         LINE#         87
  -------         ENDPROC       _?SYS_GET_KNEVENT
  -------         PROC          _?SYS_GET_EXTADCEVENT
  -------         DO            
  i:0000H         SYMBOL        a
  -------         ENDDO         
  C:605CH         LINE#         89
  C:605EH         LINE#         91
  C:6062H         LINE#         92
  C:6065H         LINE#         93
  C:6067H         LINE#         94
  -------         ENDPROC       _?SYS_GET_EXTADCEVENT
  -------         PROC          _ADCINIT
  D:0007H         SYMBOL        ADCsel
  C:5BE7H         LINE#         96
  C:5BE7H         LINE#         97
  C:5BE7H         LINE#         98
  C:5BE9H         LINE#         99
  C:5BECH         LINE#         100
  C:5BEFH         LINE#         101
  C:5BF1H         LINE#         102
  C:5BFFH         LINE#         103
BL51 BANKED LINKER/LOCATER V6.22                                                      07/27/2023  21:07:04  PAGE 25


  C:5C0BH         LINE#         104
  C:5C17H         LINE#         105
  -------         ENDPROC       _ADCINIT
  -------         PROC          GETADC
  C:0003H         LINE#         107
  C:0003H         LINE#         108
  C:0009H         LINE#         109
  -------         ENDPROC       GETADC
  -------         PROC          _GETADCNAVACT
  D:0007H         SYMBOL        Nav_button
  -------         DO            
  D:0006H         SYMBOL        a
  -------         ENDDO         
  C:59E3H         LINE#         111
  C:59E3H         LINE#         112
  C:59E3H         LINE#         113
  C:59F3H         LINE#         114
  C:5A0EH         LINE#         115
  C:5A23H         LINE#         116
  C:5A26H         LINE#         117
  C:5A26H         LINE#         118
  C:5A28H         LINE#         119
  -------         ENDPROC       _GETADCNAVACT
  -------         ENDMOD        ADC

  -------         MODULE        BEEP
  C:0000H         SYMBOL        _ICE_DUMMY_
  D:0080H         PUBLIC        P0
  D:00B2H         PUBLIC        P3M0
  D:0090H         PUBLIC        P1
  D:00B1H         PUBLIC        P3M1
  D:00A0H         PUBLIC        P2
  D:00B0H         PUBLIC        P3
  D:00C0H         PUBLIC        P4
  D:00C8H         PUBLIC        P5
  D:00E8H         PUBLIC        P6
  D:00F8H         PUBLIC        P7
  D:00F9H         PUBLIC        CH
  C:5D23H         PUBLIC        _?sys_beep_drv
  D:00A8H         PUBLIC        IE
  D:00E9H         PUBLIC        CL
  C:5E2CH         PUBLIC        BeepInit
  B:00D8H.6       PUBLIC        CR
  D:00DAH         PUBLIC        CCAPM0
  D:00B8H         PUBLIC        IP
  D:00D9H         PUBLIC        CMOD
  D:00D8H         PUBLIC        CCON
  C:6086H         PUBLIC        GetBeepStatus
  C:5539H         PUBLIC        _SetBeep
  D:0098H         PUBLIC        SCON
  D:0088H         PUBLIC        TCON
  D:00D0H         PUBLIC        PSW
  B:00D8H.0       PUBLIC        CCF0
  -------         PROC          _?SYS_BEEP_DRV
  -------         DO            
  i:0000H         SYMBOL        a
  -------         ENDDO         
BL51 BANKED LINKER/LOCATER V6.22                                                      07/27/2023  21:07:04  PAGE 26


  C:5D23H         LINE#         11
  C:5D27H         LINE#         13
  C:5D31H         LINE#         14
  C:5D46H         LINE#         15
  -------         ENDPROC       _?SYS_BEEP_DRV
  -------         PROC          BEEPINIT
  C:5E2CH         LINE#         17
  C:5E2CH         LINE#         18
  C:5E2CH         LINE#         19
  C:5E2FH         LINE#         20
  C:5E32H         LINE#         21
  C:5E35H         LINE#         22
  C:5E38H         LINE#         23
  C:5E3BH         LINE#         24
  C:5E3DH         LINE#         25
  C:5E4BH         LINE#         26
  -------         ENDPROC       BEEPINIT
  -------         PROC          _SETBEEP
  D:0030H         SYMBOL        Beep_freq
  D:0032H         SYMBOL        Beep_time
  -------         DO            
  D:0002H         SYMBOL        a
  D:0004H         SYMBOL        b
  -------         ENDDO         
  C:5539H         LINE#         28
  C:5541H         LINE#         29
  C:5541H         LINE#         31
  C:5548H         LINE#         32
  C:554FH         LINE#         33
  C:555AH         LINE#         34
  C:5583H         LINE#         35
  C:5597H         LINE#         36
  C:559EH         LINE#         37
  C:55A0H         LINE#         38
  C:55A3H         LINE#         39
  C:55A5H         LINE#         41
  C:55A8H         LINE#         42
  C:55ABH         LINE#         43
  C:55ABH         LINE#         44
  C:55AEH         LINE#         45
  C:55AEH         LINE#         46
  C:55B0H         LINE#         47
  -------         ENDPROC       _SETBEEP
  -------         PROC          GETBEEPSTATUS
  C:6086H         LINE#         49
  C:6086H         LINE#         50
  C:608FH         LINE#         51
  C:6091H         LINE#         52
  -------         ENDPROC       GETBEEPSTATUS
  -------         ENDMOD        BEEP

  -------         MODULE        DISPLAYER
  C:0000H         SYMBOL        _ICE_DUMMY_
  D:0093H         PUBLIC        P0M1
  D:0096H         PUBLIC        P2M0
  D:0080H         PUBLIC        P0
  D:0095H         PUBLIC        P2M1
BL51 BANKED LINKER/LOCATER V6.22                                                      07/27/2023  21:07:04  PAGE 27


  D:0090H         PUBLIC        P1
  D:00A0H         PUBLIC        P2
  D:00B0H         PUBLIC        P3
  D:00C0H         PUBLIC        P4
  D:00C8H         PUBLIC        P5
  D:00E8H         PUBLIC        P6
  D:00F8H         PUBLIC        P7
  D:00A8H         PUBLIC        IE
  D:00B8H         PUBLIC        IP
  D:00D8H         PUBLIC        CCON
  C:60F2H         PUBLIC        _LedPrint
  B:00A0H.0       PUBLIC        P20
  B:00A0H.1       PUBLIC        P21
  D:0098H         PUBLIC        SCON
  B:00A0H.2       PUBLIC        P22
  D:0088H         PUBLIC        TCON
  B:00A0H.3       PUBLIC        P23
  C:5EE1H         PUBLIC        DisplayerInit
  X:029CH         PUBLIC        sys_Disp
  C:60B1H         PUBLIC        _SetDisplayerArea
  C:5E4CH         PUBLIC        _Seg7Print
  C:4C3DH         PUBLIC        _?sys_display_drv
  D:00D0H         PUBLIC        PSW
  D:0094H         PUBLIC        P0M0
  -------         PROC          _?SYS_DISPLAY_DRV
  C:4C3DH         LINE#         16
  C:4C3DH         LINE#         18
  C:4C40H         LINE#         19
  C:4C69H         LINE#         20
  C:4C6FH         LINE#         21
  C:4C75H         LINE#         22
  C:4C7BH         LINE#         23
  C:4C81H         LINE#         24
  C:4C8BH         LINE#         25
  C:4C95H         LINE#         26
  C:4C9FH         LINE#         27
  C:4CA9H         LINE#         28
  C:4CABH         LINE#         29
  C:4CABH         LINE#         30
  C:4CB3H         LINE#         31
  C:4CDCH         LINE#         33
  C:4CF7H         LINE#         34
  C:4CFAH         LINE#         35
  C:4CFAH         LINE#         36
  C:4D11H         LINE#         37
  C:4D1DH         LINE#         39
  C:4D25H         LINE#         40
  -------         ENDPROC       _?SYS_DISPLAY_DRV
  -------         PROC          DISPLAYERINIT
  C:5EE1H         LINE#         42
  C:5EE1H         LINE#         43
  C:5EE1H         LINE#         44
  C:5EE4H         LINE#         45
  C:5EE7H         LINE#         46
  C:5EEAH         LINE#         47
  C:5EEDH         LINE#         48
  C:5EFBH         LINE#         49
BL51 BANKED LINKER/LOCATER V6.22                                                      07/27/2023  21:07:04  PAGE 28


  -------         ENDPROC       DISPLAYERINIT
  -------         PROC          _SETDISPLAYERAREA
  D:0007H         SYMBOL        Begin_of_scan
  D:0005H         SYMBOL        Ending_of_Scan
  C:60B1H         LINE#         51
  C:60B1H         LINE#         52
  C:60B6H         LINE#         53
  C:60B9H         LINE#         54
  -------         ENDPROC       _SETDISPLAYERAREA
  -------         PROC          _SEG7PRINT
  D:0007H         SYMBOL        d0
  D:0005H         SYMBOL        d1
  D:0003H         SYMBOL        d2
  D:0030H         SYMBOL        d3
  D:0031H         SYMBOL        d4
  D:0032H         SYMBOL        d5
  D:0033H         SYMBOL        d6
  D:0034H         SYMBOL        d7
  C:5E4CH         LINE#         56
  C:5E4CH         LINE#         57
  C:5E51H         LINE#         58
  C:5E54H         LINE#         59
  C:5E57H         LINE#         60
  C:5E5BH         LINE#         61
  C:5E5FH         LINE#         62
  C:5E63H         LINE#         63
  C:5E67H         LINE#         64
  C:5E6BH         LINE#         65
  -------         ENDPROC       _SEG7PRINT
  -------         PROC          _LEDPRINT
  D:0007H         SYMBOL        led_val
  C:60F2H         LINE#         67
  C:60F2H         LINE#         68
  C:60F7H         LINE#         69
  -------         ENDPROC       _LEDPRINT
  -------         ENDMOD        DISPLAYER

  -------         MODULE        KEY
  C:0000H         SYMBOL        _ICE_DUMMY_
  D:0080H         PUBLIC        P0
  D:0090H         PUBLIC        P1
  D:00A0H         PUBLIC        P2
  D:00B0H         PUBLIC        P3
  D:00C0H         PUBLIC        P4
  D:00C8H         PUBLIC        P5
  D:00E8H         PUBLIC        P6
  D:00F8H         PUBLIC        P7
  D:00A8H         PUBLIC        IE
  D:0075H         PUBLIC        sys_keyEvent
  D:00B8H         PUBLIC        IP
  D:00D8H         PUBLIC        CCON
  C:606AH         PUBLIC        _?sys_get_keyEvent
  D:0098H         PUBLIC        SCON
  D:0088H         PUBLIC        TCON
  C:492FH         PUBLIC        _?sys_key_drv
  C:000EH         PUBLIC        KeyInit
  B:00B0H.2       PUBLIC        IO_Key1
BL51 BANKED LINKER/LOCATER V6.22                                                      07/27/2023  21:07:04  PAGE 29


  B:00B0H.3       PUBLIC        IO_Key2
  B:0090H.7       PUBLIC        IO_Key3
  C:5AB1H         PUBLIC        _GetKeyAct
  X:02A9H         PUBLIC        sys_Key
  D:00D0H         PUBLIC        PSW
  -------         PROC          _?SYS_KEY_DRV
  -------         DO            
  i:0000H         SYMBOL        i
  X:02A8H         SYMBOL        counter
  -------         ENDDO         
  C:492FH         LINE#         28
  C:4931H         LINE#         31
  C:493AH         LINE#         32
  C:4943H         LINE#         33
  C:494CH         LINE#         34
  C:4957H         LINE#         35
  C:495AH         LINE#         36
  C:496CH         LINE#         37
  C:498AH         LINE#         38
  C:49A3H         LINE#         39
  C:49BFH         LINE#         40
  C:49C1H         LINE#         41
  C:49C1H         LINE#         42
  C:49C3H         LINE#         44
  C:49E4H         LINE#         45
  C:49FAH         LINE#         46
  C:49FDH         LINE#         47
  C:49FDH         LINE#         48
  C:49FDH         LINE#         49
  C:4A30H         LINE#         50
  C:4A4BH         LINE#         51
  C:4A4FH         LINE#         52
  C:4A4FH         LINE#         53
  -------         ENDPROC       _?SYS_KEY_DRV
  -------         PROC          _?SYS_GET_KEYEVENT
  -------         DO            
  i:0000H         SYMBOL        a
  -------         ENDDO         
  C:606AH         LINE#         55
  C:606CH         LINE#         57
  C:6070H         LINE#         58
  C:6073H         LINE#         59
  C:6075H         LINE#         60
  -------         ENDPROC       _?SYS_GET_KEYEVENT
  -------         PROC          KEYINIT
  C:000EH         LINE#         62
  C:000EH         LINE#         63
  C:000EH         LINE#         64
  C:001CH         LINE#         65
  C:002AH         LINE#         66
  -------         ENDPROC       KEYINIT
  -------         PROC          _GETKEYACT
  D:0007H         SYMBOL        Key
  -------         DO            
  D:0006H         SYMBOL        a
  -------         ENDDO         
  C:5AB1H         LINE#         68
BL51 BANKED LINKER/LOCATER V6.22                                                      07/27/2023  21:07:04  PAGE 30


  C:5AB1H         LINE#         69
  C:5AB1H         LINE#         70
  C:5ABBH         LINE#         71
  C:5AD6H         LINE#         72
  C:5AEBH         LINE#         73
  C:5AEEH         LINE#         74
  C:5AEEH         LINE#         75
  C:5AF0H         LINE#         76
  -------         ENDPROC       _GETKEYACT
  -------         ENDMOD        KEY

  -------         MODULE        SYS
  C:0000H         SYMBOL        _ICE_DUMMY_
  X:0200H         PUBLIC        count_1mS
  B:00D8H.2       PUBLIC        CCF2
  D:0080H         PUBLIC        P0
  B:0022H.6       PUBLIC        flag_1S
  D:0090H         PUBLIC        P1
  D:00A0H         PUBLIC        P2
  D:00B0H         PUBLIC        P3
  D:00C0H         PUBLIC        P4
  X:0201H         PUBLIC        T1
  D:00C8H         PUBLIC        P5
  X:0203H         PUBLIC        T2
  B:00A8H.7       PUBLIC        EA
  D:00E8H         PUBLIC        P6
  D:00F8H         PUBLIC        P7
  D:003FH         PUBLIC        IrDatNum
  B:00D8H.7       PUBLIC        CF
  B:0022H.7       PUBLIC        Ir_Coder
  B:0023H.0       PUBLIC        Ir_RxBusy
  D:00A8H         PUBLIC        IE
  B:0023H.1       PUBLIC        Ir_TxBusy
  X:0205H         PUBLIC        userfunccall
  D:00FAH         PUBLIC        CCAP0H
  D:00FBH         PUBLIC        CCAP1H
  C:53A8H         PUBLIC        sys_task_Ir
  D:0040H         PUBLIC        IrCount_j
  D:0041H         PUBLIC        IrRx_count
  D:0042H         PUBLIC        IrProtocol
  D:00EAH         PUBLIC        CCAP0L
  D:0043H         PUBLIC        IrTx_count
  D:00EBH         PUBLIC        CCAP1L
  D:00DAH         PUBLIC        CCAPM0
  D:00DBH         PUBLIC        CCAPM1
  D:0044H         PUBLIC        MainLoops
  D:00B8H         PUBLIC        IP
  B:00D0H.7       PUBLIC        CY
  B:0023H.2       PUBLIC        flag_10mS
  D:00D8H         PUBLIC        CCON
  C:60BAH         PUBLIC        GetBeepTimer
  C:58B9H         PUBLIC        sys_Timer0_isr
  C:54BCH         PUBLIC        _SetEventCallBack
  C:60F8H         PUBLIC        MySTC_Init
  C:5AF1H         PUBLIC        sys_task_100mS
  D:0048H         PUBLIC        ModBus_interval_time
  C:6104H         PUBLIC        _?ret0func
BL51 BANKED LINKER/LOCATER V6.22                                                      07/27/2023  21:07:04  PAGE 31


  C:5866H         PUBLIC        GetUltraSonic
  X:0229H         PUBLIC        count_10mS
  X:022AH         PUBLIC        stcDrivers
  C:60C3H         PUBLIC        _SetBeepTimer
  B:0023H.3       PUBLIC        flag_IrRxFinished
  D:0098H         PUBLIC        SCON
  C:5FF1H         PUBLIC        _SetCCP0
  C:5B6FH         PUBLIC        MySTC_OS
  D:0089H         PUBLIC        TMOD
  D:0088H         PUBLIC        TCON
  B:0023H.4       PUBLIC        flag_Ir
  B:00B0H.5       PUBLIC        P35
  D:0049H         PUBLIC        IrRxNum
  X:0260H         PUBLIC        SysPerformance
  D:008EH         PUBLIC        AUXR
  C:501CH         PUBLIC        sys_CCP_isr
  C:4B50H         PUBLIC        sys_task_1mS
  B:00A8H.1       PUBLIC        ET0
  C:6107H         PUBLIC        ClrBeepPin
  D:008CH         PUBLIC        TH0
  B:0023H.5       PUBLIC        flag_100mS
  X:0265H         PUBLIC        distance
  D:008AH         PUBLIC        TL0
  D:004AH         PUBLIC        PollingMisses
  X:0267H         PUBLIC        sys_BP
  B:0088H.4       PUBLIC        TR0
  C:5CA7H         PUBLIC        sys_task_1S
  C:60DEH         PUBLIC        GetSysPerformance
  B:0023H.6       PUBLIC        matchModBus
  X:026DH         PUBLIC        count_100mS
  B:0023H.7       PUBLIC        Ir_BitBusy
  D:004BH         PUBLIC        IrDat_count
  D:004CH         PUBLIC        IrMute_count
  B:0024H.0       PUBLIC        newFrame1
  C:599CH         PUBLIC        sys_Timer0_Init
  B:0024H.1       PUBLIC        newFrame2
  D:004DH         PUBLIC        IrDataPc
  C:000AH         PUBLIC        _?nullfunc
  B:0024H.2       PUBLIC        flag_1mS
  B:0024H.3       PUBLIC        newUS
  D:008FH         PUBLIC        INT_CLKO
  C:51FCH         PUBLIC        sys_task_10mS
  D:00D0H         PUBLIC        PSW
  B:00D8H.0       PUBLIC        CCF0
  B:00B0H.4       PUBLIC        Beep
  B:00D8H.1       PUBLIC        CCF1
  -------         PROC          _?NULLFUNC
  C:000AH         LINE#         13
  -------         ENDPROC       _?NULLFUNC
  -------         PROC          _?RET0FUNC
  C:6104H         LINE#         14
  -------         ENDPROC       _?RET0FUNC
  -------         PROC          SYS_TIMER0_INIT
  C:599CH         LINE#         96
  C:599CH         LINE#         97
  C:599FH         LINE#         98
  C:59A2H         LINE#         99
BL51 BANKED LINKER/LOCATER V6.22                                                      07/27/2023  21:07:04  PAGE 32


  C:59B8H         LINE#         100
  C:59DEH         LINE#         101
  C:59E0H         LINE#         102
  C:59E2H         LINE#         103
  -------         ENDPROC       SYS_TIMER0_INIT
  -------         PROC          SYS_TIMER0_ISR
  -------         DO            
  D:003EH         SYMBOL        i
  -------         ENDDO         
  C:58B9H         LINE#         105
  C:58BDH         LINE#         107
  C:58C0H         LINE#         108
  C:58C3H         LINE#         109
  C:58C8H         LINE#         110
  C:58CAH         LINE#         111
  C:58CAH         LINE#         112
  C:58D0H         LINE#         113
  C:58D6H         LINE#         114
  C:58D9H         LINE#         115
  C:58DBH         LINE#         116
  C:58DEH         LINE#         117
  C:58E2H         LINE#         118
  C:58E4H         LINE#         119
  C:58E7H         LINE#         120
  C:58E9H         LINE#         122
  C:58ECH         LINE#         123
  C:58EEH         LINE#         124
  C:58F3H         LINE#         125
  C:58F3H         LINE#         126
  C:58F5H         LINE#         128
  C:58FEH         LINE#         129
  C:5900H         LINE#         130
  C:5906H         LINE#         131
  C:5906H         LINE#         132
  C:5906H         LINE#         133
  C:5906H         LINE#         134
  -------         ENDPROC       SYS_TIMER0_ISR
  -------         PROC          GETULTRASONIC
  -------         DO            
  D:0071H         SYMBOL        a
  -------         ENDDO         
  C:5866H         LINE#         138
  C:5866H         LINE#         139
  C:5866H         LINE#         140
  C:5869H         LINE#         141
  C:586BH         LINE#         142
  C:587AH         LINE#         143
  C:58B0H         LINE#         144
  C:58B0H         LINE#         145
  C:58B8H         LINE#         146
  -------         ENDPROC       GETULTRASONIC
  -------         PROC          GETBEEPTIMER
  C:60BAH         LINE#         148
  C:60BAH         LINE#         149
  C:60C2H         LINE#         150
  -------         ENDPROC       GETBEEPTIMER
  -------         PROC          _SETBEEPTIMER
BL51 BANKED LINKER/LOCATER V6.22                                                      07/27/2023  21:07:04  PAGE 33


  D:0006H         SYMBOL        a
  C:60C3H         LINE#         152
  C:60C3H         LINE#         153
  C:60CBH         LINE#         154
  -------         ENDPROC       _SETBEEPTIMER
  -------         PROC          _SETCCP0
  D:0006H         SYMBOL        step
  D:0004H         SYMBOL        next
  C:5FF1H         LINE#         156
  C:5FF1H         LINE#         157
  C:5FF9H         LINE#         158
  C:6001H         LINE#         159
  -------         ENDPROC       _SETCCP0
  -------         PROC          CLRBEEPPIN
  C:6107H         LINE#         161
  C:6107H         LINE#         162
  C:6109H         LINE#         163
  -------         ENDPROC       CLRBEEPPIN
  -------         PROC          SYS_CCP_ISR
  -------         DO            
  B:0022H.5       SYMBOL        a
  -------         ENDDO         
  C:501CH         LINE#         165
  C:502FH         LINE#         167
  C:5036H         LINE#         168
  C:503DH         LINE#         169
  C:5040H         LINE#         170
  C:5042H         LINE#         171
  C:5052H         LINE#         172
  C:5059H         LINE#         173
  C:505CH         LINE#         174
  C:505EH         LINE#         175
  C:5060H         LINE#         177
  C:5074H         LINE#         178
  C:5077H         LINE#         179
  C:5079H         LINE#         180
  C:507BH         LINE#         181
  C:507DH         LINE#         183
  C:507DH         LINE#         184
  C:5080H         LINE#         185
  C:5082H         LINE#         186
  C:508CH         LINE#         187
  C:508EH         LINE#         188
  C:5097H         LINE#         189
  C:509AH         LINE#         190
  C:50ACH         LINE#         191
  C:50AEH         LINE#         193
  C:50B0H         LINE#         194
  C:50B3H         LINE#         195
  C:50B3H         LINE#         196
  C:50B3H         LINE#         197
  -------         ENDPROC       SYS_CCP_ISR
  -------         PROC          MYSTC_INIT
  C:60F8H         LINE#         199
  C:60F8H         LINE#         200
  C:60FBH         LINE#         201
  C:60FDH         LINE#         202
BL51 BANKED LINKER/LOCATER V6.22                                                      07/27/2023  21:07:04  PAGE 34


  -------         ENDPROC       MYSTC_INIT
  -------         PROC          SYS_TASK_IR
  -------         DO            
  D:0007H         SYMBOL        a
  -------         ENDDO         
  C:53A8H         LINE#         204
  C:53A8H         LINE#         205
  C:53A8H         LINE#         206
  C:53BEH         LINE#         207
  C:53C5H         LINE#         208
  C:53C8H         LINE#         209
  C:53CBH         LINE#         210
  C:53E1H         LINE#         211
  C:53F1H         LINE#         212
  C:53F9H         LINE#         213
  C:53FCH         LINE#         214
  C:53FEH         LINE#         216
  C:5414H         LINE#         217
  C:5428H         LINE#         218
  C:5428H         LINE#         219
  C:542AH         LINE#         220
  C:542DH         LINE#         222
  C:542DH         LINE#         224
  C:542FH         LINE#         225
  C:5432H         LINE#         226
  C:5432H         LINE#         227
  -------         ENDPROC       SYS_TASK_IR
  -------         PROC          SYS_TASK_1MS
  C:4B50H         LINE#         229
  C:4B50H         LINE#         230
  C:4B58H         LINE#         231
  C:4B5BH         LINE#         232
  C:4B5DH         LINE#         233
  C:4B65H         LINE#         234
  C:4B68H         LINE#         235
  C:4B6AH         LINE#         236
  C:4B72H         LINE#         237
  C:4B75H         LINE#         238
  C:4B77H         LINE#         239
  C:4B77H         LINE#         240
  C:4B77H         LINE#         241
  C:4B77H         LINE#         242
  C:4B83H         LINE#         243
  C:4B8FH         LINE#         244
  C:4B9BH         LINE#         245
  C:4BA7H         LINE#         246
  C:4BB3H         LINE#         247
  C:4BBFH         LINE#         248
  C:4BDAH         LINE#         249
  C:4BE9H         LINE#         250
  C:4BF5H         LINE#         251
  C:4BF7H         LINE#         252
  C:4BF7H         LINE#         253
  C:4BFEH         LINE#         254
[...]
  C:5F48H         LINE#         65
  C:5F4AH         LINE#         66
  C:5F4AH         LINE#         67
  C:5F4EH         LINE#         68
  C:5F4EH         LINE#         69
  C:5F54H         LINE#         70
  C:5F54H         LINE#         71
  C:5F59H         LINE#         72
  C:5F59H         LINE#         73
  C:5F60H         LINE#         74
  C:5F60H         LINE#         75
BL51 BANKED LINKER/LOCATER V6.22                                                      07/27/2023  21:07:04  PAGE 51


  -------         ENDPROC       _OLED_COLORTURN
  -------         PROC          _OLED_DISPLAYTURN
  D:0078H         SYMBOL        i
  C:5D9BH         LINE#         78
  C:5D9DH         LINE#         79
  C:5D9DH         LINE#         80
  C:5DA1H         LINE#         81
  C:5DA1H         LINE#         82
  C:5DA7H         LINE#         83
  C:5DAEH         LINE#         84
  C:5DAEH         LINE#         85
  C:5DB3H         LINE#         86
  C:5DB3H         LINE#         87
  C:5DBAH         LINE#         88
  C:5DC1H         LINE#         89
  C:5DC1H         LINE#         90
  -------         ENDPROC       _OLED_DISPLAYTURN
  -------         PROC          IIC_DELAY
  -------         DO            
  D:0007H         SYMBOL        t
  -------         ENDDO         
  C:60D5H         LINE#         93
  C:60D5H         LINE#         94
  C:60D5H         LINE#         95
  C:60D7H         LINE#         96
  C:60DDH         LINE#         98
  -------         ENDPROC       IIC_DELAY
  -------         PROC          I2C_START
  C:6030H         LINE#         101
  C:6030H         LINE#         102
  C:6030H         LINE#         103
  C:6032H         LINE#         104
  C:6034H         LINE#         105
  C:6037H         LINE#         106
  C:6039H         LINE#         107
  C:603CH         LINE#         108
  C:603EH         LINE#         109
  -------         ENDPROC       I2C_START
  -------         PROC          I2C_STOP
  C:609EH         LINE#         112
  C:609EH         LINE#         113
  C:609EH         LINE#         114
  C:60A0H         LINE#         115
  C:60A2H         LINE#         116
  C:60A5H         LINE#         117
  C:60A7H         LINE#         118
  -------         ENDPROC       I2C_STOP
  -------         PROC          I2C_WAITACK
  C:603FH         LINE#         121
  C:603FH         LINE#         122
  C:603FH         LINE#         123
  C:6041H         LINE#         124
  C:6044H         LINE#         125
  C:6046H         LINE#         126
  C:6049H         LINE#         127
  C:604BH         LINE#         128
  -------         ENDPROC       I2C_WAITACK
BL51 BANKED LINKER/LOCATER V6.22                                                      07/27/2023  21:07:04  PAGE 52


  -------         PROC          _SEND_BYTE
  D:0005H         SYMBOL        dat
  -------         DO            
  D:0004H         SYMBOL        i
  -------         ENDDO         
  C:5DE7H         LINE#         132
  C:5DE9H         LINE#         133
  C:5DE9H         LINE#         135
  C:5DEBH         LINE#         136
  C:5DEBH         LINE#         137
  C:5DEDH         LINE#         138
  C:5DF1H         LINE#         139
  C:5DF1H         LINE#         140
  C:5DF3H         LINE#         141
  C:5DF5H         LINE#         143
  C:5DF5H         LINE#         144
  C:5DF7H         LINE#         145
  C:5DF7H         LINE#         146
  C:5DFAH         LINE#         147
  C:5DFCH         LINE#         148
  C:5DFFH         LINE#         149
  C:5E01H         LINE#         150
  C:5E05H         LINE#         151
  C:5E09H         LINE#         152
  -------         ENDPROC       _SEND_BYTE
  C:5BB7H         SYMBOL        L?0118
  -------         PROC          L?0117
  -------         ENDPROC       L?0117
  C:5BB7H         SYMBOL        L?0118
  -------         PROC          _OLED_WR_BYTE
  D:0002H         SYMBOL        dat
  D:0003H         SYMBOL        mode
  C:5BBEH         LINE#         157
  C:5BC2H         LINE#         158
  C:5BC2H         LINE#         159
  C:5BC5H         LINE#         160
  C:5BCAH         LINE#         161
  C:5BCDH         LINE#         162
  C:5BD0H         LINE#         163
  C:5BD0H         LINE#         164
  C:5BD2H         LINE#         165
  C:5BD4H         LINE#         167
  C:5BD4H         LINE#         168
  C:5BD9H         LINE#         169
  C:5BD9H         LINE#         170
  C:5BDCH         LINE#         171
  C:5BE1H         LINE#         172
  C:5BE4H         LINE#         173
  -------         ENDPROC       _OLED_WR_BYTE
  -------         PROC          _OLED_SET_POS
  D:0001H         SYMBOL        x
  D:0005H         SYMBOL        y
  C:5E0AH         LINE#         178
  C:5E0CH         LINE#         179
  C:5E0CH         LINE#         180
  C:5E15H         LINE#         181
  C:5E23H         LINE#         182
BL51 BANKED LINKER/LOCATER V6.22                                                      07/27/2023  21:07:04  PAGE 53


  -------         ENDPROC       _OLED_SET_POS
  -------         PROC          OLED_DISPLAY_ON
  C:003EH         LINE#         185
  C:003EH         LINE#         186
  C:003EH         LINE#         187
  C:0045H         LINE#         188
  C:004CH         LINE#         189
  -------         ENDPROC       OLED_DISPLAY_ON
  -------         PROC          OLED_DISPLAY_OFF
  C:5F91H         LINE#         192
  C:5F91H         LINE#         193
  C:5F91H         LINE#         194
  C:5F98H         LINE#         195
  C:5F9FH         LINE#         196
  -------         ENDPROC       OLED_DISPLAY_OFF
  -------         PROC          OLED_CLEAR
  -------         DO            
  D:0001H         SYMBOL        i
  D:0025H         SYMBOL        n
  -------         ENDDO         
  C:5C49H         LINE#         199
  C:5C49H         LINE#         200
  C:5C49H         LINE#         202
  C:5C4BH         LINE#         203
  C:5C4BH         LINE#         204
  C:5C54H         LINE#         205
  C:5C5AH         LINE#         206
  C:5C61H         LINE#         207
  C:5C64H         LINE#         208
  C:5C74H         LINE#         209
  C:5C78H         LINE#         210
  -------         ENDPROC       OLED_CLEAR
  -------         PROC          _OLED_SHOWCHAR
  D:0034H         SYMBOL        x
  D:0035H         SYMBOL        y
  D:0003H         SYMBOL        chr
  D:0037H         SYMBOL        sizey
  -------         DO            
  D:0038H         SYMBOL        c
  D:0039H         SYMBOL        sizex
  D:003AH         SYMBOL        i
  D:003CH         SYMBOL        size1
  -------         ENDDO         
  C:4DF6H         LINE#         216
  C:4DFAH         LINE#         217
  C:4DFAH         LINE#         218
  C:4E04H         LINE#         219
  C:4E09H         LINE#         220
  C:4E0EH         LINE#         221
  C:4E16H         LINE#         223
  C:4E3FH         LINE#         224
  C:4E44H         LINE#         225
  C:4E4BH         LINE#         226
  C:4E5BH         LINE#         227
  C:4E5BH         LINE#         228
  C:4E71H         LINE#         229
  C:4E7AH         LINE#         230
BL51 BANKED LINKER/LOCATER V6.22                                                      07/27/2023  21:07:04  PAGE 54


  C:4E7FH         LINE#         231
  C:4E8FH         LINE#         232
  C:4E94H         LINE#         233
  C:4EB1H         LINE#         237
  C:4EBBH         LINE#         238
  -------         ENDPROC       _OLED_SHOWCHAR
  -------         PROC          _OLED_POW
  D:0079H         SYMBOL        m
  D:0001H         SYMBOL        n
  -------         DO            
  D:0006H         SYMBOL        result
  -------         ENDDO         
  C:5F79H         LINE#         240
  C:5F7DH         LINE#         241
  C:5F7DH         LINE#         242
  C:5F81H         LINE#         243
  C:5F87H         LINE#         244
  C:5F90H         LINE#         245
  C:5F90H         LINE#         246
  -------         ENDPROC       _OLED_POW
  -------         PROC          _OLED_SHOWNUM
  D:005BH         SYMBOL        x
  D:005CH         SYMBOL        y
  D:005DH         SYMBOL        num
  D:005FH         SYMBOL        len
  D:0060H         SYMBOL        sizey
  -------         DO            
  D:0061H         SYMBOL        t
  D:0062H         SYMBOL        temp
  D:0063H         SYMBOL        m
  D:0064H         SYMBOL        enshow
  -------         ENDDO         
  C:5433H         LINE#         252
  C:543BH         LINE#         253
  C:543BH         LINE#         254
  C:543EH         LINE#         255
  C:5440H         LINE#         256
  C:5445H         LINE#         257
  C:5448H         LINE#         258
  C:5452H         LINE#         259
  C:5452H         LINE#         260
  C:5474H         LINE#         261
  C:5482H         LINE#         262
  C:5482H         LINE#         263
  C:5486H         LINE#         264
  C:5486H         LINE#         265
  C:5498H         LINE#         266
  C:549AH         LINE#         267
  C:549AH         LINE#         269
  C:549DH         LINE#         270
  C:549DH         LINE#         271
  C:54B7H         LINE#         272
  C:54BBH         LINE#         273
  -------         ENDPROC       _OLED_SHOWNUM
  -------         PROC          _OLED_SHOWSTRING
  D:002DH         SYMBOL        x
  D:002EH         SYMBOL        y
BL51 BANKED LINKER/LOCATER V6.22                                                      07/27/2023  21:07:04  PAGE 55


  D:002FH         SYMBOL        chr
  D:0032H         SYMBOL        sizey
  -------         DO            
  D:0033H         SYMBOL        j
  -------         ENDDO         
  C:590BH         LINE#         275
  C:5915H         LINE#         276
  C:5915H         LINE#         277
  C:5918H         LINE#         278
  C:5929H         LINE#         279
  C:5929H         LINE#         280
  C:5940H         LINE#         281
  C:5945H         LINE#         282
  C:5949H         LINE#         284
  C:5951H         LINE#         285
  C:5953H         LINE#         286
  -------         ENDPROC       _OLED_SHOWSTRING
  -------         PROC          _OLED_SHOWCHINESE
  D:006BH         SYMBOL        x
  D:006CH         SYMBOL        y
  D:006DH         SYMBOL        no
  -------         DO            
  D:0001H         SYMBOL        t
  D:006EH         SYMBOL        adder
  -------         ENDDO         
  C:5954H         LINE#         288
  C:595AH         LINE#         289
  C:595AH         LINE#         290
  C:595DH         LINE#         291
  C:5960H         LINE#         292
  C:5962H         LINE#         293
  C:5962H         LINE#         294
  C:5973H         LINE#         295
  C:5975H         LINE#         296
  C:5979H         LINE#         297
  C:5982H         LINE#         298
  C:5984H         LINE#         299
  C:5984H         LINE#         300
  C:5995H         LINE#         301
  C:5997H         LINE#         302
  C:599BH         LINE#         303
  -------         ENDPROC       _OLED_SHOWCHINESE
  -------         PROC          _OLED_DRAWBMP
  D:0025H         SYMBOL        x0
  D:0005H         SYMBOL        y0
  D:0027H         SYMBOL        x1
  D:0028H         SYMBOL        y1
  D:0029H         SYMBOL        BMP
  -------         DO            
  D:002CH         SYMBOL        j
  D:002EH         SYMBOL        x
  D:002FH         SYMBOL        y
  -------         ENDDO         
  C:56F5H         LINE#         310
  C:56F9H         LINE#         311
  C:56F9H         LINE#         312
  C:56FEH         LINE#         315
BL51 BANKED LINKER/LOCATER V6.22                                                      07/27/2023  21:07:04  PAGE 56


  C:570FH         LINE#         316
  C:5719H         LINE#         317
  C:5722H         LINE#         318
  C:5722H         LINE#         319
  C:5729H         LINE#         320
  C:5733H         LINE#         321
  C:5733H         LINE#         322
  C:5751H         LINE#         323
  C:5755H         LINE#         324
  C:5759H         LINE#         325
  -------         ENDPROC       _OLED_DRAWBMP
  -------         PROC          _OLED_DRAWBMP1
  D:0050H         SYMBOL        x
  D:0051H         SYMBOL        y
  D:0052H         SYMBOL        sizex
  D:0053H         SYMBOL        sizey
  D:0054H         SYMBOL        BMP
  -------         DO            
  D:0057H         SYMBOL        j
  D:0059H         SYMBOL        i
  D:005AH         SYMBOL        m
  -------         ENDDO         
  C:5628H         LINE#         331
  C:562EH         LINE#         332
  C:562EH         LINE#         333
  C:5633H         LINE#         335
  C:564BH         LINE#         336
  C:5655H         LINE#         337
  C:5655H         LINE#         338
  C:565FH         LINE#         339
  C:5669H         LINE#         340
  C:5669H         LINE#         341
  C:5687H         LINE#         342
  C:568BH         LINE#         343
  C:568FH         LINE#         344
  -------         ENDPROC       _OLED_DRAWBMP1
  -------         PROC          OLED_INIT
  C:4D26H         LINE#         348
  C:4D26H         LINE#         349
  C:4D26H         LINE#         350
  C:4D28H         LINE#         351
  C:4D2FH         LINE#         352
  C:4D31H         LINE#         354
  C:4D38H         LINE#         355
  C:4D3EH         LINE#         356
  C:4D45H         LINE#         357
  C:4D4CH         LINE#         358
  C:4D53H         LINE#         359
  C:4D5AH         LINE#         360
  C:4D61H         LINE#         361
  C:4D68H         LINE#         362
  C:4D6FH         LINE#         363
  C:4D76H         LINE#         364
  C:4D7DH         LINE#         365
  C:4D84H         LINE#         366
  C:4D8AH         LINE#         367
  C:4D91H         LINE#         368
BL51 BANKED LINKER/LOCATER V6.22                                                      07/27/2023  21:07:04  PAGE 57


  C:4D98H         LINE#         369
  C:4D9FH         LINE#         370
  C:4DA6H         LINE#         371
  C:4DADH         LINE#         372
  C:4DB4H         LINE#         373
  C:4DBBH         LINE#         374
  C:4DC2H         LINE#         375
  C:4DC9H         LINE#         376
  C:4DD0H         LINE#         377
  C:4DD7H         LINE#         378
  C:4DDEH         LINE#         379
  C:4DE5H         LINE#         380
  C:4DECH         LINE#         381
  C:4DEFH         LINE#         382
  -------         ENDPROC       OLED_INIT
  -------         ENDMOD        OLED

  -------         MODULE        ?C?FPADD
  C:3286H         PUBLIC        ?C?FPADD
  C:3282H         PUBLIC        ?C?FPSUB
  -------         ENDMOD        ?C?FPADD

  -------         MODULE        ?C?FPMUL
  C:3377H         PUBLIC        ?C?FPMUL
  -------         ENDMOD        ?C?FPMUL

  -------         MODULE        ?C?FPDIV
  C:3480H         PUBLIC        ?C?FPDIV
  -------         ENDMOD        ?C?FPDIV

  -------         MODULE        ?C?FCAST
  C:3527H         PUBLIC        ?C?FCASTC
  C:3522H         PUBLIC        ?C?FCASTI
  C:351DH         PUBLIC        ?C?FCASTL
  -------         ENDMOD        ?C?FCAST

  -------         MODULE        ?C?CASTF
  C:355BH         PUBLIC        ?C?CASTF
  -------         ENDMOD        ?C?CASTF

  -------         MODULE        LOG
  C:4708H         PUBLIC        _LOG
  C:4704H         PUBLIC        _LOG10
  -------         ENDMOD        LOG

  -------         MODULE        ?C?COPY
  C:36F9H         PUBLIC        ?C?COPY
  -------         ENDMOD        ?C?COPY

  -------         MODULE        ?C?SCDIV
  C:371FH         PUBLIC        ?C?SCDIV
  -------         ENDMOD        ?C?SCDIV

  -------         MODULE        ?C?CLDPTR
  C:3741H         PUBLIC        ?C?CLDPTR
  -------         ENDMOD        ?C?CLDPTR

BL51 BANKED LINKER/LOCATER V6.22                                                      07/27/2023  21:07:04  PAGE 58


  -------         MODULE        ?C?CLDOPTR
  C:375AH         PUBLIC        ?C?CLDOPTR
  -------         ENDMOD        ?C?CLDOPTR

  -------         MODULE        ?C?CSTOPTR
  C:3787H         PUBLIC        ?C?CSTOPTR
  -------         ENDMOD        ?C?CSTOPTR

  -------         MODULE        ?C?IMUL
  C:37A9H         PUBLIC        ?C?IMUL
  -------         ENDMOD        ?C?IMUL

  -------         MODULE        ?C?UIDIV
  C:37BBH         PUBLIC        ?C?UIDIV
  -------         ENDMOD        ?C?UIDIV

  -------         MODULE        ?C?IILDX
  C:3810H         PUBLIC        ?C?IILDX
  -------         ENDMOD        ?C?IILDX

  -------         MODULE        ?C?ILDIX
  C:3826H         PUBLIC        ?C?ILDIX
  -------         ENDMOD        ?C?ILDIX

  -------         MODULE        ?C?ILDPTR
  C:383CH         PUBLIC        ?C?ILDPTR
  -------         ENDMOD        ?C?ILDPTR

  -------         MODULE        ?C?LMUL
  C:3867H         PUBLIC        ?C?LMUL
  -------         ENDMOD        ?C?LMUL

  -------         MODULE        ?C?ULDIV
  C:38F2H         PUBLIC        ?C?ULDIV
  -------         ENDMOD        ?C?ULDIV

  -------         MODULE        ?C?SLDIV
  C:5A6DH         PUBLIC        ?C?SLDIV
  -------         ENDMOD        ?C?SLDIV

  -------         MODULE        ?C?LNEG
  C:3984H         PUBLIC        ?C?LNEG
  -------         ENDMOD        ?C?LNEG

  -------         MODULE        ?C?SLSHR
  C:3992H         PUBLIC        ?C?SLSHR
  -------         ENDMOD        ?C?SLSHR

  -------         MODULE        ?C?LLDCODE
  C:39A6H         PUBLIC        ?C?LLDCODE
  -------         ENDMOD        ?C?LLDCODE

  -------         MODULE        ?C?LLDCODE0
  C:39B6H         PUBLIC        ?C?LLDCODE0
  -------         ENDMOD        ?C?LLDCODE0

  -------         MODULE        ?C?LSTXDATA
BL51 BANKED LINKER/LOCATER V6.22                                                      07/27/2023  21:07:04  PAGE 59


  C:39C6H         PUBLIC        ?C?LSTXDATA
  -------         ENDMOD        ?C?LSTXDATA

  -------         MODULE        ?C?OFFXADD
  C:39D2H         PUBLIC        ?C?OFFXADD
  -------         ENDMOD        ?C?OFFXADD

  -------         MODULE        ?C?ICALL
  C:39DEH         PUBLIC        ?C?ICALL
  C:39E2H         PUBLIC        ?C?ICALL2
  -------         ENDMOD        ?C?ICALL

  -------         MODULE        ?C_IBP
  D:007AH         PUBLIC        ?C_IBP
  -------         ENDMOD        ?C_IBP

*** WARNING L16: UNCALLED SEGMENT, IGNORED FOR OVERLAY PROCESS
    SEGMENT: ?PR?GETULTRASONIC?SYS

*** WARNING L16: UNCALLED SEGMENT, IGNORED FOR OVERLAY PROCESS
    SEGMENT: ?PR?GETSYSPERFORMANCE?SYS

*** WARNING L16: UNCALLED SEGMENT, IGNORED FOR OVERLAY PROCESS
    SEGMENT: ?PR?_?GETVIBACT?VIB

*** WARNING L16: UNCALLED SEGMENT, IGNORED FOR OVERLAY PROCESS
    SEGMENT: ?PR?_SETIRRXD?IR

*** WARNING L16: UNCALLED SEGMENT, IGNORED FOR OVERLAY PROCESS
    SEGMENT: ?PR?GETIRRXNUM?IR

*** WARNING L16: UNCALLED SEGMENT, IGNORED FOR OVERLAY PROCESS
    SEGMENT: ?PR?_IRPRINT?IR

*** WARNING L16: UNCALLED SEGMENT, IGNORED FOR OVERLAY PROCESS
    SEGMENT: ?PR?GETIRSTATUS?IR

*** WARNING L16: UNCALLED SEGMENT, IGNORED FOR OVERLAY PROCESS
    SEGMENT: ?PR?_OLED_WRITE_GRAM?OLED

*** WARNING L16: UNCALLED SEGMENT, IGNORED FOR OVERLAY PROCESS
    SEGMENT: ?PR?OLED_REFRESH?OLED

*** WARNING L16: UNCALLED SEGMENT, IGNORED FOR OVERLAY PROCESS
    SEGMENT: ?PR?_OLED_COLORTURN?OLED

*** WARNING L16: UNCALLED SEGMENT, IGNORED FOR OVERLAY PROCESS
    SEGMENT: ?PR?_OLED_DISPLAYTURN?OLED

*** WARNING L16: UNCALLED SEGMENT, IGNORED FOR OVERLAY PROCESS
    SEGMENT: ?PR?OLED_DISPLAY_ON?OLED

*** WARNING L16: UNCALLED SEGMENT, IGNORED FOR OVERLAY PROCESS
    SEGMENT: ?PR?OLED_DISPLAY_OFF?OLED

*** WARNING L16: UNCALLED SEGMENT, IGNORED FOR OVERLAY PROCESS
    SEGMENT: ?PR?_OLED_SHOWNUM?OLED
BL51 BANKED LINKER/LOCATER V6.22                                                      07/27/2023  21:07:04  PAGE 60



*** WARNING L16: UNCALLED SEGMENT, IGNORED FOR OVERLAY PROCESS
    SEGMENT: ?PR?_OLED_SHOWCHINESE?OLED

*** WARNING L16: UNCALLED SEGMENT, IGNORED FOR OVERLAY PROCESS
    SEGMENT: ?PR?_OLED_DRAWBMP1?OLED

Program Size: data=124.0 xdata=709 code=24845
LINK/LOCATE RUN COMPLETE.  16 WARNING(S),  0 ERROR(S)
