BL51 BANKED LINKER/LOCATER V6.22                                                        09/04/2023  17:34:34  PAGE 1


BL51 BANKED LINKER/LOCATER V6.22, INVOKED BY:
E:\KEIL_V5\C51\BIN\BL51.EXE .\output\main.obj, .\source\STCBSP_V3.6.LIB, .\output\oled.obj TO .\output\BSP_Demo PRINT (.
>> \list\BSP_Demo.m51) RAMSIZE (256) XDATA (0X0000-0X07FF)


MEMORY MODEL: SMALL WITH FLOATING POINT ARITHMETIC


INPUT MODULES INCLUDED:
  .\output\main.obj (MAIN)
  .\source\STCBSP_V3.6.LIB (ADC)
  .\source\STCBSP_V3.6.LIB (BEEP)
  .\source\STCBSP_V3.6.LIB (DISPLAYER)
  .\source\STCBSP_V3.6.LIB (KEY)
  .\source\STCBSP_V3.6.LIB (SYS)
  .\source\STCBSP_V3.6.LIB (VIB)
  .\source\STCBSP_V3.6.LIB (MUSIC)
  .\source\STCBSP_V3.6.LIB (DS1302)
  .\source\STCBSP_V3.6.LIB (FM_RADIO)
  .\source\STCBSP_V3.6.LIB (IR)
  .\output\oled.obj (OLED)
  E:\KEIL_V5\C51\LIB\C51FPS.LIB (?C?FPADD)
  E:\KEIL_V5\C51\LIB\C51FPS.LIB (?C?FPMUL)
  E:\KEIL_V5\C51\LIB\C51FPS.LIB (?C?FPDIV)
  E:\KEIL_V5\C51\LIB\C51FPS.LIB (?C?FCAST)
  E:\KEIL_V5\C51\LIB\C51FPS.LIB (?C?CASTF)
  E:\KEIL_V5\C51\LIB\C51FPS.LIB (LOG)
  E:\KEIL_V5\C51\LIB\C51FPS.LIB (?C?FPGETOPN)
  E:\KEIL_V5\C51\LIB\C51FPS.LIB (?C?FPSERIES)
  E:\KEIL_V5\C51\LIB\C51S.LIB (?C_STARTUP)
  E:\KEIL_V5\C51\LIB\C51S.LIB (?C?COPY)
  E:\KEIL_V5\C51\LIB\C51S.LIB (?C?SCDIV)
  E:\KEIL_V5\C51\LIB\C51S.LIB (?C?CLDPTR)
  E:\KEIL_V5\C51\LIB\C51S.LIB (?C?CLDOPTR)
  E:\KEIL_V5\C51\LIB\C51S.LIB (?C?CSTOPTR)
  E:\KEIL_V5\C51\LIB\C51S.LIB (?C?IMUL)
  E:\KEIL_V5\C51\LIB\C51S.LIB (?C?UIDIV)
  E:\KEIL_V5\C51\LIB\C51S.LIB (?C?IILDX)
  E:\KEIL_V5\C51\LIB\C51S.LIB (?C?ILDIX)
  E:\KEIL_V5\C51\LIB\C51S.LIB (?C?ILDPTR)
  E:\KEIL_V5\C51\LIB\C51S.LIB (?C?LMUL)
  E:\KEIL_V5\C51\LIB\C51S.LIB (?C?ULDIV)
  E:\KEIL_V5\C51\LIB\C51S.LIB (?C?SLDIV)
  E:\KEIL_V5\C51\LIB\C51S.LIB (?C?LNEG)
  E:\KEIL_V5\C51\LIB\C51S.LIB (?C?SLSHR)
  E:\KEIL_V5\C51\LIB\C51S.LIB (?C?LLDCODE)
  E:\KEIL_V5\C51\LIB\C51S.LIB (?C?LLDCODE0)
  E:\KEIL_V5\C51\LIB\C51S.LIB (?C?LSTXDATA)
  E:\KEIL_V5\C51\LIB\C51S.LIB (?C?OFFXADD)
  E:\KEIL_V5\C51\LIB\C51S.LIB (?C?ICALL)
  E:\KEIL_V5\C51\LIB\C51S.LIB (?C_IBP)
  E:\KEIL_V5\C51\LIB\C51S.LIB (?C_INIT)


LINK MAP OF MODULE:  .\output\BSP_Demo (MAIN)


            TYPE    BASE      LENGTH    RELOCATION   SEGMENT NAME
BL51 BANKED LINKER/LOCATER V6.22                                                      09/04/2023  17:34:34  PAGE 2


            -----------------------------------------------------

            * * * * * * *   D A T A   M E M O R Y   * * * * * * *
            REG     0000H     0008H     ABSOLUTE     "REG BANK 0"
            DATA    0008H     0018H     UNIT         ?DT?MAIN
            BIT     0020H.0   0002H.6   UNIT         ?BI?MAIN
            BIT     0022H.6   0001H.7   UNIT         ?BI?SYS
            BIT     0024H.5   0000H.1   UNIT         ?BI?ADC
            BIT     0024H.6   0000H.1   UNIT         ?BI?MUSIC
            BIT     0024H.7   0000H.1   UNIT         ?BI?_OLED_WRITE_GRAM?OLED
            BIT     0025H.0   0000H.1   UNIT         _BIT_GROUP_
                    0025H.1   0000H.7                *** GAP ***
            DATA    0026H     0019H     UNIT         _DATA_GROUP_
            DATA    003FH     0012H     UNIT         ?DT?SYS
            DATA    0051H     000AH     UNIT         ?DT?_OLED_SHOWNUM?OLED
            DATA    005BH     0006H     UNIT         ?DT?IR
            DATA    0061H     0002H     UNIT         ?DT?ADC
            DATA    0063H     0002H     UNIT         ?DT?GETULTRASONIC?SYS
            DATA    0065H     0002H     UNIT         ?DT?OLED_REFRESH?OLED
            DATA    0067H     0001H     UNIT         ?DT?KEY
            DATA    0068H     0001H     UNIT         ?DT?VIB
            DATA    0069H     0001H     UNIT         ?DT?_OLED_DISPLAYTURN?OLED
            DATA    006AH     0001H     UNIT         ?DT?_OLED_POW?OLED
            DATA    006BH     0001H     UNIT         ?C?LIB_DATA
            IDATA   006CH     0001H     UNIT         ?STACK

            * * * * * * *  X D A T A   M E M O R Y  * * * * * * *
            XDATA   0000H     0200H     UNIT         ?XD?OLED
            XDATA   0200H     006EH     UNIT         ?XD?SYS
            XDATA   026EH     001EH     UNIT         ?XD?ADC
            XDATA   028CH     0010H     UNIT         ?XD?MUSIC
            XDATA   029CH     000CH     UNIT         ?XD?DISPLAYER
            XDATA   02A8H     000AH     UNIT         ?XD?KEY
            XDATA   02B2H     0009H     UNIT         ?XD?DS1302
            XDATA   02BBH     0009H     UNIT         ?XD?FM_RADIO
            XDATA   02C4H     0001H     UNIT         ?XD?VIB

            * * * * * * *   C O D E   M E M O R Y   * * * * * * *
            CODE    0000H     0003H     ABSOLUTE     
            CODE    0003H     0007H     UNIT         ?PR?GETADC?ADC
            CODE    000AH     0001H     UNIT         ?PR?_?NULLFUNC?SYS
            CODE    000BH     0003H     ABSOLUTE     
            CODE    000EH     001DH     UNIT         ?PR?KEYINIT?KEY
            CODE    002BH     0003H     ABSOLUTE     
            CODE    002EH     000DH     UNIT         ?PR?_?SYS_SV_DRV?VIB
            CODE    003BH     0003H     ABSOLUTE     
            CODE    003EH     0015H     UNIT         ?PR?OLED_DISPLAY_ON?OLED
            CODE    0053H     0003H     ABSOLUTE     
            CODE    0056H     1683H     UNIT         ?CO?MAIN
            CODE    16D9H     1158H     UNIT         ?CO?OLED
            CODE    2831H     0AB6H     UNIT         ?PR?MY100MS_CALLBACK?MAIN
            CODE    32E7H     0765H     UNIT         ?C?LIB_CODE
            CODE    3A4CH     03A5H     UNIT         ?PR?MYKN_CALLBACK?MAIN
            CODE    3DF1H     032DH     UNIT         ?C_INITSEG
            CODE    411EH     02F6H     UNIT         ?PR?_?SYS_MUSIC_DRV?MUSIC
            CODE    4414H     0292H     UNIT         ?PR?OLED_DISPLAY?MAIN
            CODE    46A6H     01ACH     UNIT         ?PR?_?SYS_ADC_DRV?ADC
BL51 BANKED LINKER/LOCATER V6.22                                                      09/04/2023  17:34:34  PAGE 3


            CODE    4852H     0162H     UNIT         ?PR?MYKEY_CALLBACK?MAIN
            CODE    49B4H     0135H     UNIT         ?PR?LOG?LOG
            CODE    4AE9H     0126H     UNIT         ?CO?MUSIC
            CODE    4C0FH     0123H     UNIT         ?PR?_?SYS_KEY_DRV?KEY
            CODE    4D32H     00FEH     UNIT         ?PR?DS1302INIT?DS1302
            CODE    4E30H     00EDH     UNIT         ?PR?SYS_TASK_1MS?SYS
            CODE    4F1DH     00E9H     UNIT         ?PR?_?SYS_DISPLAY_DRV?DISPLAYER
            CODE    5006H     00D0H     UNIT         ?PR?OLED_INIT?OLED
            CODE    50D6H     00C6H     UNIT         ?PR?_OLED_SHOWCHAR?OLED
            CODE    519CH     00B6H     UNIT         ?PR?SETFMRADIO?FM_RADIO
            CODE    5252H     00AAH     UNIT         ?PR?_PLAYTONE?MUSIC
            CODE    52FCH     00A8H     UNIT         ?PR?SYS_CCP_ISR?SYS
            CODE    53A4H     00A5H     UNIT         ?PR?_?SYS_DS1302_DRV?DS1302
            CODE    5449H     0093H     UNIT         ?PR?_TEM_CALCULATE?MAIN
            CODE    54DCH     0093H     UNIT         ?PR?SYS_TASK_10MS?SYS
            CODE    556FH     008DH     UNIT         ?PR?MAIN?MAIN
            CODE    55FCH     008CH     UNIT         ?C_C51STARTUP
            CODE    5688H     008BH     UNIT         ?PR?SYS_TASK_IR?SYS
            CODE    5713H     0089H     UNIT         ?PR?_OLED_SHOWNUM?OLED
            CODE    579CH     007DH     UNIT         ?PR?_SETEVENTCALLBACK?SYS
            CODE    5819H     0078H     UNIT         ?PR?_SETBEEP?BEEP
            CODE    5891H     0077H     UNIT         ?PR?SYS_IRRXD_ISR?IR
            CODE    5908H     0068H     UNIT         ?PR?_OLED_DRAWBMP1?OLED
            CODE    5970H     0065H     UNIT         ?PR?OLED_REFRESH?OLED
            CODE    59D5H     0065H     UNIT         ?PR?_OLED_DRAWBMP?OLED
            CODE    5A3AH     005CH     UNIT         ?PR?GETFMRADIO?FM_RADIO
            CODE    5A96H     0058H     UNIT         ?PR?_SETMUSIC?MUSIC
            CODE    5AEEH     0058H     UNIT         ?PR?_OLED_WRITE_GRAM?OLED
            CODE    5B46H     0053H     UNIT         ?PR?GETULTRASONIC?SYS
            CODE    5B99H     0052H     UNIT         ?PR?SYS_TIMER0_ISR?SYS
            CODE    5BEBH     0049H     UNIT         ?PR?_OLED_SHOWSTRING?OLED
            CODE    5C34H     0048H     UNIT         ?PR?_OLED_SHOWCHINESE?OLED
            CODE    5C7CH     0047H     UNIT         ?PR?SYS_TIMER0_INIT?SYS
            CODE    5CC3H     0046H     UNIT         ?PR?_GETADCNAVACT?ADC
            CODE    5D09H     0044H     UNIT         ?PR?_?SYS_FMRADIO_DRV?FM_RADIO
            CODE    5D4DH     0044H     UNIT         ?C?LDIV
            CODE    5D91H     0040H     UNIT         ?PR?_GETKEYACT?KEY
            CODE    5DD1H     003FH     UNIT         ?PR?SYS_TASK_100MS?SYS
            CODE    5E10H     003FH     UNIT         ?PR?_IRPRINT?IR
            CODE    5E4FH     003EH     UNIT         ?PR?MYSTC_OS?SYS
            CODE    5E8DH     003AH     UNIT         ?PR?_OLED_WR_BYTE?OLED
            CODE    5EC7H     0031H     UNIT         ?PR?_ADCINIT?ADC
            CODE    5EF8H     0031H     UNIT         ?PR?_IRTXDSET?IR
            CODE    5F29H     0030H     UNIT         ?PR?OLED_CLEAR?OLED
            CODE    5F59H     002EH     UNIT         ?PR?_DS1302READ?DS1302
            CODE    5F87H     002BH     UNIT         ?PR?SYS_TASK_1S?SYS
            CODE    5FB2H     0029H     UNIT         ?PR?_NVM_WRITE?DS1302
            CODE    5FDBH     0028H     UNIT         ?PR?INITIAL_INTERFACE?MAIN
            CODE    6003H     0028H     UNIT         ?PR?_?SYS_BEEP_DRV?BEEP
            CODE    602BH     0028H     UNIT         ?PR?_SETPLAYERMODE?MUSIC
            CODE    6053H     0028H     UNIT         ?PR?_IIC_RADIO_WRITEBYTE?FM_RADIO
            CODE    607BH     0027H     UNIT         ?PR?_OLED_DISPLAYTURN?OLED
            CODE    60A2H     0025H     UNIT         ?PR?FMRADIOINIT?FM_RADIO
            CODE    60C7H     0023H     UNIT         ?PR?_SEND_BYTE?OLED
            CODE    60EAH     0022H     UNIT         ?PR?_OLED_SET_POS?OLED
            CODE    610CH     0020H     UNIT         ?PR?BEEPINIT?BEEP
            CODE    612CH     0020H     UNIT         ?PR?_SEG7PRINT?DISPLAYER
BL51 BANKED LINKER/LOCATER V6.22                                                      09/04/2023  17:34:34  PAGE 4


            CODE    614CH     0020H     UNIT         ?PR?_DS1302WRITE?DS1302
            CODE    616CH     001DH     UNIT         ?PR?VIBINIT?VIB
            CODE    6189H     001CH     UNIT         ?PR?IIC_RADIO_ACK?FM_RADIO
            CODE    61A5H     001CH     UNIT         ?PR?GETIRSTATUS?IR
            CODE    61C1H     001BH     UNIT         ?PR?DISPLAYERINIT?DISPLAYER
            CODE    61DCH     001AH     UNIT         ?PR?_DELAY_MS?OLED
            CODE    61F6H     0019H     UNIT         ?PR?_DS1302WRITEBYTE?DS1302
            CODE    620FH     0019H     UNIT         ?PR?RTC_WRITE?DS1302
            CODE    6228H     0019H     UNIT         ?PR?_OLED_COLORTURN?OLED
            CODE    6241H     0018H     UNIT         ?PR?DS1302READBYTE?DS1302
            CODE    6259H     0018H     UNIT         ?PR?_OLED_POW?OLED
            CODE    6271H     0016H     UNIT         ?PR?MYVIB_CALLBACK?MAIN
            CODE    6287H     0015H     UNIT         ?PR?OLED_DISPLAY_OFF?OLED
            CODE    629CH     0013H     UNIT         ?PR?_DELAY?FM_RADIO
            CODE    62AFH     0013H     UNIT         ?PR?IIC_RADIO_START?FM_RADIO
            CODE    62C2H     0012H     UNIT         ?PR?_NVM_READ?DS1302
            CODE    62D4H     0011H     UNIT         ?PR?_SETCCP0?SYS
            CODE    62E5H     0010H     UNIT         ?PR?_IRINIT?IR
            CODE    62F5H     000FH     UNIT         ?PR?_?GETVIBACT?VIB
            CODE    6304H     000FH     UNIT         ?PR?MUSICPLAYERINIT?MUSIC
            CODE    6313H     000FH     UNIT         ?PR?I2C_START?OLED
            CODE    6322H     000FH     UNIT         ?PR?I2C_WAITACK?OLED
            CODE    6331H     000EH     UNIT         ?PR?_?SYS_GET_KNEVENT?ADC
            CODE    633FH     000EH     UNIT         ?PR?_?SYS_GET_EXTADCEVENT?ADC
            CODE    634DH     000EH     UNIT         ?PR?_?SYS_GET_KEYEVENT?KEY
            CODE    635BH     000EH     UNIT         ?PR?_?SYS_GET_SVEVENT?VIB
            CODE    6369H     000CH     UNIT         ?PR?GETBEEPSTATUS?BEEP
            CODE    6375H     000CH     UNIT         ?PR?IIC_RADIO_STOP?FM_RADIO
            CODE    6381H     000AH     UNIT         ?PR?I2C_STOP?OLED
            CODE    638BH     0009H     UNIT         ?CO?ADC
            CODE    6394H     0009H     UNIT         ?PR?_SETDISPLAYERAREA?DISPLAYER
            CODE    639DH     0009H     UNIT         ?PR?GETBEEPTIMER?SYS
            CODE    63A6H     0009H     UNIT         ?PR?_SETBEEPTIMER?SYS
            CODE    63AFH     0009H     UNIT         ?PR?_SETIRRXD?IR
            CODE    63B8H     0009H     UNIT         ?PR?IIC_DELAY?OLED
            CODE    63C1H     0007H     UNIT         ?PR?GETSYSPERFORMANCE?SYS
            CODE    63C8H     0007H     UNIT         ?PR?RTC_READ?DS1302
            CODE    63CFH     0006H     UNIT         ?PR?ADC_ISR?ADC
            CODE    63D5H     0006H     UNIT         ?PR?_LEDPRINT?DISPLAYER
            CODE    63DBH     0006H     UNIT         ?PR?MYSTC_INIT?SYS
            CODE    63E1H     0006H     UNIT         ?PR?GETPLAYERMODE?MUSIC
            CODE    63E7H     0003H     UNIT         ?PR?_?RET0FUNC?SYS
            CODE    63EAH     0003H     UNIT         ?PR?CLRBEEPPIN?SYS
            CODE    63EDH     0003H     UNIT         ?PR?GETIRRXNUM?IR



OVERLAY MAP OF MODULE:   .\output\BSP_Demo (MAIN)


SEGMENT                                      BIT_GROUP          DATA_GROUP 
  +--> CALLED SEGMENT                     START    LENGTH     START    LENGTH
-----------------------------------------------------------------------------
?C_C51STARTUP                             -----    -----      -----    -----
  +--> ?PR?MAIN?MAIN
  +--> ?C_INITSEG

BL51 BANKED LINKER/LOCATER V6.22                                                      09/04/2023  17:34:34  PAGE 5


?PR?MAIN?MAIN                             -----    -----      -----    -----
  +--> ?PR?KEYINIT?KEY
  +--> ?PR?BEEPINIT?BEEP
  +--> ?PR?OLED_INIT?OLED
  +--> ?PR?_ADCINIT?ADC
  +--> ?PR?DISPLAYERINIT?DISPLAYER
  +--> ?CO?MAIN
  +--> ?PR?DS1302INIT?DS1302
  +--> ?PR?FMRADIOINIT?FM_RADIO
  +--> ?PR?MUSICPLAYERINIT?MUSIC
  +--> ?PR?_IRINIT?IR
  +--> ?PR?VIBINIT?VIB
  +--> ?PR?MYKEY_CALLBACK?MAIN
  +--> ?PR?_SETEVENTCALLBACK?SYS
  +--> ?PR?MY100MS_CALLBACK?MAIN
  +--> ?PR?MYKN_CALLBACK?MAIN
  +--> ?PR?MYVIB_CALLBACK?MAIN
  +--> ?PR?INITIAL_INTERFACE?MAIN
  +--> ?PR?_SETDISPLAYERAREA?DISPLAYER
  +--> ?PR?MYSTC_INIT?SYS
  +--> ?PR?MYSTC_OS?SYS

?PR?KEYINIT?KEY                           -----    -----      -----    -----
  +--> ?PR?_?SYS_GET_KEYEVENT?KEY
  +--> ?PR?_?SYS_KEY_DRV?KEY

?PR?BEEPINIT?BEEP                         -----    -----      -----    -----
  +--> ?PR?CLRBEEPPIN?SYS
  +--> ?PR?_?SYS_BEEP_DRV?BEEP

?PR?_?SYS_BEEP_DRV?BEEP                   -----    -----      -----    -----
  +--> ?PR?GETBEEPTIMER?SYS
  +--> ?PR?_SETBEEPTIMER?SYS

?PR?OLED_INIT?OLED                        -----    -----      -----    -----
  +--> ?PR?_DELAY_MS?OLED
  +--> ?PR?_OLED_WR_BYTE?OLED
  +--> ?PR?OLED_CLEAR?OLED

?PR?_OLED_WR_BYTE?OLED                    -----    -----      -----    -----
  +--> ?PR?I2C_START?OLED
  +--> ?PR?_SEND_BYTE?OLED
  +--> ?PR?I2C_WAITACK?OLED
  +--> ?PR?I2C_STOP?OLED

?PR?I2C_START?OLED                        -----    -----      -----    -----
  +--> ?PR?IIC_DELAY?OLED

?PR?_SEND_BYTE?OLED                       -----    -----      -----    -----
  +--> ?PR?IIC_DELAY?OLED

?PR?I2C_WAITACK?OLED                      -----    -----      -----    -----
  +--> ?PR?IIC_DELAY?OLED

?PR?I2C_STOP?OLED                         -----    -----      -----    -----
  +--> ?PR?IIC_DELAY?OLED

BL51 BANKED LINKER/LOCATER V6.22                                                      09/04/2023  17:34:34  PAGE 6


?PR?OLED_CLEAR?OLED                       -----    -----      002EH    0001H
  +--> ?PR?_OLED_WR_BYTE?OLED

?PR?_ADCINIT?ADC                          -----    -----      -----    -----
  +--> ?PR?_?SYS_ADC_DRV?ADC
  +--> ?PR?_?SYS_GET_KNEVENT?ADC
  +--> ?PR?_?SYS_GET_EXTADCEVENT?ADC

?PR?_?SYS_ADC_DRV?ADC                     -----    -----      -----    -----
  +--> ?CO?ADC

?PR?DISPLAYERINIT?DISPLAYER               -----    -----      -----    -----
  +--> ?PR?_?SYS_DISPLAY_DRV?DISPLAYER

?PR?_?SYS_DISPLAY_DRV?DISPLAYER           -----    -----      -----    -----
  +--> ?CO?MAIN

?PR?DS1302INIT?DS1302                     -----    -----      0026H    0007H
  +--> ?PR?_DS1302READ?DS1302
  +--> ?PR?_DS1302WRITE?DS1302
  +--> ?PR?_NVM_READ?DS1302
  +--> ?PR?RTC_WRITE?DS1302
  +--> ?PR?_NVM_WRITE?DS1302
  +--> ?PR?_?SYS_DS1302_DRV?DS1302

?PR?_DS1302READ?DS1302                    -----    -----      -----    -----
  +--> ?PR?_DS1302WRITEBYTE?DS1302
  +--> ?PR?DS1302READBYTE?DS1302

?PR?_DS1302WRITE?DS1302                   -----    -----      -----    -----
  +--> ?PR?_DS1302WRITEBYTE?DS1302

?PR?_NVM_READ?DS1302                      -----    -----      -----    -----
  +--> ?PR?_DS1302READ?DS1302

?PR?RTC_WRITE?DS1302                      -----    -----      002DH    0007H

?PR?_NVM_WRITE?DS1302                     -----    -----      -----    -----
  +--> ?PR?_DS1302WRITE?DS1302

?PR?_?SYS_DS1302_DRV?DS1302               -----    -----      -----    -----
  +--> ?PR?_DS1302READ?DS1302
  +--> ?PR?_DS1302WRITE?DS1302

?PR?FMRADIOINIT?FM_RADIO                  -----    -----      0026H    0006H
  +--> ?PR?SETFMRADIO?FM_RADIO
  +--> ?PR?_?SYS_FMRADIO_DRV?FM_RADIO

?PR?SETFMRADIO?FM_RADIO                   -----    -----      0031H    0006H
  +--> ?PR?GETFMRADIO?FM_RADIO

?PR?GETFMRADIO?FM_RADIO                   -----    -----      0037H    0006H

?PR?_?SYS_FMRADIO_DRV?FM_RADIO            -----    -----      -----    -----
  +--> ?PR?IIC_RADIO_START?FM_RADIO
  +--> ?PR?_IIC_RADIO_WRITEBYTE?FM_RADIO
  +--> ?PR?IIC_RADIO_ACK?FM_RADIO
BL51 BANKED LINKER/LOCATER V6.22                                                      09/04/2023  17:34:34  PAGE 7


  +--> ?PR?IIC_RADIO_STOP?FM_RADIO

?PR?IIC_RADIO_START?FM_RADIO              -----    -----      -----    -----
  +--> ?PR?_DELAY?FM_RADIO

?PR?_IIC_RADIO_WRITEBYTE?FM_RADIO         -----    -----      -----    -----
  +--> ?PR?_DELAY?FM_RADIO

?PR?IIC_RADIO_ACK?FM_RADIO                -----    -----      -----    -----
  +--> ?PR?_DELAY?FM_RADIO

?PR?IIC_RADIO_STOP?FM_RADIO               -----    -----      -----    -----
  +--> ?PR?_DELAY?FM_RADIO

?PR?MUSICPLAYERINIT?MUSIC                 -----    -----      -----    -----
  +--> ?PR?_?SYS_MUSIC_DRV?MUSIC

?PR?_?SYS_MUSIC_DRV?MUSIC                 -----    -----      -----    -----
  +--> ?PR?GETBEEPSTATUS?BEEP
  +--> ?PR?_SEG7PRINT?DISPLAYER
  +--> ?PR?_LEDPRINT?DISPLAYER
  +--> ?PR?_PLAYTONE?MUSIC

?PR?GETBEEPSTATUS?BEEP                    -----    -----      -----    -----
  +--> ?PR?GETBEEPTIMER?SYS

?PR?_SEG7PRINT?DISPLAYER                  -----    -----      002EH    0008H

?PR?_PLAYTONE?MUSIC                       -----    -----      0026H    0006H
  +--> ?PR?GETBEEPSTATUS?BEEP
  +--> ?CO?MUSIC
  +--> ?PR?_SETBEEP?BEEP

?PR?_SETBEEP?BEEP                         -----    -----      0031H    0004H
  +--> ?PR?GETBEEPTIMER?SYS
  +--> ?PR?_SETBEEPTIMER?SYS
  +--> ?CO?MAIN
  +--> ?PR?_SETCCP0?SYS
  +--> ?PR?CLRBEEPPIN?SYS

?PR?VIBINIT?VIB                           -----    -----      -----    -----
  +--> ?PR?_?SYS_GET_SVEVENT?VIB
  +--> ?PR?_?SYS_SV_DRV?VIB

?PR?MYKEY_CALLBACK?MAIN                   -----    -----      0026H    0002H
  +--> ?PR?_GETKEYACT?KEY
  +--> ?PR?_SETBEEP?BEEP
  +--> ?PR?GETPLAYERMODE?MUSIC
  +--> ?CO?MAIN
  +--> ?PR?_SETMUSIC?MUSIC
  +--> ?PR?_SETPLAYERMODE?MUSIC

?PR?_SETMUSIC?MUSIC                       -----    -----      0028H    0008H

?PR?_SETEVENTCALLBACK?SYS                 -----    -----      0026H    0003H

?PR?MY100MS_CALLBACK?MAIN                 -----    -----      0026H    0008H
BL51 BANKED LINKER/LOCATER V6.22                                                      09/04/2023  17:34:34  PAGE 8


  +--> ?PR?OLED_DISPLAY?MAIN
  +--> ?PR?_SETBEEP?BEEP
  +--> ?CO?MAIN
  +--> ?PR?_OLED_SHOWSTRING?OLED
  +--> ?PR?_SEG7PRINT?DISPLAYER
  +--> ?PR?_LEDPRINT?DISPLAYER
  +--> ?PR?RTC_READ?DS1302
  +--> ?PR?GETADC?ADC
  +--> ?PR?_TEM_CALCULATE?MAIN
  +--> ?PR?GETFMRADIO?FM_RADIO
  +--> ?PR?GETPLAYERMODE?MUSIC

?PR?OLED_DISPLAY?MAIN                     -----    -----      -----    -----
  +--> ?PR?OLED_CLEAR?OLED
  +--> ?PR?_OLED_COLORTURN?OLED
  +--> ?CO?MAIN
  +--> ?PR?_OLED_SHOWSTRING?OLED
  +--> ?PR?_OLED_SHOWCHINESE?OLED
  +--> ?PR?_OLED_DRAWBMP1?OLED

?PR?_OLED_COLORTURN?OLED                  -----    -----      002EH    0001H
  +--> ?PR?_OLED_WR_BYTE?OLED

?PR?_OLED_SHOWSTRING?OLED                 -----    -----      002EH    0007H
  +--> ?PR?_OLED_SHOWCHAR?OLED

?PR?_OLED_SHOWCHAR?OLED                   -----    -----      0035H    000AH
  +--> ?PR?_OLED_SET_POS?OLED
  +--> ?CO?OLED
  +--> ?PR?_OLED_WR_BYTE?OLED

?PR?_OLED_SET_POS?OLED                    -----    -----      -----    -----
  +--> ?PR?_OLED_WR_BYTE?OLED

?PR?_OLED_SHOWCHINESE?OLED                -----    -----      002EH    0004H
  +--> ?PR?_OLED_SET_POS?OLED
  +--> ?CO?OLED
  +--> ?PR?_OLED_WR_BYTE?OLED

?PR?_OLED_DRAWBMP1?OLED                   -----    -----      002EH    000BH
  +--> ?PR?_OLED_SET_POS?OLED
  +--> ?PR?_OLED_WR_BYTE?OLED

?PR?_TEM_CALCULATE?MAIN                   -----    -----      002EH    0008H
  +--> ?PR?LOG?LOG

?PR?LOG?LOG                               0025H.0  0000H.1    0036H    0004H

?PR?MYKN_CALLBACK?MAIN                    -----    -----      0026H    000BH
  +--> ?PR?_GETADCNAVACT?ADC
  +--> ?PR?_SETBEEP?BEEP
  +--> ?PR?GETFMRADIO?FM_RADIO
  +--> ?PR?SETFMRADIO?FM_RADIO

?PR?MYVIB_CALLBACK?MAIN                   -----    -----      -----    -----
  +--> ?PR?_SETBEEP?BEEP

BL51 BANKED LINKER/LOCATER V6.22                                                      09/04/2023  17:34:34  PAGE 9


?PR?INITIAL_INTERFACE?MAIN                -----    -----      -----    -----
  +--> ?CO?MAIN
  +--> ?PR?_OLED_DRAWBMP?OLED
  +--> ?PR?_OLED_SHOWSTRING?OLED

?PR?_OLED_DRAWBMP?OLED                    -----    -----      0026H    000BH
  +--> ?PR?_OLED_SET_POS?OLED
  +--> ?PR?_OLED_WR_BYTE?OLED

?PR?MYSTC_INIT?SYS                        -----    -----      -----    -----
  +--> ?PR?SYS_TIMER0_INIT?SYS

?PR?SYS_TIMER0_INIT?SYS                   -----    -----      -----    -----
  +--> ?CO?MAIN

?PR?MYSTC_OS?SYS                          -----    -----      -----    -----
  +--> ?PR?SYS_TASK_IR?SYS
  +--> ?PR?SYS_TASK_1MS?SYS
  +--> ?PR?SYS_TASK_10MS?SYS
  +--> ?PR?SYS_TASK_100MS?SYS
  +--> ?PR?SYS_TASK_1S?SYS

?C_INITSEG                                -----    -----      -----    -----
  +--> ?PR?_?NULLFUNC?SYS
  +--> ?PR?_?RET0FUNC?SYS



SYMBOL TABLE OF MODULE:  .\output\BSP_Demo (MAIN)

  VALUE           TYPE          NAME
  ----------------------------------

  -------         MODULE        MAIN
  C:0000H         SYMBOL        _ICE_DUMMY_
  C:16D3H         PUBLIC        radio_origin
  D:0080H         PUBLIC        P0
  B:0020H.0       PUBLIC        temperature_change
  D:0090H         PUBLIC        P1
  C:4414H         PUBLIC        oled_display
  D:00A0H         PUBLIC        P2
  C:0E61H         PUBLIC        light_avater
  D:00B0H         PUBLIC        P3
  D:00C0H         PUBLIC        P4
  B:0020H.1       PUBLIC        timer_second
  D:00C8H         PUBLIC        P5
  D:00E8H         PUBLIC        P6
  D:00F8H         PUBLIC        P7
  D:0008H         PUBLIC        previous_state
  B:0020H.2       PUBLIC        temperature_mode_change
  C:1261H         PUBLIC        music_avater
  C:1061H         PUBLIC        timer_avater
  D:00A8H         PUBLIC        IE
  B:0020H.3       PUBLIC        FM_volume
  C:00FBH         PUBLIC        BMP0
  C:3A4CH         PUBLIC        myKN_callback
  D:0009H         PUBLIC        clock_mode
BL51 BANKED LINKER/LOCATER V6.22                                                      09/04/2023  17:34:34  PAGE 10


  D:00B8H         PUBLIC        IP
  D:000AH         PUBLIC        light_intensity_lowerlimit
  B:0020H.4       PUBLIC        timer_minute
  C:0514H         PUBLIC        song_TruE
  D:000BH         PUBLIC        light_intensity_upperlimit
  C:6271H         PUBLIC        myVib_callback
  C:0A61H         PUBLIC        temperature_avater
  D:000CH         PUBLIC        timer
  D:000EH         PUBLIC        state
  D:00D8H         PUBLIC        CCON
  C:4852H         PUBLIC        myKey_callback
  C:556FH         PUBLIC        main
  C:16A4H         PUBLIC        mode
  B:0020H.5       PUBLIC        FM_mutex
  D:000FH         PUBLIC        count
  C:1661H         PUBLIC        SysClock
  B:0020H.6       PUBLIC        temperature_lowerlimit_change
  B:0020H.7       PUBLIC        temperature_upperlimit_change
  B:0021H.0       PUBLIC        light_intensity_change
  D:0098H         PUBLIC        SCON
  D:0088H         PUBLIC        TCON
  C:16CCH         PUBLIC        rtc_origin
  C:03FBH         PUBLIC        song
  B:0021H.1       PUBLIC        light_intensity_mode_change
  B:0021H.2       PUBLIC        temperature_mode
  B:0021H.3       PUBLIC        key_flag
  C:16B8H         PUBLIC        next_mode
  D:0010H         PUBLIC        rtc
  C:0C61H         PUBLIC        stopwatch_avater
  B:0021H.4       PUBLIC        FM_frequency
  C:2831H         PUBLIC        my100mS_callback
  C:1665H         PUBLIC        decode_table
  B:0021H.5       PUBLIC        timer_run
  C:5449H         PUBLIC        _tem_calculate
  D:0017H         PUBLIC        time1
  D:0019H         PUBLIC        time2
  B:0021H.6       PUBLIC        light_intensity_lowerlimit_change
  D:001BH         PUBLIC        temperature_lowerlimit
  C:5FDBH         PUBLIC        Initial_interface
  B:0021H.7       PUBLIC        light_intensity_upperlimit_change
  D:001DH         PUBLIC        vib_old_state
  D:001EH         PUBLIC        temperature_upperlimit
  B:0022H.0       PUBLIC        transfer
  B:0022H.1       PUBLIC        timer_change
  B:0022H.2       PUBLIC        oled_change
  B:0022H.3       PUBLIC        light_intensity_mode
  B:0022H.4       PUBLIC        stopwatch_1
  B:0022H.5       PUBLIC        stopwatch_2
  C:0861H         PUBLIC        clock_avater
  C:1461H         PUBLIC        FM_avater
  D:00D0H         PUBLIC        PSW
  -------         PROC          MAIN
  C:556FH         LINE#         73
  C:556FH         LINE#         74
  C:556FH         LINE#         77
  C:5572H         LINE#         78
  C:5575H         LINE#         79
BL51 BANKED LINKER/LOCATER V6.22                                                      09/04/2023  17:34:34  PAGE 11


  C:5578H         LINE#         80
  C:557DH         LINE#         81
  C:5580H         LINE#         82
  C:5596H         LINE#         83
  C:55ACH         LINE#         84
  C:55AFH         LINE#         85
  C:55B4H         LINE#         86
  C:55B7H         LINE#         91
  C:55C2H         LINE#         92
  C:55CDH         LINE#         93
  C:55D8H         LINE#         94
  C:55E3H         LINE#         100
  C:55E6H         LINE#         101
  C:55E8H         LINE#         102
  C:55EAH         LINE#         103
  C:55EDH         LINE#         104
  C:55F4H         LINE#         108
  C:55F7H         LINE#         109
  C:55F7H         LINE#         110
  C:55F7H         LINE#         111
  C:55FAH         LINE#         113
  -------         ENDPROC       MAIN
  -------         PROC          INITIAL_INTERFACE
  C:5FDBH         LINE#         117
  C:5FDBH         LINE#         118
  C:5FDBH         LINE#         119
  C:5FEFH         LINE#         120
  C:5FFFH         LINE#         121
  C:6002H         LINE#         122
  -------         ENDPROC       INITIAL_INTERFACE
  -------         PROC          MYKN_CALLBACK
  -------         DO            
  D:0026H         SYMBOL        K3
  D:0027H         SYMBOL        up
  D:0028H         SYMBOL        down
  D:0029H         SYMBOL        left
  D:002AH         SYMBOL        right
  -------         DO            
  D:002BH         SYMBOL        radio
  -------         ENDDO         
  -------         ENDDO         
  C:3A4CH         LINE#         125
  C:3A4CH         LINE#         126
  C:3A4CH         LINE#         127
  C:3A53H         LINE#         128
  C:3A5AH         LINE#         129
  C:3A61H         LINE#         130
  C:3A68H         LINE#         131
  C:3A6FH         LINE#         134
  C:3A74H         LINE#         135
  C:3A74H         LINE#         136
  C:3A79H         LINE#         137
  C:3A79H         LINE#         138
  C:3A7BH         LINE#         139
  C:3A83H         LINE#         140
  C:3A8EH         LINE#         141
  C:3A8EH         LINE#         142
BL51 BANKED LINKER/LOCATER V6.22                                                      09/04/2023  17:34:34  PAGE 12


  C:3A8EH         LINE#         145
  C:3A9DH         LINE#         146
  C:3A9DH         LINE#         147
  C:3AA2H         LINE#         148
  C:3AA2H         LINE#         149
  C:3AAFH         LINE#         150
  C:3ABDH         LINE#         151
  C:3ABDH         LINE#         152
  C:3ABFH         LINE#         153
  C:3AC5H         LINE#         154
  C:3AC5H         LINE#         155
  C:3AE5H         LINE#         156
  C:3B0EH         LINE#         157
  C:3B19H         LINE#         158
  C:3B19H         LINE#         159
  C:3B1EH         LINE#         160
  C:3B1EH         LINE#         161
  C:3B25H         LINE#         162
  C:3B30H         LINE#         163
  C:3B30H         LINE#         164
  C:3B35H         LINE#         165
  C:3B35H         LINE#         166
  C:3B3CH         LINE#         167
  C:3B47H         LINE#         168
  C:3B47H         LINE#         169
  C:3B47H         LINE#         172
  C:3B4FH         LINE#         173
  C:3B4FH         LINE#         174
  C:3B54H         LINE#         175
  C:3B54H         LINE#         176
  C:3B56H         LINE#         177
  C:3B56H         LINE#         178
  C:3B56H         LINE#         181
  C:3B65H         LINE#         182
  C:3B65H         LINE#         183
  C:3B6BH         LINE#         184
  C:3B6BH         LINE#         185
  C:3B6EH         LINE#         186
  C:3B6EH         LINE#         187
  C:3B92H         LINE#         188
  C:3B94H         LINE#         189
  C:3B97H         LINE#         190
  C:3B97H         LINE#         191
  C:3BB2H         LINE#         192
  C:3BB4H         LINE#         193
  C:3BB7H         LINE#         194
  C:3BB7H         LINE#         195
  C:3BB9H         LINE#         196
  C:3BB9H         LINE#         197
  C:3BB9H         LINE#         198
  C:3BBBH         LINE#         199
  C:3BC1H         LINE#         200
  C:3BC1H         LINE#         201
  C:3BC4H         LINE#         202
  C:3BC4H         LINE#         203
  C:3BD0H         LINE#         204
  C:3BD2H         LINE#         205
BL51 BANKED LINKER/LOCATER V6.22                                                      09/04/2023  17:34:34  PAGE 13


  C:3BD5H         LINE#         206
  C:3BD5H         LINE#         207
  C:3BE7H         LINE#         208
  C:3BE9H         LINE#         209
  C:3BECH         LINE#         210
  C:3BECH         LINE#         211
  C:3BEEH         LINE#         212
  C:3BEEH         LINE#         213
  C:3BF9H         LINE#         214
  C:3BF9H         LINE#         215
  C:3BFEH         LINE#         216
  C:3BFEH         LINE#         217
  C:3C01H         LINE#         218
  C:3C01H         LINE#         219
  C:3C03H         LINE#         220
  C:3C05H         LINE#         221
  C:3C05H         LINE#         222
  C:3C08H         LINE#         223
  C:3C08H         LINE#         224
  C:3C0AH         LINE#         225
  C:3C0CH         LINE#         226
  C:3C0CH         LINE#         227
  C:3C17H         LINE#         228
  C:3C17H         LINE#         229
  C:3C1CH         LINE#         230
  C:3C1CH         LINE#         231
  C:3C1FH         LINE#         232
  C:3C1FH         LINE#         233
  C:3C21H         LINE#         234
  C:3C23H         LINE#         235
  C:3C23H         LINE#         236
  C:3C26H         LINE#         237
  C:3C26H         LINE#         238
  C:3C28H         LINE#         239
  C:3C2AH         LINE#         240
  C:3C2AH         LINE#         241
  C:3C35H         LINE#         242
  C:3C35H         LINE#         243
  C:3C35H         LINE#         246
  C:3C44H         LINE#         247
  C:3C44H         LINE#         248
  C:3C4AH         LINE#         249
  C:3C4AH         LINE#         250
  C:3C4DH         LINE#         251
  C:3C4DH         LINE#         252
  C:3C67H         LINE#         253
  C:3C69H         LINE#         254
  C:3C6CH         LINE#         255
  C:3C6CH         LINE#         256
  C:3C86H         LINE#         257
  C:3C88H         LINE#         258
  C:3C8BH         LINE#         259
  C:3C8BH         LINE#         260
  C:3C8DH         LINE#         261
  C:3C8DH         LINE#         262
  C:3C8DH         LINE#         263
  C:3C8FH         LINE#         264
BL51 BANKED LINKER/LOCATER V6.22                                                      09/04/2023  17:34:34  PAGE 14


  C:3C95H         LINE#         265
  C:3C95H         LINE#         266
  C:3C98H         LINE#         267
  C:3C98H         LINE#         268
  C:3CB3H         LINE#         269
  C:3CB5H         LINE#         270
  C:3CB8H         LINE#         271
  C:3CB8H         LINE#         272
  C:3CD3H         LINE#         273
  C:3CD5H         LINE#         274
  C:3CD8H         LINE#         275
  C:3CD8H         LINE#         276
  C:3CDAH         LINE#         277
  C:3CDAH         LINE#         278
  C:3CE5H         LINE#         279
  C:3CE5H         LINE#         280
  C:3CEAH         LINE#         281
  C:3CEAH         LINE#         282
  C:3CEDH         LINE#         283
  C:3CEDH         LINE#         284
  C:3CEFH         LINE#         285
  C:3CF1H         LINE#         286
  C:3CF1H         LINE#         287
  C:3CF4H         LINE#         288
  C:3CF4H         LINE#         289
  C:3CF6H         LINE#         290
  C:3CF8H         LINE#         291
  C:3CF8H         LINE#         292
  C:3D03H         LINE#         293
  C:3D03H         LINE#         294
  C:3D08H         LINE#         295
  C:3D08H         LINE#         296
  C:3D0BH         LINE#         297
  C:3D0BH         LINE#         298
  C:3D0DH         LINE#         299
  C:3D0FH         LINE#         300
  C:3D0FH         LINE#         301
  C:3D12H         LINE#         302
  C:3D12H         LINE#         303
  C:3D14H         LINE#         304
  C:3D16H         LINE#         305
  C:3D16H         LINE#         306
  C:3D21H         LINE#         307
  C:3D21H         LINE#         308
  C:3D21H         LINE#         311
  C:3D27H         LINE#         312
  C:3D27H         LINE#         313
  C:3D2FH         LINE#         314
  C:3D2FH         LINE#         315
  C:3D31H         LINE#         316
  C:3D33H         LINE#         317
  C:3D33H         LINE#         318
  C:3D35H         LINE#         319
  C:3D40H         LINE#         320
  C:3D40H         LINE#         321
  C:3D42H         LINE#         322
  C:3D44H         LINE#         323
BL51 BANKED LINKER/LOCATER V6.22                                                      09/04/2023  17:34:34  PAGE 15


  C:3D4FH         LINE#         324
  C:3D4FH         LINE#         325
  C:3D4FH         LINE#         329
  C:3D58H         LINE#         330
  C:3D58H         LINE#         332
  C:3D63H         LINE#         333
  C:3D72H         LINE#         334
  C:3D81H         LINE#         335
  C:3D90H         LINE#         336
  C:3D9FH         LINE#         337
  C:3DA4H         LINE#         338
  C:3DA4H         LINE#         339
  C:3DB1H         LINE#         340
  C:3DB6H         LINE#         341
  C:3DB6H         LINE#         342
  C:3DB8H         LINE#         343
  C:3DBDH         LINE#         344
  C:3DBDH         LINE#         345
  C:3DCAH         LINE#         346
  C:3DCFH         LINE#         347
  C:3DDAH         LINE#         348
  C:3DDAH         LINE#         349
  C:3DF0H         LINE#         350
  C:3DF0H         LINE#         352
  -------         ENDPROC       MYKN_CALLBACK
  -------         PROC          MYKEY_CALLBACK
  -------         DO            
  D:0026H         SYMBOL        K1
  D:0027H         SYMBOL        K2
  -------         ENDDO         
  C:4852H         LINE#         356
  C:4852H         LINE#         357
  C:4852H         LINE#         358
  C:4859H         LINE#         359
  C:4860H         LINE#         367
  C:4865H         LINE#         368
  C:4865H         LINE#         369
  C:4867H         LINE#         370
  C:4867H         LINE#         373
  C:486BH         LINE#         374
  C:486BH         LINE#         375
  C:4873H         LINE#         376
  C:4873H         LINE#         377
  C:4876H         LINE#         378
  C:4879H         LINE#         379
  C:487BH         LINE#         380
  C:487DH         LINE#         381
  C:4886H         LINE#         382
  C:4886H         LINE#         383
  C:4897H         LINE#         384
  C:4897H         LINE#         385
  C:489AH         LINE#         386
  C:489FH         LINE#         387
  C:48A1H         LINE#         388
  C:48A3H         LINE#         390
  C:48A3H         LINE#         391
  C:48A6H         LINE#         392
BL51 BANKED LINKER/LOCATER V6.22                                                      09/04/2023  17:34:34  PAGE 16


  C:48A9H         LINE#         393
  C:48ABH         LINE#         394
  C:48ABH         LINE#         395
  C:48ADH         LINE#         396
  C:48ADH         LINE#         397
  C:48AFH         LINE#         398
  C:48B3H         LINE#         399
  C:48B3H         LINE#         400
  C:48B8H         LINE#         401
  C:48B8H         LINE#         402
  C:48BBH         LINE#         403
  C:48BBH         LINE#         404
  C:48BBH         LINE#         407
  C:48C0H         LINE#         408
  C:48C0H         LINE#         409
  C:48C5H         LINE#         410
  C:48C5H         LINE#         411
  C:48D2H         LINE#         412
  C:48D5H         LINE#         413
  C:48D5H         LINE#         414
  C:48D5H         LINE#         417
  C:48DAH         LINE#         418
  C:48DAH         LINE#         419
  C:48DFH         LINE#         420
  C:48DFH         LINE#         421
  C:48E1H         LINE#         422
  C:48E9H         LINE#         423
  C:48F4H         LINE#         424
  C:48F4H         LINE#         425
  C:48F4H         LINE#         428
  C:48FCH         LINE#         429
  C:48FCH         LINE#         430
  C:4901H         LINE#         431
  C:4901H         LINE#         432
  C:4906H         LINE#         433
  C:4908H         LINE#         434
  C:4908H         LINE#         435
  C:4908H         LINE#         438
  C:490DH         LINE#         439
  C:490DH         LINE#         440
  C:4912H         LINE#         441
  C:4912H         LINE#         442
  C:4914H         LINE#         443
  C:4916H         LINE#         444
  C:4916H         LINE#         445
  C:4916H         LINE#         448
  C:491BH         LINE#         449
  C:491BH         LINE#         450
  C:4920H         LINE#         451
  C:4920H         LINE#         452
  C:4922H         LINE#         453
  C:4924H         LINE#         454
  C:4924H         LINE#         455
  C:4924H         LINE#         458
  C:492AH         LINE#         459
  C:492AH         LINE#         460
  C:4932H         LINE#         461
BL51 BANKED LINKER/LOCATER V6.22                                                      09/04/2023  17:34:34  PAGE 17


  C:4932H         LINE#         462
  C:4934H         LINE#         463
  C:4936H         LINE#         464
  C:4936H         LINE#         465
  C:4938H         LINE#         466
  C:4943H         LINE#         467
  C:4943H         LINE#         468
  C:4945H         LINE#         469
  C:4947H         LINE#         470
  C:4952H         LINE#         471
  C:4952H         LINE#         472
  C:4952H         LINE#         475
  C:4958H         LINE#         476
  C:4958H         LINE#         477
  C:4963H         LINE#         478
  C:4963H         LINE#         479
  C:4979H         LINE#         481
  C:4979H         LINE#         482
  C:497BH         LINE#         483
  C:4986H         LINE#         484
  C:4986H         LINE#         485
  C:4988H         LINE#         486
  C:498AH         LINE#         487
  C:4995H         LINE#         488
  C:4995H         LINE#         489
  C:499AH         LINE#         490
  C:499AH         LINE#         491
  C:499AH         LINE#         494
  C:49AEH         LINE#         495
  C:49B3H         LINE#         508
  -------         ENDPROC       MYKEY_CALLBACK
  -------         PROC          MY100MS_CALLBACK
  -------         DO            
  D:0026H         SYMBOL        a
  -------         ENDDO         
  -------         DO            
  D:0026H         SYMBOL        weekday
  -------         ENDDO         
  -------         DO            
  D:0026H         SYMBOL        d0
  D:0027H         SYMBOL        d1
  D:0028H         SYMBOL        d2
  D:0029H         SYMBOL        d3
  D:002AH         SYMBOL        d4
  D:002BH         SYMBOL        d5
  D:002CH         SYMBOL        d6
  D:002DH         SYMBOL        d7
  D:0026H         SYMBOL        num
  D:0026H         SYMBOL        tem_adc
  D:0028H         SYMBOL        tem
  D:0026H         SYMBOL        frequency
  D:0028H         SYMBOL        volume
  D:0029H         SYMBOL        fre0
  D:002AH         SYMBOL        fre1
  D:002BH         SYMBOL        fre2
  D:002CH         SYMBOL        vol0
  D:002DH         SYMBOL        vol1
BL51 BANKED LINKER/LOCATER V6.22                                                      09/04/2023  17:34:34  PAGE 18


  -------         ENDDO         
  -------         DO            
  D:0026H         SYMBOL        num
  D:0026H         SYMBOL        tem_adc
  D:0028H         SYMBOL        tem
  D:0026H         SYMBOL        frequency
  D:0028H         SYMBOL        volume
  D:0029H         SYMBOL        fre0
  D:002AH         SYMBOL        fre1
  D:002BH         SYMBOL        fre2
  D:002CH         SYMBOL        vol0
  D:002DH         SYMBOL        vol1
  -------         ENDDO         
  -------         DO            
  D:0026H         SYMBOL        tem_adc
  D:0028H         SYMBOL        tem
  D:0026H         SYMBOL        frequency
  D:0028H         SYMBOL        volume
  D:0029H         SYMBOL        fre0
  D:002AH         SYMBOL        fre1
  D:002BH         SYMBOL        fre2
  D:002CH         SYMBOL        vol0
  D:002DH         SYMBOL        vol1
  -------         ENDDO         
  -------         DO            
  D:0026H         SYMBOL        frequency
  D:0028H         SYMBOL        volume
  D:0029H         SYMBOL        fre0
  D:002AH         SYMBOL        fre1
  D:002BH         SYMBOL        fre2
  D:002CH         SYMBOL        vol0
  D:002DH         SYMBOL        vol1
  -------         ENDDO         
  C:2831H         LINE#         514
  C:2831H         LINE#         515
  C:2831H         LINE#         516
  C:2834H         LINE#         517
  C:2834H         LINE#         518
  C:2837H         LINE#         519
  C:2839H         LINE#         520
  C:2839H         LINE#         523
  C:2844H         LINE#         524
  C:284FH         LINE#         527
  C:285AH         LINE#         528
  C:2860H         LINE#         529
  C:2860H         LINE#         530
  C:2862H         LINE#         531
  C:286CH         LINE#         532
  C:2872H         LINE#         534
  C:2872H         LINE#         536
  C:28A1H         LINE#         537
  C:28A1H         LINE#         541
  C:28A1H         LINE#         542
  C:28A1H         LINE#         543
  C:28B6H         LINE#         544
  C:28B9H         LINE#         545
  C:28B9H         LINE#         549
BL51 BANKED LINKER/LOCATER V6.22                                                      09/04/2023  17:34:34  PAGE 19


  C:28B9H         LINE#         550
  C:28B9H         LINE#         551
  C:28BCH         LINE#         552
  C:28BCH         LINE#         553
  C:28CCH         LINE#         554
  C:28CEH         LINE#         555
  C:28D0H         LINE#         556
  C:28D0H         LINE#         557
  C:2903H         LINE#         558
  C:2905H         LINE#         559
  C:2907H         LINE#         560
  C:2907H         LINE#         564
  C:2907H         LINE#         565
  C:2907H         LINE#         567
  C:291FH         LINE#         569
  C:2929H         LINE#         570
  C:292CH         LINE#         571
  C:2931H         LINE#         572
  C:2931H         LINE#         573
  C:2931H         LINE#         578
  C:2931H         LINE#         579
  C:2931H         LINE#         580
  C:2941H         LINE#         581
  C:2950H         LINE#         582
  C:2950H         LINE#         583
  C:2950H         LINE#         584
  C:2950H         LINE#         585
  C:297AH         LINE#         586
  C:297DH         LINE#         587
  C:297DH         LINE#         588
  C:297DH         LINE#         589
  C:297DH         LINE#         590
  C:29A7H         LINE#         591
  C:29AAH         LINE#         592
  C:29AAH         LINE#         593
  C:29AAH         LINE#         594
  C:29AAH         LINE#         595
  C:29ADH         LINE#         596
  C:29DBH         LINE#         597
  C:29DBH         LINE#         598
  C:29F3H         LINE#         599
  C:2A0BH         LINE#         600
  C:2A23H         LINE#         601
  C:2A3BH         LINE#         602
  C:2A53H         LINE#         603
  C:2A6BH         LINE#         604
  C:2A83H         LINE#         605
  C:2A83H         LINE#         606
  C:2A83H         LINE#         607
  C:2A83H         LINE#         608
  C:2A83H         LINE#         610
  C:2A83H         LINE#         611
  C:2A83H         LINE#         616
  C:2A83H         LINE#         617
  C:2A83H         LINE#         620
  C:2A9EH         LINE#         621
  C:2AB9H         LINE#         622
BL51 BANKED LINKER/LOCATER V6.22                                                      09/04/2023  17:34:34  PAGE 20


  C:2AD0H         LINE#         623
  C:2ADDH         LINE#         625
  C:2AF8H         LINE#         626
  C:2B13H         LINE#         627
  C:2B2AH         LINE#         628
  C:2B37H         LINE#         630
  C:2B4CH         LINE#         632
  C:2B4FH         LINE#         633
  C:2B4FH         LINE#         637
  C:2B4FH         LINE#         638
  C:2B4FH         LINE#         639
  C:2B51H         LINE#         640
  C:2B5AH         LINE#         641
  C:2B5AH         LINE#         642
  C:2B5AH         LINE#         643
  C:2B5CH         LINE#         645
  C:2B5CH         LINE#         646
  C:2B62H         LINE#         647
  C:2B62H         LINE#         648
  C:2C02H         LINE#         649
  C:2C9FH         LINE#         650
  C:2CA2H         LINE#         651
  C:2CA5H         LINE#         652
  C:2CA5H         LINE#         653
  C:2D05H         LINE#         654
  C:2D07H         LINE#         655
  C:2D0AH         LINE#         656
  C:2D0AH         LINE#         657
  C:2D53H         LINE#         658
  C:2D53H         LINE#         659
  C:2D53H         LINE#         660
  C:2D5FH         LINE#         661
  C:2D62H         LINE#         662
  C:2D62H         LINE#         666
  C:2D62H         LINE#         667
  C:2D62H         LINE#         668
  C:2D74H         LINE#         670
  C:2D77H         LINE#         671
  C:2D77H         LINE#         672
  C:2DB5H         LINE#         673
  C:2DBBH         LINE#         674
  C:2DBBH         LINE#         675
  C:2DCBH         LINE#         676
  C:2DCBH         LINE#         677
  C:2DCBH         LINE#         678
  C:2DCEH         LINE#         679
  C:2DE1H         LINE#         680
  C:2DE1H         LINE#         681
  C:2DE1H         LINE#         682
  C:2DE1H         LINE#         683
  C:2DE1H         LINE#         684
  C:2DE4H         LINE#         685
  C:2DEAH         LINE#         686
  C:2DEAH         LINE#         687
  C:2DECH         LINE#         689
  C:2DF5H         LINE#         690
  C:2DF5H         LINE#         691
BL51 BANKED LINKER/LOCATER V6.22                                                      09/04/2023  17:34:34  PAGE 21


  C:2E59H         LINE#         699
  C:2E5CH         LINE#         701
  C:2E5CH         LINE#         702
  C:2E5FH         LINE#         703
  C:2E5FH         LINE#         704
  C:2E9DH         LINE#         710
  C:2EA0H         LINE#         711
  C:2EA3H         LINE#         712
  C:2EA3H         LINE#         713
  C:2EE1H         LINE#         719
  C:2EE3H         LINE#         720
  C:2EE6H         LINE#         721
  C:2EE6H         LINE#         722
  C:2F4AH         LINE#         730
  C:2F4AH         LINE#         731
  C:2F4AH         LINE#         732
  C:2F56H         LINE#         733
  C:2F56H         LINE#         735
  C:2F59H         LINE#         736
  C:2F59H         LINE#         740
  C:2F59H         LINE#         741
  C:2F59H         LINE#         742
  C:2F6BH         LINE#         743
  C:2F75H         LINE#         745
  C:2F7BH         LINE#         746
  C:2F7BH         LINE#         747
  C:2FC0H         LINE#         749
  C:2FC6H         LINE#         750
  C:2FC6H         LINE#         751
  C:2FDAH         LINE#         752
  C:2FDAH         LINE#         753
  C:2FE2H         LINE#         754
  C:2FE4H         LINE#         755
  C:2FFBH         LINE#         756
  C:2FFBH         LINE#         757
  C:3006H         LINE#         758
  C:3006H         LINE#         759
  C:3006H         LINE#         760
  C:3006H         LINE#         761
  C:300CH         LINE#         762
  C:300CH         LINE#         763
  C:300EH         LINE#         765
  C:301AH         LINE#         766
  C:301AH         LINE#         767
  C:309BH         LINE#         775
  C:309EH         LINE#         777
  C:309EH         LINE#         778
  C:30A1H         LINE#         779
  C:30A1H         LINE#         780
  C:30EEH         LINE#         786
  C:30F1H         LINE#         787
  C:30F4H         LINE#         788
  C:30F4H         LINE#         789
  C:3142H         LINE#         795
  C:3145H         LINE#         796
  C:314BH         LINE#         797
  C:314BH         LINE#         798
BL51 BANKED LINKER/LOCATER V6.22                                                      09/04/2023  17:34:34  PAGE 22


  C:31C8H         LINE#         806
  C:31C8H         LINE#         807
  C:31C8H         LINE#         808
  C:31D4H         LINE#         809
  C:31D4H         LINE#         811
  C:31D7H         LINE#         812
  C:31D7H         LINE#         817
  C:31D7H         LINE#         818
  C:31D7H         LINE#         819
  C:31E2H         LINE#         820
  C:31F1H         LINE#         822
  C:31FEH         LINE#         823
  C:3215H         LINE#         824
  C:3230H         LINE#         825
  C:3239H         LINE#         826
  C:3246H         LINE#         827
  C:3248H         LINE#         828
  C:3251H         LINE#         829
  C:3251H         LINE#         830
  C:3251H         LINE#         831
  C:3253H         LINE#         833
  C:3253H         LINE#         834
  C:3259H         LINE#         835
  C:3259H         LINE#         836
  C:3268H         LINE#         837
  C:326AH         LINE#         838
  C:326DH         LINE#         839
  C:326DH         LINE#         840
  C:3280H         LINE#         841
  C:3282H         LINE#         842
  C:3285H         LINE#         843
  C:3285H         LINE#         844
  C:329DH         LINE#         845
  C:329DH         LINE#         846
  C:329DH         LINE#         847
  C:32A9H         LINE#         848
  C:32AAH         LINE#         849
  C:32AAH         LINE#         853
  C:32AAH         LINE#         854
  C:32AAH         LINE#         855
  C:32C8H         LINE#         856
  C:32E6H         LINE#         857
  C:32E6H         LINE#         858
  C:32E6H         LINE#         869
  C:32E6H         LINE#         870
  C:32E6H         LINE#         872
  C:32E6H         LINE#         873
  C:32E6H         LINE#         875
  C:32E6H         LINE#         877
  -------         ENDPROC       MY100MS_CALLBACK
  -------         PROC          MYVIB_CALLBACK
  C:6271H         LINE#         880
  C:6271H         LINE#         881
  C:6271H         LINE#         882
  C:6277H         LINE#         883
  C:627AH         LINE#         884
  C:6284H         LINE#         885
BL51 BANKED LINKER/LOCATER V6.22                                                      09/04/2023  17:34:34  PAGE 23


  C:6286H         LINE#         886
  -------         ENDPROC       MYVIB_CALLBACK
  -------         PROC          _TEM_CALCULATE
  D:0006H         SYMBOL        tem_adc
  -------         DO            
  D:002EH         SYMBOL        vccx
  D:0004H         SYMBOL        lnx
  D:0032H         SYMBOL        tem
  D:0004H         SYMBOL        tem10
  D:0006H         SYMBOL        ans
  -------         ENDDO         
  C:5449H         LINE#         889
  C:5449H         LINE#         890
  C:5449H         LINE#         891
  C:5463H         LINE#         892
  C:548BH         LINE#         893
  C:54C6H         LINE#         894
  C:54D8H         LINE#         895
  C:54DBH         LINE#         896
  C:54DBH         LINE#         897
  -------         ENDPROC       _TEM_CALCULATE
  -------         PROC          OLED_DISPLAY
  C:4414H         LINE#         900
  C:4414H         LINE#         901
  C:4414H         LINE#         902
  C:4417H         LINE#         903
  C:441CH         LINE#         904
  C:444BH         LINE#         905
  C:444BH         LINE#         906
  C:444BH         LINE#         907
  C:444BH         LINE#         909
  C:445AH         LINE#         910
  C:4463H         LINE#         911
  C:446CH         LINE#         912
  C:4475H         LINE#         913
  C:4477H         LINE#         914
  C:4479H         LINE#         915
  C:4479H         LINE#         916
  C:4479H         LINE#         917
  C:4479H         LINE#         919
  C:4488H         LINE#         920
  C:4491H         LINE#         921
  C:449AH         LINE#         922
  C:44A3H         LINE#         923
  C:44A5H         LINE#         924
  C:44A7H         LINE#         925
  C:44A7H         LINE#         926
  C:44A7H         LINE#         927
  C:44A7H         LINE#         929
  C:44A7H         LINE#         930
  C:44A7H         LINE#         931
  C:44A7H         LINE#         932
  C:44A7H         LINE#         934
  C:44BBH         LINE#         935
  C:44CAH         LINE#         936
  C:44D3H         LINE#         937
  C:44DCH         LINE#         938
BL51 BANKED LINKER/LOCATER V6.22                                                      09/04/2023  17:34:34  PAGE 24


  C:44E5H         LINE#         939
  C:44EBH         LINE#         940
  C:44EEH         LINE#         941
  C:44EEH         LINE#         942
  C:44EEH         LINE#         943
  C:44EEH         LINE#         945
  C:4502H         LINE#         946
  C:4511H         LINE#         947
  C:451AH         LINE#         948
  C:4523H         LINE#         949
  C:452CH         LINE#         950
  C:4535H         LINE#         951
  C:453BH         LINE#         952
  C:453EH         LINE#         953
  C:453EH         LINE#         954
  C:453EH         LINE#         955
  C:453EH         LINE#         957
  C:4552H         LINE#         958
  C:4561H         LINE#         959
  C:456AH         LINE#         960
  C:4573H         LINE#         961
  C:4579H         LINE#         962
  C:457CH         LINE#         963
  C:457CH         LINE#         964
  C:457CH         LINE#         965
  C:457CH         LINE#         967
  C:4590H         LINE#         968
  C:459FH         LINE#         969
  C:45A8H         LINE#         970
  C:45B1H         LINE#         971
  C:45BAH         LINE#         972
  C:45C3H         LINE#         973
  C:45CCH         LINE#         974
  C:45D5H         LINE#         975
  C:45DBH         LINE#         976
  C:45DEH         LINE#         977
  C:45DEH         LINE#         978
  C:45DEH         LINE#         979
  C:45DEH         LINE#         981
  C:45F2H         LINE#         982
  C:4601H         LINE#         983
  C:460AH         LINE#         984
  C:4613H         LINE#         985
  C:461CH         LINE#         986
  C:4625H         LINE#         987
  C:462EH         LINE#         988
  C:4637H         LINE#         989
  C:463DH         LINE#         990
  C:463FH         LINE#         991
  C:463FH         LINE#         992
  C:463FH         LINE#         993
  C:463FH         LINE#         995
  C:4653H         LINE#         996
  C:4662H         LINE#         997
  C:466BH         LINE#         998
  C:4674H         LINE#         999
  C:467DH         LINE#         1000
BL51 BANKED LINKER/LOCATER V6.22                                                      09/04/2023  17:34:34  PAGE 25


  C:467DH         LINE#         1001
  C:467DH         LINE#         1002
  C:467DH         LINE#         1003
  C:467DH         LINE#         1005
  C:4682H         LINE#         1006
  C:4696H         LINE#         1007
  C:46A5H         LINE#         1008
  C:46A5H         LINE#         1009
  C:46A5H         LINE#         1010
  C:46A5H         LINE#         1011
  C:46A5H         LINE#         1013
  C:46A5H         LINE#         1014
  C:46A5H         LINE#         1015
  C:46A5H         LINE#         1016
  -------         ENDPROC       OLED_DISPLAY
  -------         ENDMOD        MAIN

  -------         MODULE        ADC
  C:0000H         SYMBOL        _ICE_DUMMY_
  D:0080H         PUBLIC        P0
  D:0090H         PUBLIC        P1
  D:00A0H         PUBLIC        P2
  C:6331H         PUBLIC        _?sys_get_KNEvent
  D:0061H         PUBLIC        sys_EXTADCEvent
  D:00B0H         PUBLIC        P3
  D:00C0H         PUBLIC        P4
  D:00C8H         PUBLIC        P5
  D:00E8H         PUBLIC        P6
  D:00F8H         PUBLIC        P7
  B:00A8H.5       PUBLIC        EADC
  D:00A8H         PUBLIC        IE
  D:00BDH         PUBLIC        ADC_RES
  D:00B8H         PUBLIC        IP
  D:0097H         PUBLIC        CLK_DIV
  C:5EC7H         PUBLIC        _AdcInit
  D:00D8H         PUBLIC        CCON
  C:633FH         PUBLIC        _?sys_get_EXTADCEvent
  X:0270H         PUBLIC        AD_res
  D:00BCH         PUBLIC        ADC_CONTR
  D:0098H         PUBLIC        SCON
  D:0088H         PUBLIC        TCON
  C:46A6H         PUBLIC        _?sys_ADC_drv
  B:0024H.5       PUBLIC        flag_ADC
  X:027AH         PUBLIC        sys_KN
  D:009DH         PUBLIC        P1ASF
  D:0062H         PUBLIC        sys_KNEvent
  D:00BEH         PUBLIC        ADC_RESL
  C:0003H         PUBLIC        GetADC
  C:5CC3H         PUBLIC        _GetAdcNavAct
  C:63CFH         PUBLIC        ADC_isr
  D:00D0H         PUBLIC        PSW
  -------         PROC          ADC_ISR
  C:63CFH         LINE#         26
  C:63CFH         LINE#         27
  C:63D2H         LINE#         28
  C:63D4H         LINE#         29
  -------         ENDPROC       ADC_ISR
BL51 BANKED LINKER/LOCATER V6.22                                                      09/04/2023  17:34:34  PAGE 26


  -------         PROC          _?SYS_ADC_DRV
  -------         DO            
  X:026EH         SYMBOL        pc
  X:026FH         SYMBOL        counter
  i:0000H         SYMBOL        i
  C:638BH         SYMBOL        ADC_ch
  -------         ENDDO         
  C:46A6H         LINE#         31
  C:46A8H         LINE#         35
  C:46AEH         LINE#         36
  C:46B0H         LINE#         37
  C:46DEH         LINE#         38
  C:46DEH         LINE#         39
  C:46DEH         LINE#         40
  C:46EEH         LINE#         41
  C:46F0H         LINE#         42
  C:46F0H         LINE#         43
  C:46F0H         LINE#         44
  C:4704H         LINE#         45
  C:4707H         LINE#         46
  C:470AH         LINE#         47
  C:471AH         LINE#         48
  C:471CH         LINE#         49
  C:4730H         LINE#         50
  C:4733H         LINE#         51
  C:4747H         LINE#         52
  C:475AH         LINE#         53
  C:4772H         LINE#         54
  C:477DH         LINE#         55
  C:4780H         LINE#         56
  C:4790H         LINE#         57
  C:47A4H         LINE#         58
  C:47B9H         LINE#         59
  C:47CAH         LINE#         60
  C:47CCH         LINE#         61
  C:47CCH         LINE#         62
  C:47CEH         LINE#         64
  C:47E5H         LINE#         65
  C:47F6H         LINE#         66
  C:47F9H         LINE#         67
  C:47F9H         LINE#         68
  C:47F9H         LINE#         69
  C:481CH         LINE#         70
  C:482DH         LINE#         71
  C:4831H         LINE#         72
  C:4831H         LINE#         73
  C:4831H         LINE#         74
  C:4837H         LINE#         75
  C:4837H         LINE#         76
  C:4837H         LINE#         77
  C:4843H         LINE#         78
  C:484FH         LINE#         79
  C:484FH         LINE#         80
  -------         ENDPROC       _?SYS_ADC_DRV
  -------         PROC          _?SYS_GET_KNEVENT
  -------         DO            
  i:0000H         SYMBOL        a
BL51 BANKED LINKER/LOCATER V6.22                                                      09/04/2023  17:34:34  PAGE 27


  -------         ENDDO         
  C:6331H         LINE#         82
  C:6333H         LINE#         84
  C:6337H         LINE#         85
  C:633AH         LINE#         86
  C:633CH         LINE#         87
  -------         ENDPROC       _?SYS_GET_KNEVENT
  -------         PROC          _?SYS_GET_EXTADCEVENT
  -------         DO            
  i:0000H         SYMBOL        a
  -------         ENDDO         
  C:633FH         LINE#         89
  C:6341H         LINE#         91
  C:6345H         LINE#         92
  C:6348H         LINE#         93
  C:634AH         LINE#         94
  -------         ENDPROC       _?SYS_GET_EXTADCEVENT
  -------         PROC          _ADCINIT
  D:0007H         SYMBOL        ADCsel
  C:5EC7H         LINE#         96
  C:5EC7H         LINE#         97
  C:5EC7H         LINE#         98
  C:5EC9H         LINE#         99
  C:5ECCH         LINE#         100
  C:5ECFH         LINE#         101
  C:5ED1H         LINE#         102
  C:5EDFH         LINE#         103
  C:5EEBH         LINE#         104
  C:5EF7H         LINE#         105
  -------         ENDPROC       _ADCINIT
  -------         PROC          GETADC
  C:0003H         LINE#         107
  C:0003H         LINE#         108
  C:0009H         LINE#         109
  -------         ENDPROC       GETADC
  -------         PROC          _GETADCNAVACT
  D:0007H         SYMBOL        Nav_button
  -------         DO            
  D:0006H         SYMBOL        a
  -------         ENDDO         
  C:5CC3H         LINE#         111
  C:5CC3H         LINE#         112
  C:5CC3H         LINE#         113
  C:5CD3H         LINE#         114
  C:5CEEH         LINE#         115
  C:5D03H         LINE#         116
  C:5D06H         LINE#         117
  C:5D06H         LINE#         118
  C:5D08H         LINE#         119
  -------         ENDPROC       _GETADCNAVACT
  -------         ENDMOD        ADC

  -------         MODULE        BEEP
  C:0000H         SYMBOL        _ICE_DUMMY_
  D:0080H         PUBLIC        P0
  D:00B2H         PUBLIC        P3M0
  D:0090H         PUBLIC        P1
BL51 BANKED LINKER/LOCATER V6.22                                                      09/04/2023  17:34:34  PAGE 28


  D:00B1H         PUBLIC        P3M1
  D:00A0H         PUBLIC        P2
  D:00B0H         PUBLIC        P3
  D:00C0H         PUBLIC        P4
  D:00C8H         PUBLIC        P5
  D:00E8H         PUBLIC        P6
  D:00F8H         PUBLIC        P7
  D:00F9H         PUBLIC        CH
  C:6003H         PUBLIC        _?sys_beep_drv
  D:00A8H         PUBLIC        IE
  D:00E9H         PUBLIC        CL
  C:610CH         PUBLIC        BeepInit
  B:00D8H.6       PUBLIC        CR
  D:00DAH         PUBLIC        CCAPM0
  D:00B8H         PUBLIC        IP
  D:00D9H         PUBLIC        CMOD
  D:00D8H         PUBLIC        CCON
  C:6369H         PUBLIC        GetBeepStatus
  C:5819H         PUBLIC        _SetBeep
  D:0098H         PUBLIC        SCON
  D:0088H         PUBLIC        TCON
  D:00D0H         PUBLIC        PSW
  B:00D8H.0       PUBLIC        CCF0
  -------         PROC          _?SYS_BEEP_DRV
  -------         DO            
  i:0000H         SYMBOL        a
  -------         ENDDO         
  C:6003H         LINE#         11
  C:6007H         LINE#         13
  C:6011H         LINE#         14
  C:6026H         LINE#         15
  -------         ENDPROC       _?SYS_BEEP_DRV
  -------         PROC          BEEPINIT
  C:610CH         LINE#         17
  C:610CH         LINE#         18
  C:610CH         LINE#         19
  C:610FH         LINE#         20
  C:6112H         LINE#         21
  C:6115H         LINE#         22
  C:6118H         LINE#         23
  C:611BH         LINE#         24
  C:611DH         LINE#         25
  C:612BH         LINE#         26
  -------         ENDPROC       BEEPINIT
  -------         PROC          _SETBEEP
  D:0031H         SYMBOL        Beep_freq
  D:0033H         SYMBOL        Beep_time
  -------         DO            
  D:0002H         SYMBOL        a
  D:0004H         SYMBOL        b
  -------         ENDDO         
  C:5819H         LINE#         28
  C:5821H         LINE#         29
  C:5821H         LINE#         31
  C:5828H         LINE#         32
  C:582FH         LINE#         33
  C:583AH         LINE#         34
BL51 BANKED LINKER/LOCATER V6.22                                                      09/04/2023  17:34:34  PAGE 29


  C:5863H         LINE#         35
  C:5877H         LINE#         36
  C:587EH         LINE#         37
  C:5880H         LINE#         38
  C:5883H         LINE#         39
  C:5885H         LINE#         41
  C:5888H         LINE#         42
  C:588BH         LINE#         43
  C:588BH         LINE#         44
  C:588EH         LINE#         45
  C:588EH         LINE#         46
  C:5890H         LINE#         47
  -------         ENDPROC       _SETBEEP
  -------         PROC          GETBEEPSTATUS
  C:6369H         LINE#         49
  C:6369H         LINE#         50
  C:6372H         LINE#         51
  C:6374H         LINE#         52
  -------         ENDPROC       GETBEEPSTATUS
  -------         ENDMOD        BEEP

  -------         MODULE        DISPLAYER
  C:0000H         SYMBOL        _ICE_DUMMY_
  D:0093H         PUBLIC        P0M1
  D:0096H         PUBLIC        P2M0
  D:0080H         PUBLIC        P0
  D:0095H         PUBLIC        P2M1
  D:0090H         PUBLIC        P1
  D:00A0H         PUBLIC        P2
  D:00B0H         PUBLIC        P3
  D:00C0H         PUBLIC        P4
  D:00C8H         PUBLIC        P5
  D:00E8H         PUBLIC        P6
  D:00F8H         PUBLIC        P7
  D:00A8H         PUBLIC        IE
  D:00B8H         PUBLIC        IP
  D:00D8H         PUBLIC        CCON
  C:63D5H         PUBLIC        _LedPrint
  B:00A0H.0       PUBLIC        P20
  B:00A0H.1       PUBLIC        P21
  D:0098H         PUBLIC        SCON
  B:00A0H.2       PUBLIC        P22
  D:0088H         PUBLIC        TCON
  B:00A0H.3       PUBLIC        P23
  C:61C1H         PUBLIC        DisplayerInit
  X:029CH         PUBLIC        sys_Disp
  C:6394H         PUBLIC        _SetDisplayerArea
  C:612CH         PUBLIC        _Seg7Print
  C:4F1DH         PUBLIC        _?sys_display_drv
  D:00D0H         PUBLIC        PSW
  D:0094H         PUBLIC        P0M0
  -------         PROC          _?SYS_DISPLAY_DRV
  C:4F1DH         LINE#         16
  C:4F1DH         LINE#         18
  C:4F20H         LINE#         19
  C:4F49H         LINE#         20
  C:4F4FH         LINE#         21
BL51 BANKED LINKER/LOCATER V6.22                                                      09/04/2023  17:34:34  PAGE 30


  C:4F55H         LINE#         22
  C:4F5BH         LINE#         23
  C:4F61H         LINE#         24
  C:4F6BH         LINE#         25
  C:4F75H         LINE#         26
  C:4F7FH         LINE#         27
  C:4F89H         LINE#         28
  C:4F8BH         LINE#         29
  C:4F8BH         LINE#         30
  C:4F93H         LINE#         31
  C:4FBCH         LINE#         33
  C:4FD7H         LINE#         34
  C:4FDAH         LINE#         35
  C:4FDAH         LINE#         36
  C:4FF1H         LINE#         37
  C:4FFDH         LINE#         39
  C:5005H         LINE#         40
  -------         ENDPROC       _?SYS_DISPLAY_DRV
  -------         PROC          DISPLAYERINIT
  C:61C1H         LINE#         42
  C:61C1H         LINE#         43
  C:61C1H         LINE#         44
  C:61C4H         LINE#         45
  C:61C7H         LINE#         46
  C:61CAH         LINE#         47
  C:61CDH         LINE#         48
  C:61DBH         LINE#         49
  -------         ENDPROC       DISPLAYERINIT
  -------         PROC          _SETDISPLAYERAREA
  D:0007H         SYMBOL        Begin_of_scan
  D:0005H         SYMBOL        Ending_of_Scan
  C:6394H         LINE#         51
  C:6394H         LINE#         52
  C:6399H         LINE#         53
  C:639CH         LINE#         54
  -------         ENDPROC       _SETDISPLAYERAREA
  -------         PROC          _SEG7PRINT
  D:0007H         SYMBOL        d0
  D:0005H         SYMBOL        d1
  D:0003H         SYMBOL        d2
  D:0031H         SYMBOL        d3
  D:0032H         SYMBOL        d4
  D:0033H         SYMBOL        d5
  D:0034H         SYMBOL        d6
  D:0035H         SYMBOL        d7
  C:612CH         LINE#         56
  C:612CH         LINE#         57
  C:6131H         LINE#         58
  C:6134H         LINE#         59
  C:6137H         LINE#         60
  C:613BH         LINE#         61
  C:613FH         LINE#         62
  C:6143H         LINE#         63
  C:6147H         LINE#         64
  C:614BH         LINE#         65
  -------         ENDPROC       _SEG7PRINT
  -------         PROC          _LEDPRINT
BL51 BANKED LINKER/LOCATER V6.22                                                      09/04/2023  17:34:34  PAGE 31


  D:0007H         SYMBOL        led_val
  C:63D5H         LINE#         67
  C:63D5H         LINE#         68
  C:63DAH         LINE#         69
  -------         ENDPROC       _LEDPRINT
  -------         ENDMOD        DISPLAYER

  -------         MODULE        KEY
  C:0000H         SYMBOL        _ICE_DUMMY_
  D:0080H         PUBLIC        P0
  D:0090H         PUBLIC        P1
  D:00A0H         PUBLIC        P2
  D:00B0H         PUBLIC        P3
  D:00C0H         PUBLIC        P4
  D:00C8H         PUBLIC        P5
  D:00E8H         PUBLIC        P6
  D:00F8H         PUBLIC        P7
  D:00A8H         PUBLIC        IE
  D:0067H         PUBLIC        sys_keyEvent
  D:00B8H         PUBLIC        IP
  D:00D8H         PUBLIC        CCON
  C:634DH         PUBLIC        _?sys_get_keyEvent
  D:0098H         PUBLIC        SCON
  D:0088H         PUBLIC        TCON
  C:4C0FH         PUBLIC        _?sys_key_drv
  C:000EH         PUBLIC        KeyInit
  B:00B0H.2       PUBLIC        IO_Key1
  B:00B0H.3       PUBLIC        IO_Key2
  B:0090H.7       PUBLIC        IO_Key3
  C:5D91H         PUBLIC        _GetKeyAct
  X:02A9H         PUBLIC        sys_Key
  D:00D0H         PUBLIC        PSW
  -------         PROC          _?SYS_KEY_DRV
  -------         DO            
  i:0000H         SYMBOL        i
  X:02A8H         SYMBOL        counter
  -------         ENDDO         
  C:4C0FH         LINE#         28
  C:4C11H         LINE#         31
  C:4C1AH         LINE#         32
  C:4C23H         LINE#         33
  C:4C2CH         LINE#         34
  C:4C37H         LINE#         35
  C:4C3AH         LINE#         36
  C:4C4CH         LINE#         37
  C:4C6AH         LINE#         38
  C:4C83H         LINE#         39
  C:4C9FH         LINE#         40
  C:4CA1H         LINE#         41
  C:4CA1H         LINE#         42
  C:4CA3H         LINE#         44
  C:4CC4H         LINE#         45
  C:4CDAH         LINE#         46
  C:4CDDH         LINE#         47
  C:4CDDH         LINE#         48
  C:4CDDH         LINE#         49
  C:4D10H         LINE#         50
BL51 BANKED LINKER/LOCATER V6.22                                                      09/04/2023  17:34:34  PAGE 32


  C:4D2BH         LINE#         51
  C:4D2FH         LINE#         52
  C:4D2FH         LINE#         53
  -------         ENDPROC       _?SYS_KEY_DRV
  -------         PROC          _?SYS_GET_KEYEVENT
  -------         DO            
  i:0000H         SYMBOL        a
  -------         ENDDO         
  C:634DH         LINE#         55
  C:634FH         LINE#         57
  C:6353H         LINE#         58
  C:6356H         LINE#         59
  C:6358H         LINE#         60
  -------         ENDPROC       _?SYS_GET_KEYEVENT
  -------         PROC          KEYINIT
  C:000EH         LINE#         62
  C:000EH         LINE#         63
  C:000EH         LINE#         64
  C:001CH         LINE#         65
  C:002AH         LINE#         66
  -------         ENDPROC       KEYINIT
  -------         PROC          _GETKEYACT
  D:0007H         SYMBOL        Key
  -------         DO            
  D:0006H         SYMBOL        a
  -------         ENDDO         
  C:5D91H         LINE#         68
  C:5D91H         LINE#         69
  C:5D91H         LINE#         70
  C:5D9BH         LINE#         71
  C:5DB6H         LINE#         72
  C:5DCBH         LINE#         73
  C:5DCEH         LINE#         74
  C:5DCEH         LINE#         75
  C:5DD0H         LINE#         76
  -------         ENDPROC       _GETKEYACT
  -------         ENDMOD        KEY

  -------         MODULE        SYS
  C:0000H         SYMBOL        _ICE_DUMMY_
  X:0200H         PUBLIC        count_1mS
  B:00D8H.2       PUBLIC        CCF2
  D:0080H         PUBLIC        P0
  B:0022H.7       PUBLIC        flag_1S
  D:0090H         PUBLIC        P1
  D:00A0H         PUBLIC        P2
  D:00B0H         PUBLIC        P3
  D:00C0H         PUBLIC        P4
  X:0201H         PUBLIC        T1
  D:00C8H         PUBLIC        P5
  X:0203H         PUBLIC        T2
  B:00A8H.7       PUBLIC        EA
  D:00E8H         PUBLIC        P6
  D:00F8H         PUBLIC        P7
  D:0040H         PUBLIC        IrDatNum
  B:00D8H.7       PUBLIC        CF
  B:0023H.0       PUBLIC        Ir_Coder
BL51 BANKED LINKER/LOCATER V6.22                                                      09/04/2023  17:34:34  PAGE 33


  B:0023H.1       PUBLIC        Ir_RxBusy
  D:00A8H         PUBLIC        IE
  B:0023H.2       PUBLIC        Ir_TxBusy
  X:0205H         PUBLIC        userfunccall
  D:00FAH         PUBLIC        CCAP0H
  D:00FBH         PUBLIC        CCAP1H
  C:5688H         PUBLIC        sys_task_Ir
  D:0041H         PUBLIC        IrCount_j
  D:0042H         PUBLIC        IrRx_count
  D:0043H         PUBLIC        IrProtocol
  D:00EAH         PUBLIC        CCAP0L
  D:0044H         PUBLIC        IrTx_count
  D:00EBH         PUBLIC        CCAP1L
  D:00DAH         PUBLIC        CCAPM0
  D:00DBH         PUBLIC        CCAPM1
  D:0045H         PUBLIC        MainLoops
  D:00B8H         PUBLIC        IP
  B:00D0H.7       PUBLIC        CY
  B:0023H.3       PUBLIC        flag_10mS
  D:00D8H         PUBLIC        CCON
  C:639DH         PUBLIC        GetBeepTimer
  C:5B99H         PUBLIC        sys_Timer0_isr
  C:579CH         PUBLIC        _SetEventCallBack
  C:63DBH         PUBLIC        MySTC_Init
  C:5DD1H         PUBLIC        sys_task_100mS
  D:0049H         PUBLIC        ModBus_interval_time
  C:63E7H         PUBLIC        _?ret0func
  C:5B46H         PUBLIC        GetUltraSonic
  X:0229H         PUBLIC        count_10mS
  X:022AH         PUBLIC        stcDrivers
  C:63A6H         PUBLIC        _SetBeepTimer
  B:0023H.4       PUBLIC        flag_IrRxFinished
  D:0098H         PUBLIC        SCON
  C:62D4H         PUBLIC        _SetCCP0
  C:5E4FH         PUBLIC        MySTC_OS
  D:0089H         PUBLIC        TMOD
  D:0088H         PUBLIC        TCON
  B:0023H.5       PUBLIC        flag_Ir
  B:00B0H.5       PUBLIC        P35
  D:004AH         PUBLIC        IrRxNum
  X:0260H         PUBLIC        SysPerformance
  D:008EH         PUBLIC        AUXR
  C:52FCH         PUBLIC        sys_CCP_isr
  C:4E30H         PUBLIC        sys_task_1mS
  B:00A8H.1       PUBLIC        ET0
  C:63EAH         PUBLIC        ClrBeepPin
  D:008CH         PUBLIC        TH0
  B:0023H.6       PUBLIC        flag_100mS
  X:0265H         PUBLIC        distance
  D:008AH         PUBLIC        TL0
  D:004BH         PUBLIC        PollingMisses
  X:0267H         PUBLIC        sys_BP
  B:0088H.4       PUBLIC        TR0
  C:5F87H         PUBLIC        sys_task_1S
  C:63C1H         PUBLIC        GetSysPerformance
  B:0023H.7       PUBLIC        matchModBus
  X:026DH         PUBLIC        count_100mS
BL51 BANKED LINKER/LOCATER V6.22                                                      09/04/2023  17:34:34  PAGE 34


  B:0024H.0       PUBLIC        Ir_BitBusy
  D:004CH         PUBLIC        IrDat_count
  D:004DH         PUBLIC        IrMute_count
  B:0024H.1       PUBLIC        newFrame1
  C:5C7CH         PUBLIC        sys_Timer0_Init
  B:0024H.2       PUBLIC        newFrame2
  D:004EH         PUBLIC        IrDataPc
  C:000AH         PUBLIC        _?nullfunc
  B:0024H.3       PUBLIC        flag_1mS
  B:0024H.4       PUBLIC        newUS
  D:008FH         PUBLIC        INT_CLKO
  C:54DCH         PUBLIC        sys_task_10mS
  D:00D0H         PUBLIC        PSW
  B:00D8H.0       PUBLIC        CCF0
  B:00B0H.4       PUBLIC        Beep
  B:00D8H.1       PUBLIC        CCF1
  -------         PROC          _?NULLFUNC
  C:000AH         LINE#         13
  -------         ENDPROC       _?NULLFUNC
  -------         PROC          _?RET0FUNC
  C:63E7H         LINE#         14
  -------         ENDPROC       _?RET0FUNC
  -------         PROC          SYS_TIMER0_INIT
  C:5C7CH         LINE#         96
  C:5C7CH         LINE#         97
  C:5C7FH         LINE#         98
  C:5C82H         LINE#         99
  C:5C98H         LINE#         100
  C:5CBEH         LINE#         101
  C:5CC0H         LINE#         102
  C:5CC2H         LINE#         103
  -------         ENDPROC       SYS_TIMER0_INIT
  -------         PROC          SYS_TIMER0_ISR
  -------         DO            
  D:003FH         SYMBOL        i
  -------         ENDDO         
  C:5B99H         LINE#         105
  C:5B9DH         LINE#         107
  C:5BA0H         LINE#         108
  C:5BA3H         LINE#         109
  C:5BA8H         LINE#         110
  C:5BAAH         LINE#         111
  C:5BAAH         LINE#         112
  C:5BB0H         LINE#         113
  C:5BB6H         LINE#         114
  C:5BB9H         LINE#         115
  C:5BBBH         LINE#         116
  C:5BBEH         LINE#         117
  C:5BC2H         LINE#         118
  C:5BC4H         LINE#         119
  C:5BC7H         LINE#         120
  C:5BC9H         LINE#         122
  C:5BCCH         LINE#         123
  C:5BCEH         LINE#         124
  C:5BD3H         LINE#         125
  C:5BD3H         LINE#         126
  C:5BD5H         LINE#         128
[...]
  C:61E0H         LINE#         55
  C:61E0H         LINE#         56
  C:61E4H         LINE#         57
  C:61EEH         LINE#         59
  C:61F3H         LINE#         60
  C:61F5H         LINE#         62
  -------         ENDPROC       _DELAY_MS
  -------         PROC          _OLED_COLORTURN
  D:002EH         SYMBOL        i
  C:6228H         LINE#         65
  C:622AH         LINE#         66
  C:622AH         LINE#         67
  C:622EH         LINE#         68
  C:622EH         LINE#         69
  C:6234H         LINE#         70
  C:6234H         LINE#         71
  C:6239H         LINE#         72
  C:6239H         LINE#         73
  C:6240H         LINE#         74
  C:6240H         LINE#         75
  -------         ENDPROC       _OLED_COLORTURN
  -------         PROC          _OLED_DISPLAYTURN
  D:0069H         SYMBOL        i
  C:607BH         LINE#         78
  C:607DH         LINE#         79
  C:607DH         LINE#         80
  C:6081H         LINE#         81
  C:6081H         LINE#         82
  C:6087H         LINE#         83
  C:608EH         LINE#         84
  C:608EH         LINE#         85
  C:6093H         LINE#         86
  C:6093H         LINE#         87
  C:609AH         LINE#         88
  C:60A1H         LINE#         89
  C:60A1H         LINE#         90
  -------         ENDPROC       _OLED_DISPLAYTURN
  -------         PROC          IIC_DELAY
  -------         DO            
  D:0007H         SYMBOL        t
  -------         ENDDO         
  C:63B8H         LINE#         93
  C:63B8H         LINE#         94
  C:63B8H         LINE#         95
  C:63BAH         LINE#         96
  C:63C0H         LINE#         98
  -------         ENDPROC       IIC_DELAY
  -------         PROC          I2C_START
  C:6313H         LINE#         101
  C:6313H         LINE#         102
BL51 BANKED LINKER/LOCATER V6.22                                                      09/04/2023  17:34:34  PAGE 54


  C:6313H         LINE#         103
  C:6315H         LINE#         104
  C:6317H         LINE#         105
  C:631AH         LINE#         106
  C:631CH         LINE#         107
  C:631FH         LINE#         108
  C:6321H         LINE#         109
  -------         ENDPROC       I2C_START
  -------         PROC          I2C_STOP
  C:6381H         LINE#         112
  C:6381H         LINE#         113
  C:6381H         LINE#         114
  C:6383H         LINE#         115
  C:6385H         LINE#         116
  C:6388H         LINE#         117
  C:638AH         LINE#         118
  -------         ENDPROC       I2C_STOP
  -------         PROC          I2C_WAITACK
  C:6322H         LINE#         121
  C:6322H         LINE#         122
  C:6322H         LINE#         123
  C:6324H         LINE#         124
  C:6327H         LINE#         125
  C:6329H         LINE#         126
  C:632CH         LINE#         127
  C:632EH         LINE#         128
  -------         ENDPROC       I2C_WAITACK
  -------         PROC          _SEND_BYTE
  D:0005H         SYMBOL        dat
  -------         DO            
  D:0004H         SYMBOL        i
  -------         ENDDO         
  C:60C7H         LINE#         132
  C:60C9H         LINE#         133
  C:60C9H         LINE#         135
  C:60CBH         LINE#         136
  C:60CBH         LINE#         137
  C:60CDH         LINE#         138
  C:60D1H         LINE#         139
  C:60D1H         LINE#         140
  C:60D3H         LINE#         141
  C:60D5H         LINE#         143
  C:60D5H         LINE#         144
  C:60D7H         LINE#         145
  C:60D7H         LINE#         146
  C:60DAH         LINE#         147
  C:60DCH         LINE#         148
  C:60DFH         LINE#         149
  C:60E1H         LINE#         150
  C:60E5H         LINE#         151
  C:60E9H         LINE#         152
  -------         ENDPROC       _SEND_BYTE
  C:5E97H         SYMBOL        L?0118
  -------         PROC          L?0117
  -------         ENDPROC       L?0117
  C:5E97H         SYMBOL        L?0118
  -------         PROC          _OLED_WR_BYTE
BL51 BANKED LINKER/LOCATER V6.22                                                      09/04/2023  17:34:34  PAGE 55


  D:0002H         SYMBOL        dat
  D:0003H         SYMBOL        mode
  C:5E9EH         LINE#         157
  C:5EA2H         LINE#         158
  C:5EA2H         LINE#         159
  C:5EA5H         LINE#         160
  C:5EAAH         LINE#         161
  C:5EADH         LINE#         162
  C:5EB0H         LINE#         163
  C:5EB0H         LINE#         164
  C:5EB2H         LINE#         165
  C:5EB4H         LINE#         167
  C:5EB4H         LINE#         168
  C:5EB9H         LINE#         169
  C:5EB9H         LINE#         170
  C:5EBCH         LINE#         171
  C:5EC1H         LINE#         172
  C:5EC4H         LINE#         173
  -------         ENDPROC       _OLED_WR_BYTE
  -------         PROC          _OLED_SET_POS
  D:0001H         SYMBOL        x
  D:0005H         SYMBOL        y
  C:60EAH         LINE#         178
  C:60ECH         LINE#         179
  C:60ECH         LINE#         180
  C:60F5H         LINE#         181
  C:6103H         LINE#         182
  -------         ENDPROC       _OLED_SET_POS
  -------         PROC          OLED_DISPLAY_ON
  C:003EH         LINE#         185
  C:003EH         LINE#         186
  C:003EH         LINE#         187
  C:0045H         LINE#         188
  C:004CH         LINE#         189
  -------         ENDPROC       OLED_DISPLAY_ON
  -------         PROC          OLED_DISPLAY_OFF
  C:6287H         LINE#         192
  C:6287H         LINE#         193
  C:6287H         LINE#         194
  C:628EH         LINE#         195
  C:6295H         LINE#         196
  -------         ENDPROC       OLED_DISPLAY_OFF
  -------         PROC          OLED_CLEAR
  -------         DO            
  D:0001H         SYMBOL        i
  D:002EH         SYMBOL        n
  -------         ENDDO         
  C:5F29H         LINE#         199
  C:5F29H         LINE#         200
  C:5F29H         LINE#         202
  C:5F2BH         LINE#         203
  C:5F2BH         LINE#         204
  C:5F34H         LINE#         205
  C:5F3AH         LINE#         206
  C:5F41H         LINE#         207
  C:5F44H         LINE#         208
  C:5F54H         LINE#         209
BL51 BANKED LINKER/LOCATER V6.22                                                      09/04/2023  17:34:34  PAGE 56


  C:5F58H         LINE#         210
  -------         ENDPROC       OLED_CLEAR
  -------         PROC          _OLED_SHOWCHAR
  D:0035H         SYMBOL        x
  D:0036H         SYMBOL        y
  D:0003H         SYMBOL        chr
  D:0038H         SYMBOL        sizey
  -------         DO            
  D:0039H         SYMBOL        c
  D:003AH         SYMBOL        sizex
  D:003BH         SYMBOL        i
  D:003DH         SYMBOL        size1
  -------         ENDDO         
  C:50D6H         LINE#         216
  C:50DAH         LINE#         217
  C:50DAH         LINE#         218
  C:50E4H         LINE#         219
  C:50E9H         LINE#         220
  C:50EEH         LINE#         221
  C:50F6H         LINE#         223
  C:511FH         LINE#         224
  C:5124H         LINE#         225
  C:512BH         LINE#         226
  C:513BH         LINE#         227
  C:513BH         LINE#         228
  C:5151H         LINE#         229
  C:515AH         LINE#         230
  C:515FH         LINE#         231
  C:516FH         LINE#         232
  C:5174H         LINE#         233
  C:5191H         LINE#         237
  C:519BH         LINE#         238
  -------         ENDPROC       _OLED_SHOWCHAR
  -------         PROC          _OLED_POW
  D:006AH         SYMBOL        m
  D:0001H         SYMBOL        n
  -------         DO            
  D:0006H         SYMBOL        result
  -------         ENDDO         
  C:6259H         LINE#         240
  C:625DH         LINE#         241
  C:625DH         LINE#         242
  C:6261H         LINE#         243
  C:6267H         LINE#         244
  C:6270H         LINE#         245
  C:6270H         LINE#         246
  -------         ENDPROC       _OLED_POW
  -------         PROC          _OLED_SHOWNUM
  D:0051H         SYMBOL        x
  D:0052H         SYMBOL        y
  D:0053H         SYMBOL        num
  D:0055H         SYMBOL        len
  D:0056H         SYMBOL        sizey
  -------         DO            
  D:0057H         SYMBOL        t
  D:0058H         SYMBOL        temp
  D:0059H         SYMBOL        m
BL51 BANKED LINKER/LOCATER V6.22                                                      09/04/2023  17:34:34  PAGE 57


  D:005AH         SYMBOL        enshow
  -------         ENDDO         
  C:5713H         LINE#         252
  C:571BH         LINE#         253
  C:571BH         LINE#         254
  C:571EH         LINE#         255
  C:5720H         LINE#         256
  C:5725H         LINE#         257
  C:5728H         LINE#         258
  C:5732H         LINE#         259
  C:5732H         LINE#         260
  C:5754H         LINE#         261
  C:5762H         LINE#         262
  C:5762H         LINE#         263
  C:5766H         LINE#         264
  C:5766H         LINE#         265
  C:5778H         LINE#         266
  C:577AH         LINE#         267
  C:577AH         LINE#         269
  C:577DH         LINE#         270
  C:577DH         LINE#         271
  C:5797H         LINE#         272
  C:579BH         LINE#         273
  -------         ENDPROC       _OLED_SHOWNUM
  -------         PROC          _OLED_SHOWSTRING
  D:002EH         SYMBOL        x
  D:002FH         SYMBOL        y
  D:0030H         SYMBOL        chr
  D:0033H         SYMBOL        sizey
  -------         DO            
  D:0034H         SYMBOL        j
  -------         ENDDO         
  C:5BEBH         LINE#         275
  C:5BF5H         LINE#         276
  C:5BF5H         LINE#         277
  C:5BF8H         LINE#         278
  C:5C09H         LINE#         279
  C:5C09H         LINE#         280
  C:5C20H         LINE#         281
  C:5C25H         LINE#         282
  C:5C29H         LINE#         284
  C:5C31H         LINE#         285
  C:5C33H         LINE#         286
  -------         ENDPROC       _OLED_SHOWSTRING
  -------         PROC          _OLED_SHOWCHINESE
  D:002EH         SYMBOL        x
  D:002FH         SYMBOL        y
  D:0030H         SYMBOL        no
  -------         DO            
  D:0001H         SYMBOL        t
  D:0031H         SYMBOL        adder
  -------         ENDDO         
  C:5C34H         LINE#         288
  C:5C3AH         LINE#         289
  C:5C3AH         LINE#         290
  C:5C3DH         LINE#         291
  C:5C40H         LINE#         292
BL51 BANKED LINKER/LOCATER V6.22                                                      09/04/2023  17:34:34  PAGE 58


  C:5C42H         LINE#         293
  C:5C42H         LINE#         294
  C:5C53H         LINE#         295
  C:5C55H         LINE#         296
  C:5C59H         LINE#         297
  C:5C62H         LINE#         298
  C:5C64H         LINE#         299
  C:5C64H         LINE#         300
  C:5C75H         LINE#         301
  C:5C77H         LINE#         302
  C:5C7BH         LINE#         303
  -------         ENDPROC       _OLED_SHOWCHINESE
  -------         PROC          _OLED_DRAWBMP
  D:0026H         SYMBOL        x0
  D:0005H         SYMBOL        y0
  D:0028H         SYMBOL        x1
  D:0029H         SYMBOL        y1
  D:002AH         SYMBOL        BMP
  -------         DO            
  D:002DH         SYMBOL        j
  D:002FH         SYMBOL        x
  D:0030H         SYMBOL        y
  -------         ENDDO         
  C:59D5H         LINE#         310
  C:59D9H         LINE#         311
  C:59D9H         LINE#         312
  C:59DEH         LINE#         315
  C:59EFH         LINE#         316
  C:59F9H         LINE#         317
  C:5A02H         LINE#         318
  C:5A02H         LINE#         319
  C:5A09H         LINE#         320
  C:5A13H         LINE#         321
  C:5A13H         LINE#         322
  C:5A31H         LINE#         323
  C:5A35H         LINE#         324
  C:5A39H         LINE#         325
  -------         ENDPROC       _OLED_DRAWBMP
  -------         PROC          _OLED_DRAWBMP1
  D:002EH         SYMBOL        x
  D:002FH         SYMBOL        y
  D:0030H         SYMBOL        sizex
  D:0031H         SYMBOL        sizey
  D:0032H         SYMBOL        BMP
  -------         DO            
  D:0035H         SYMBOL        j
  D:0037H         SYMBOL        i
  D:0038H         SYMBOL        m
  -------         ENDDO         
  C:5908H         LINE#         331
  C:590EH         LINE#         332
  C:590EH         LINE#         333
  C:5913H         LINE#         335
  C:592BH         LINE#         336
  C:5935H         LINE#         337
  C:5935H         LINE#         338
  C:593FH         LINE#         339
BL51 BANKED LINKER/LOCATER V6.22                                                      09/04/2023  17:34:34  PAGE 59


  C:5949H         LINE#         340
  C:5949H         LINE#         341
  C:5967H         LINE#         342
  C:596BH         LINE#         343
  C:596FH         LINE#         344
  -------         ENDPROC       _OLED_DRAWBMP1
  -------         PROC          OLED_INIT
  C:5006H         LINE#         348
  C:5006H         LINE#         349
  C:5006H         LINE#         350
  C:5008H         LINE#         351
  C:500FH         LINE#         352
  C:5011H         LINE#         354
  C:5018H         LINE#         355
  C:501EH         LINE#         356
  C:5025H         LINE#         357
  C:502CH         LINE#         358
  C:5033H         LINE#         359
  C:503AH         LINE#         360
  C:5041H         LINE#         361
  C:5048H         LINE#         362
  C:504FH         LINE#         363
  C:5056H         LINE#         364
  C:505DH         LINE#         365
  C:5064H         LINE#         366
  C:506AH         LINE#         367
  C:5071H         LINE#         368
  C:5078H         LINE#         369
  C:507FH         LINE#         370
  C:5086H         LINE#         371
  C:508DH         LINE#         372
  C:5094H         LINE#         373
  C:509BH         LINE#         374
  C:50A2H         LINE#         375
  C:50A9H         LINE#         376
  C:50B0H         LINE#         377
  C:50B7H         LINE#         378
  C:50BEH         LINE#         379
  C:50C5H         LINE#         380
  C:50CCH         LINE#         381
  C:50CFH         LINE#         382
  -------         ENDPROC       OLED_INIT
  -------         ENDMOD        OLED

  -------         MODULE        ?C?FPADD
  C:32EEH         PUBLIC        ?C?FPADD
  C:32EAH         PUBLIC        ?C?FPSUB
  -------         ENDMOD        ?C?FPADD

  -------         MODULE        ?C?FPMUL
  C:33DFH         PUBLIC        ?C?FPMUL
  -------         ENDMOD        ?C?FPMUL

  -------         MODULE        ?C?FPDIV
  C:34E8H         PUBLIC        ?C?FPDIV
  -------         ENDMOD        ?C?FPDIV

BL51 BANKED LINKER/LOCATER V6.22                                                      09/04/2023  17:34:34  PAGE 60


  -------         MODULE        ?C?FCAST
  C:358FH         PUBLIC        ?C?FCASTC
  C:358AH         PUBLIC        ?C?FCASTI
  C:3585H         PUBLIC        ?C?FCASTL
  -------         ENDMOD        ?C?FCAST

  -------         MODULE        ?C?CASTF
  C:35C3H         PUBLIC        ?C?CASTF
  -------         ENDMOD        ?C?CASTF

  -------         MODULE        LOG
  C:49E8H         PUBLIC        _LOG
  C:49E4H         PUBLIC        _LOG10
  -------         ENDMOD        LOG

  -------         MODULE        ?C?COPY
  C:3761H         PUBLIC        ?C?COPY
  -------         ENDMOD        ?C?COPY

  -------         MODULE        ?C?SCDIV
  C:3787H         PUBLIC        ?C?SCDIV
  -------         ENDMOD        ?C?SCDIV

  -------         MODULE        ?C?CLDPTR
  C:37A9H         PUBLIC        ?C?CLDPTR
  -------         ENDMOD        ?C?CLDPTR

  -------         MODULE        ?C?CLDOPTR
  C:37C2H         PUBLIC        ?C?CLDOPTR
  -------         ENDMOD        ?C?CLDOPTR

  -------         MODULE        ?C?CSTOPTR
  C:37EFH         PUBLIC        ?C?CSTOPTR
  -------         ENDMOD        ?C?CSTOPTR

  -------         MODULE        ?C?IMUL
  C:3811H         PUBLIC        ?C?IMUL
  -------         ENDMOD        ?C?IMUL

  -------         MODULE        ?C?UIDIV
  C:3823H         PUBLIC        ?C?UIDIV
  -------         ENDMOD        ?C?UIDIV

  -------         MODULE        ?C?IILDX
  C:3878H         PUBLIC        ?C?IILDX
  -------         ENDMOD        ?C?IILDX

  -------         MODULE        ?C?ILDIX
  C:388EH         PUBLIC        ?C?ILDIX
  -------         ENDMOD        ?C?ILDIX

  -------         MODULE        ?C?ILDPTR
  C:38A4H         PUBLIC        ?C?ILDPTR
  -------         ENDMOD        ?C?ILDPTR

  -------         MODULE        ?C?LMUL
  C:38CFH         PUBLIC        ?C?LMUL
BL51 BANKED LINKER/LOCATER V6.22                                                      09/04/2023  17:34:34  PAGE 61


  -------         ENDMOD        ?C?LMUL

  -------         MODULE        ?C?ULDIV
  C:395AH         PUBLIC        ?C?ULDIV
  -------         ENDMOD        ?C?ULDIV

  -------         MODULE        ?C?SLDIV
  C:5D4DH         PUBLIC        ?C?SLDIV
  -------         ENDMOD        ?C?SLDIV

  -------         MODULE        ?C?LNEG
  C:39ECH         PUBLIC        ?C?LNEG
  -------         ENDMOD        ?C?LNEG

  -------         MODULE        ?C?SLSHR
  C:39FAH         PUBLIC        ?C?SLSHR
  -------         ENDMOD        ?C?SLSHR

  -------         MODULE        ?C?LLDCODE
  C:3A0EH         PUBLIC        ?C?LLDCODE
  -------         ENDMOD        ?C?LLDCODE

  -------         MODULE        ?C?LLDCODE0
  C:3A1EH         PUBLIC        ?C?LLDCODE0
  -------         ENDMOD        ?C?LLDCODE0

  -------         MODULE        ?C?LSTXDATA
  C:3A2EH         PUBLIC        ?C?LSTXDATA
  -------         ENDMOD        ?C?LSTXDATA

  -------         MODULE        ?C?OFFXADD
  C:3A3AH         PUBLIC        ?C?OFFXADD
  -------         ENDMOD        ?C?OFFXADD

  -------         MODULE        ?C?ICALL
  C:3A46H         PUBLIC        ?C?ICALL
  C:3A4AH         PUBLIC        ?C?ICALL2
  -------         ENDMOD        ?C?ICALL

  -------         MODULE        ?C_IBP
  D:006BH         PUBLIC        ?C_IBP
  -------         ENDMOD        ?C_IBP

*** WARNING L16: UNCALLED SEGMENT, IGNORED FOR OVERLAY PROCESS
    SEGMENT: ?PR?GETULTRASONIC?SYS

*** WARNING L16: UNCALLED SEGMENT, IGNORED FOR OVERLAY PROCESS
    SEGMENT: ?PR?GETSYSPERFORMANCE?SYS

*** WARNING L16: UNCALLED SEGMENT, IGNORED FOR OVERLAY PROCESS
    SEGMENT: ?PR?_?GETVIBACT?VIB

*** WARNING L16: UNCALLED SEGMENT, IGNORED FOR OVERLAY PROCESS
    SEGMENT: ?PR?_SETIRRXD?IR

*** WARNING L16: UNCALLED SEGMENT, IGNORED FOR OVERLAY PROCESS
    SEGMENT: ?PR?GETIRRXNUM?IR
BL51 BANKED LINKER/LOCATER V6.22                                                      09/04/2023  17:34:34  PAGE 62



*** WARNING L16: UNCALLED SEGMENT, IGNORED FOR OVERLAY PROCESS
    SEGMENT: ?PR?_IRTXDSET?IR

*** WARNING L16: UNCALLED SEGMENT, IGNORED FOR OVERLAY PROCESS
    SEGMENT: ?PR?_IRPRINT?IR

*** WARNING L16: UNCALLED SEGMENT, IGNORED FOR OVERLAY PROCESS
    SEGMENT: ?PR?GETIRSTATUS?IR

*** WARNING L16: UNCALLED SEGMENT, IGNORED FOR OVERLAY PROCESS
    SEGMENT: ?PR?_OLED_WRITE_GRAM?OLED

*** WARNING L16: UNCALLED SEGMENT, IGNORED FOR OVERLAY PROCESS
    SEGMENT: ?PR?OLED_REFRESH?OLED

*** WARNING L16: UNCALLED SEGMENT, IGNORED FOR OVERLAY PROCESS
    SEGMENT: ?PR?_OLED_DISPLAYTURN?OLED

*** WARNING L16: UNCALLED SEGMENT, IGNORED FOR OVERLAY PROCESS
    SEGMENT: ?PR?OLED_DISPLAY_ON?OLED

*** WARNING L16: UNCALLED SEGMENT, IGNORED FOR OVERLAY PROCESS
    SEGMENT: ?PR?OLED_DISPLAY_OFF?OLED

*** WARNING L16: UNCALLED SEGMENT, IGNORED FOR OVERLAY PROCESS
    SEGMENT: ?PR?_OLED_SHOWNUM?OLED

Program Size: data=108.1 xdata=709 code=25584
LINK/LOCATE RUN COMPLETE.  14 WARNING(S),  0 ERROR(S)
