BL51 BANKED LINKER/LOCATER V6.22                                                        09/17/2023  18:21:54  PAGE 1


BL51 BANKED LINKER/LOCATER V6.22, INVOKED BY:
E:\KEIL_V5\C51\BIN\BL51.EXE .\output\main.obj, .\source\STCBSP_V3.6.LIB, .\output\oled.obj TO .\output\BSP_Demo PRINT (.
>> \list\BSP_Demo.m51) RAMSIZE (256) XDATA (0X0000-0X07FF)


MEMORY MODEL: SMALL WITH FLOATING POINT ARITHMETIC


INPUT MODULES INCLUDED:
  .\output\main.obj (MAIN)
  .\source\STCBSP_V3.6.LIB (ADC)
  .\source\STCBSP_V3.6.LIB (BEEP)
  .\source\STCBSP_V3.6.LIB (DISPLAYER)
  .\source\STCBSP_V3.6.LIB (KEY)
  .\source\STCBSP_V3.6.LIB (SYS)
  .\source\STCBSP_V3.6.LIB (VIB)
  .\source\STCBSP_V3.6.LIB (MUSIC)
  .\source\STCBSP_V3.6.LIB (DS1302)
  .\source\STCBSP_V3.6.LIB (FM_RADIO)
  .\source\STCBSP_V3.6.LIB (UART1)
  .\output\oled.obj (OLED)
  E:\KEIL_V5\C51\LIB\C51FPS.LIB (?C?FPADD)
  E:\KEIL_V5\C51\LIB\C51FPS.LIB (?C?FPMUL)
  E:\KEIL_V5\C51\LIB\C51FPS.LIB (?C?FPDIV)
  E:\KEIL_V5\C51\LIB\C51FPS.LIB (?C?FCAST)
  E:\KEIL_V5\C51\LIB\C51FPS.LIB (?C?CASTF)
  E:\KEIL_V5\C51\LIB\C51FPS.LIB (LOG)
  E:\KEIL_V5\C51\LIB\C51FPS.LIB (?C?FPGETOPN)
  E:\KEIL_V5\C51\LIB\C51FPS.LIB (?C?FPSERIES)
  E:\KEIL_V5\C51\LIB\C51S.LIB (?C_STARTUP)
  E:\KEIL_V5\C51\LIB\C51S.LIB (?C?COPY)
  E:\KEIL_V5\C51\LIB\C51S.LIB (?C?SCDIV)
  E:\KEIL_V5\C51\LIB\C51S.LIB (?C?CLDPTR)
  E:\KEIL_V5\C51\LIB\C51S.LIB (?C?CLDOPTR)
  E:\KEIL_V5\C51\LIB\C51S.LIB (?C?CSTOPTR)
  E:\KEIL_V5\C51\LIB\C51S.LIB (?C?IMUL)
  E:\KEIL_V5\C51\LIB\C51S.LIB (?C?UIDIV)
  E:\KEIL_V5\C51\LIB\C51S.LIB (?C?SIDIV)
  E:\KEIL_V5\C51\LIB\C51S.LIB (?C?IILDX)
  E:\KEIL_V5\C51\LIB\C51S.LIB (?C?ILDIX)
  E:\KEIL_V5\C51\LIB\C51S.LIB (?C?ILDPTR)
  E:\KEIL_V5\C51\LIB\C51S.LIB (?C?LMUL)
  E:\KEIL_V5\C51\LIB\C51S.LIB (?C?ULDIV)
  E:\KEIL_V5\C51\LIB\C51S.LIB (?C?SLDIV)
  E:\KEIL_V5\C51\LIB\C51S.LIB (?C?LNEG)
  E:\KEIL_V5\C51\LIB\C51S.LIB (?C?ULSHR)
  E:\KEIL_V5\C51\LIB\C51S.LIB (?C?SLSHR)
  E:\KEIL_V5\C51\LIB\C51S.LIB (?C?LLDCODE)
  E:\KEIL_V5\C51\LIB\C51S.LIB (?C?LLDCODE0)
  E:\KEIL_V5\C51\LIB\C51S.LIB (?C?LSTXDATA)
  E:\KEIL_V5\C51\LIB\C51S.LIB (?C?OFFXADD)
  E:\KEIL_V5\C51\LIB\C51S.LIB (?C?ICALL)
  E:\KEIL_V5\C51\LIB\C51S.LIB (?C_IBP)
  E:\KEIL_V5\C51\LIB\C51S.LIB (?C_INIT)


LINK MAP OF MODULE:  .\output\BSP_Demo (MAIN)

BL51 BANKED LINKER/LOCATER V6.22                                                      09/17/2023  18:21:54  PAGE 2



            TYPE    BASE      LENGTH    RELOCATION   SEGMENT NAME
            -----------------------------------------------------

            * * * * * * *   D A T A   M E M O R Y   * * * * * * *
            REG     0000H     0008H     ABSOLUTE     "REG BANK 0"
            DATA    0008H     0018H     UNIT         ?DT?MAIN
            BIT     0020H.0   0002H.6   UNIT         ?BI?MAIN
            BIT     0022H.6   0001H.7   UNIT         ?BI?SYS
            BIT     0024H.5   0000H.1   UNIT         ?BI?ADC
            BIT     0024H.6   0000H.1   UNIT         ?BI?MUSIC
            BIT     0024H.7   0000H.1   UNIT         ?BI?_OLED_WRITE_GRAM?OLED
            BIT     0025H.0   0000H.1   UNIT         _BIT_GROUP_
                    0025H.1   0000H.7                *** GAP ***
            DATA    0026H     0019H     UNIT         _DATA_GROUP_
            DATA    003FH     0012H     UNIT         ?DT?SYS
            DATA    0051H     000AH     UNIT         ?DT?_OLED_SHOWNUM?OLED
            DATA    005BH     0002H     UNIT         ?DT?ADC
            DATA    005DH     0002H     UNIT         ?DT?GETULTRASONIC?SYS
            DATA    005FH     0002H     UNIT         ?DT?OLED_REFRESH?OLED
            DATA    0061H     0001H     UNIT         ?DT?KEY
            DATA    0062H     0001H     UNIT         ?DT?VIB
            DATA    0063H     0001H     UNIT         ?DT?_OLED_COLORTURN?OLED
            DATA    0064H     0001H     UNIT         ?DT?_OLED_DISPLAYTURN?OLED
            DATA    0065H     0001H     UNIT         ?DT?_OLED_POW?OLED
            DATA    0066H     0001H     UNIT         ?C?LIB_DATA
            IDATA   0067H     0001H     UNIT         ?STACK

            * * * * * * *  X D A T A   M E M O R Y  * * * * * * *
            XDATA   0000H     0200H     UNIT         ?XD?OLED
            XDATA   0200H     006EH     UNIT         ?XD?SYS
            XDATA   026EH     001EH     UNIT         ?XD?ADC
            XDATA   028CH     0015H     UNIT         ?XD?UART1
            XDATA   02A1H     0010H     UNIT         ?XD?MUSIC
            XDATA   02B1H     000CH     UNIT         ?XD?DISPLAYER
            XDATA   02BDH     000AH     UNIT         ?XD?KEY
            XDATA   02C7H     0009H     UNIT         ?XD?DS1302
            XDATA   02D0H     0009H     UNIT         ?XD?FM_RADIO
            XDATA   02D9H     0001H     UNIT         ?XD?VIB

            * * * * * * *   C O D E   M E M O R Y   * * * * * * *
            CODE    0000H     0003H     ABSOLUTE     
            CODE    0003H     0007H     UNIT         ?PR?GETADC?ADC
            CODE    000AH     0001H     UNIT         ?PR?_?NULLFUNC?SYS
            CODE    000BH     0003H     ABSOLUTE     
            CODE    000EH     0015H     UNIT         ?PR?OLED_DISPLAY_ON?OLED
            CODE    0023H     0003H     ABSOLUTE     
            CODE    0026H     0003H     UNIT         ?PR?_?RET0FUNC?SYS
                    0029H     0002H                  *** GAP ***
            CODE    002BH     0003H     ABSOLUTE     
            CODE    002EH     000DH     UNIT         ?PR?_?SYS_SV_DRV?VIB
            CODE    003BH     0003H     ABSOLUTE     
            CODE    003EH     1B26H     UNIT         ?CO?MAIN
            CODE    1B64H     1158H     UNIT         ?CO?OLED
            CODE    2CBCH     0AACH     UNIT         ?PR?MY100MS_CALLBACK?MAIN
            CODE    3768H     07AEH     UNIT         ?C?LIB_CODE
            CODE    3F16H     03A9H     UNIT         ?PR?MYKN_CALLBACK?MAIN
BL51 BANKED LINKER/LOCATER V6.22                                                      09/17/2023  18:21:54  PAGE 3


            CODE    42BFH     0345H     UNIT         ?C_INITSEG
            CODE    4604H     02F6H     UNIT         ?PR?_?SYS_MUSIC_DRV?MUSIC
            CODE    48FAH     02B1H     UNIT         ?PR?OLED_DISPLAY?MAIN
            CODE    4BABH     01ACH     UNIT         ?PR?_?SYS_ADC_DRV?ADC
            CODE    4D57H     016CH     UNIT         ?PR?PC_PREVIEW?MAIN
            CODE    4EC3H     0162H     UNIT         ?PR?MYKEY_CALLBACK?MAIN
            CODE    5025H     0135H     UNIT         ?PR?LOG?LOG
            CODE    515AH     0130H     UNIT         ?PR?UART1_ISR?UART1
            CODE    528AH     0126H     UNIT         ?CO?MUSIC
            CODE    53B0H     0123H     UNIT         ?PR?_?SYS_KEY_DRV?KEY
            CODE    54D3H     00FEH     UNIT         ?PR?DS1302INIT?DS1302
            CODE    55D1H     00EDH     UNIT         ?PR?SYS_TASK_1MS?SYS
            CODE    56BEH     00E9H     UNIT         ?PR?_?SYS_DISPLAY_DRV?DISPLAYER
            CODE    57A7H     00D0H     UNIT         ?PR?OLED_INIT?OLED
            CODE    5877H     00C6H     UNIT         ?PR?_OLED_SHOWCHAR?OLED
            CODE    593DH     00B7H     UNIT         ?PR?MAIN?MAIN
            CODE    59F4H     00B6H     UNIT         ?PR?SETFMRADIO?FM_RADIO
            CODE    5AAAH     00AAH     UNIT         ?PR?_PLAYTONE?MUSIC
            CODE    5B54H     00A8H     UNIT         ?PR?SYS_CCP_ISR?SYS
            CODE    5BFCH     00A5H     UNIT         ?PR?_?SYS_DS1302_DRV?DS1302
            CODE    5CA1H     0093H     UNIT         ?PR?_TEM_CALCULATE?MAIN
            CODE    5D34H     0093H     UNIT         ?PR?SYS_TASK_10MS?SYS
            CODE    5DC7H     008CH     UNIT         ?C_C51STARTUP
            CODE    5E53H     008BH     UNIT         ?PR?SYS_TASK_IR?SYS
            CODE    5EDEH     0089H     UNIT         ?PR?_OLED_SHOWNUM?OLED
            CODE    5F67H     007DH     UNIT         ?PR?_SETEVENTCALLBACK?SYS
            CODE    5FE4H     0078H     UNIT         ?PR?_SETBEEP?BEEP
            CODE    605CH     0077H     UNIT         ?PR?_UART1INIT?UART1
            CODE    60D3H     0068H     UNIT         ?PR?_OLED_DRAWBMP1?OLED
            CODE    613BH     0065H     UNIT         ?PR?OLED_REFRESH?OLED
            CODE    61A0H     0065H     UNIT         ?PR?_OLED_DRAWBMP?OLED
            CODE    6205H     005CH     UNIT         ?PR?GETFMRADIO?FM_RADIO
            CODE    6261H     0058H     UNIT         ?PR?_SETMUSIC?MUSIC
            CODE    62B9H     0058H     UNIT         ?PR?_OLED_WRITE_GRAM?OLED
            CODE    6311H     0053H     UNIT         ?PR?GETULTRASONIC?SYS
            CODE    6364H     0052H     UNIT         ?PR?SYS_TIMER0_ISR?SYS
            CODE    63B6H     0049H     UNIT         ?PR?_OLED_SHOWSTRING?OLED
            CODE    63FFH     0048H     UNIT         ?PR?_OLED_SHOWCHINESE?OLED
            CODE    6447H     0047H     UNIT         ?PR?SYS_TIMER0_INIT?SYS
            CODE    648EH     0046H     UNIT         ?PR?_GETADCNAVACT?ADC
            CODE    64D4H     0044H     UNIT         ?PR?_?SYS_FMRADIO_DRV?FM_RADIO
            CODE    6518H     0044H     UNIT         ?C?LDIV
            CODE    655CH     0040H     UNIT         ?PR?_GETKEYACT?KEY
            CODE    659CH     003FH     UNIT         ?PR?SYS_TASK_100MS?SYS
            CODE    65DBH     003EH     UNIT         ?PR?MYSTC_OS?SYS
            CODE    6619H     003AH     UNIT         ?PR?_OLED_WR_BYTE?OLED
            CODE    6653H     0031H     UNIT         ?PR?_ADCINIT?ADC
            CODE    6684H     0031H     UNIT         ?PR?_SETUART1RXD?UART1
            CODE    66B5H     0030H     UNIT         ?PR?OLED_CLEAR?OLED
            CODE    66E5H     002EH     UNIT         ?PR?_DS1302READ?DS1302
            CODE    6713H     002BH     UNIT         ?PR?SYS_TASK_1S?SYS
            CODE    673EH     0029H     UNIT         ?PR?_NVM_WRITE?DS1302
            CODE    6767H     0028H     UNIT         ?PR?INITIAL_INTERFACE?MAIN
            CODE    678FH     0028H     UNIT         ?PR?_?SYS_BEEP_DRV?BEEP
            CODE    67B7H     0028H     UNIT         ?PR?_SETPLAYERMODE?MUSIC
            CODE    67DFH     0028H     UNIT         ?PR?_IIC_RADIO_WRITEBYTE?FM_RADIO
            CODE    6807H     0028H     UNIT         ?PR?_UART1PRINT?UART1
BL51 BANKED LINKER/LOCATER V6.22                                                      09/17/2023  18:21:54  PAGE 4


            CODE    682FH     0027H     UNIT         ?PR?_OLED_DISPLAYTURN?OLED
            CODE    6856H     0025H     UNIT         ?PR?FMRADIOINIT?FM_RADIO
            CODE    687BH     0023H     UNIT         ?PR?_SEND_BYTE?OLED
            CODE    689EH     0022H     UNIT         ?PR?_OLED_SET_POS?OLED
            CODE    68C0H     0020H     UNIT         ?PR?BEEPINIT?BEEP
            CODE    68E0H     0020H     UNIT         ?PR?_SEG7PRINT?DISPLAYER
            CODE    6900H     0020H     UNIT         ?PR?_DS1302WRITE?DS1302
            CODE    6920H     001DH     UNIT         ?PR?KEYINIT?KEY
            CODE    693DH     001DH     UNIT         ?PR?VIBINIT?VIB
            CODE    695AH     001CH     UNIT         ?PR?IIC_RADIO_ACK?FM_RADIO
            CODE    6976H     001BH     UNIT         ?PR?DISPLAYERINIT?DISPLAYER
            CODE    6991H     001AH     UNIT         ?PR?_DELAY_MS?OLED
            CODE    69ABH     0019H     UNIT         ?PR?_DS1302WRITEBYTE?DS1302
            CODE    69C4H     0019H     UNIT         ?PR?RTC_WRITE?DS1302
            CODE    69DDH     0019H     UNIT         ?PR?_OLED_COLORTURN?OLED
            CODE    69F6H     0018H     UNIT         ?PR?UART_CALLBACK?MAIN
            CODE    6A0EH     0018H     UNIT         ?PR?DS1302READBYTE?DS1302
            CODE    6A26H     0018H     UNIT         ?PR?_OLED_POW?OLED
            CODE    6A3EH     0016H     UNIT         ?PR?MYVIB_CALLBACK?MAIN
            CODE    6A54H     0015H     UNIT         ?PR?OLED_DISPLAY_OFF?OLED
            CODE    6A69H     0013H     UNIT         ?PR?_DELAY?FM_RADIO
            CODE    6A7CH     0013H     UNIT         ?PR?IIC_RADIO_START?FM_RADIO
            CODE    6A8FH     0012H     UNIT         ?PR?_NVM_READ?DS1302
            CODE    6AA1H     0011H     UNIT         ?PR?_SETCCP0?SYS
            CODE    6AB2H     000FH     UNIT         ?PR?_?GETVIBACT?VIB
            CODE    6AC1H     000FH     UNIT         ?PR?MUSICPLAYERINIT?MUSIC
            CODE    6AD0H     000FH     UNIT         ?PR?_?SYS_GET_UART1RXDEVENT?UART1
            CODE    6ADFH     000FH     UNIT         ?PR?I2C_START?OLED
            CODE    6AEEH     000FH     UNIT         ?PR?I2C_WAITACK?OLED
            CODE    6AFDH     000EH     UNIT         ?PR?_?SYS_GET_KNEVENT?ADC
            CODE    6B0BH     000EH     UNIT         ?PR?_?SYS_GET_EXTADCEVENT?ADC
            CODE    6B19H     000EH     UNIT         ?PR?_?SYS_GET_KEYEVENT?KEY
            CODE    6B27H     000EH     UNIT         ?PR?_?SYS_GET_SVEVENT?VIB
            CODE    6B35H     000CH     UNIT         ?PR?GETBEEPSTATUS?BEEP
            CODE    6B41H     000CH     UNIT         ?PR?IIC_RADIO_STOP?FM_RADIO
            CODE    6B4DH     000BH     UNIT         ?PR?GETUART1TXSTATUS?UART1
            CODE    6B58H     000AH     UNIT         ?PR?I2C_STOP?OLED
            CODE    6B62H     0009H     UNIT         ?CO?ADC
            CODE    6B6BH     0009H     UNIT         ?PR?_SETDISPLAYERAREA?DISPLAYER
            CODE    6B74H     0009H     UNIT         ?PR?GETBEEPTIMER?SYS
            CODE    6B7DH     0009H     UNIT         ?PR?_SETBEEPTIMER?SYS
            CODE    6B86H     0009H     UNIT         ?PR?IIC_DELAY?OLED
            CODE    6B8FH     0007H     UNIT         ?PR?GETSYSPERFORMANCE?SYS
            CODE    6B96H     0007H     UNIT         ?PR?RTC_READ?DS1302
            CODE    6B9DH     0006H     UNIT         ?PR?ADC_ISR?ADC
            CODE    6BA3H     0006H     UNIT         ?PR?_LEDPRINT?DISPLAYER
            CODE    6BA9H     0006H     UNIT         ?PR?MYSTC_INIT?SYS
            CODE    6BAFH     0006H     UNIT         ?PR?GETPLAYERMODE?MUSIC
            CODE    6BB5H     0003H     UNIT         ?PR?CLRBEEPPIN?SYS



OVERLAY MAP OF MODULE:   .\output\BSP_Demo (MAIN)


SEGMENT                                      BIT_GROUP          DATA_GROUP 
  +--> CALLED SEGMENT                     START    LENGTH     START    LENGTH
BL51 BANKED LINKER/LOCATER V6.22                                                      09/17/2023  18:21:54  PAGE 5


-----------------------------------------------------------------------------
?C_C51STARTUP                             -----    -----      -----    -----
  +--> ?PR?MAIN?MAIN
  +--> ?C_INITSEG

?PR?MAIN?MAIN                             -----    -----      -----    -----
  +--> ?PR?KEYINIT?KEY
  +--> ?PR?BEEPINIT?BEEP
  +--> ?PR?OLED_INIT?OLED
  +--> ?PR?_ADCINIT?ADC
  +--> ?PR?DISPLAYERINIT?DISPLAYER
  +--> ?CO?MAIN
  +--> ?PR?DS1302INIT?DS1302
  +--> ?PR?FMRADIOINIT?FM_RADIO
  +--> ?PR?MUSICPLAYERINIT?MUSIC
  +--> ?PR?VIBINIT?VIB
  +--> ?PR?_UART1INIT?UART1
  +--> ?PR?_SETUART1RXD?UART1
  +--> ?PR?MYKEY_CALLBACK?MAIN
  +--> ?PR?_SETEVENTCALLBACK?SYS
  +--> ?PR?MY100MS_CALLBACK?MAIN
  +--> ?PR?MYKN_CALLBACK?MAIN
  +--> ?PR?MYVIB_CALLBACK?MAIN
  +--> ?PR?UART_CALLBACK?MAIN
  +--> ?PR?INITIAL_INTERFACE?MAIN
  +--> ?PR?_SETDISPLAYERAREA?DISPLAYER
  +--> ?PR?MYSTC_INIT?SYS
  +--> ?PR?MYSTC_OS?SYS

?PR?KEYINIT?KEY                           -----    -----      -----    -----
  +--> ?PR?_?SYS_GET_KEYEVENT?KEY
  +--> ?PR?_?SYS_KEY_DRV?KEY

?PR?BEEPINIT?BEEP                         -----    -----      -----    -----
  +--> ?PR?CLRBEEPPIN?SYS
  +--> ?PR?_?SYS_BEEP_DRV?BEEP

?PR?_?SYS_BEEP_DRV?BEEP                   -----    -----      -----    -----
  +--> ?PR?GETBEEPTIMER?SYS
  +--> ?PR?_SETBEEPTIMER?SYS

?PR?OLED_INIT?OLED                        -----    -----      -----    -----
  +--> ?PR?_DELAY_MS?OLED
  +--> ?PR?_OLED_WR_BYTE?OLED
  +--> ?PR?OLED_CLEAR?OLED

?PR?_OLED_WR_BYTE?OLED                    -----    -----      -----    -----
  +--> ?PR?I2C_START?OLED
  +--> ?PR?_SEND_BYTE?OLED
  +--> ?PR?I2C_WAITACK?OLED
  +--> ?PR?I2C_STOP?OLED

?PR?I2C_START?OLED                        -----    -----      -----    -----
  +--> ?PR?IIC_DELAY?OLED

?PR?_SEND_BYTE?OLED                       -----    -----      -----    -----
  +--> ?PR?IIC_DELAY?OLED
BL51 BANKED LINKER/LOCATER V6.22                                                      09/17/2023  18:21:54  PAGE 6



?PR?I2C_WAITACK?OLED                      -----    -----      -----    -----
  +--> ?PR?IIC_DELAY?OLED

?PR?I2C_STOP?OLED                         -----    -----      -----    -----
  +--> ?PR?IIC_DELAY?OLED

?PR?OLED_CLEAR?OLED                       -----    -----      002EH    0001H
  +--> ?PR?_OLED_WR_BYTE?OLED

?PR?_ADCINIT?ADC                          -----    -----      -----    -----
  +--> ?PR?_?SYS_ADC_DRV?ADC
  +--> ?PR?_?SYS_GET_KNEVENT?ADC
  +--> ?PR?_?SYS_GET_EXTADCEVENT?ADC

?PR?_?SYS_ADC_DRV?ADC                     -----    -----      -----    -----
  +--> ?CO?ADC

?PR?DISPLAYERINIT?DISPLAYER               -----    -----      -----    -----
  +--> ?PR?_?SYS_DISPLAY_DRV?DISPLAYER

?PR?_?SYS_DISPLAY_DRV?DISPLAYER           -----    -----      -----    -----
  +--> ?CO?MAIN

?PR?DS1302INIT?DS1302                     -----    -----      0026H    0007H
  +--> ?PR?_DS1302READ?DS1302
  +--> ?PR?_DS1302WRITE?DS1302
  +--> ?PR?_NVM_READ?DS1302
  +--> ?PR?RTC_WRITE?DS1302
  +--> ?PR?_NVM_WRITE?DS1302
  +--> ?PR?_?SYS_DS1302_DRV?DS1302

?PR?_DS1302READ?DS1302                    -----    -----      -----    -----
  +--> ?PR?_DS1302WRITEBYTE?DS1302
  +--> ?PR?DS1302READBYTE?DS1302

?PR?_DS1302WRITE?DS1302                   -----    -----      -----    -----
  +--> ?PR?_DS1302WRITEBYTE?DS1302

?PR?_NVM_READ?DS1302                      -----    -----      -----    -----
  +--> ?PR?_DS1302READ?DS1302

?PR?RTC_WRITE?DS1302                      -----    -----      002DH    0007H

?PR?_NVM_WRITE?DS1302                     -----    -----      -----    -----
  +--> ?PR?_DS1302WRITE?DS1302

?PR?_?SYS_DS1302_DRV?DS1302               -----    -----      -----    -----
  +--> ?PR?_DS1302READ?DS1302
  +--> ?PR?_DS1302WRITE?DS1302

?PR?FMRADIOINIT?FM_RADIO                  -----    -----      0026H    0006H
  +--> ?PR?SETFMRADIO?FM_RADIO
  +--> ?PR?_?SYS_FMRADIO_DRV?FM_RADIO

?PR?SETFMRADIO?FM_RADIO                   -----    -----      0031H    0006H
  +--> ?PR?GETFMRADIO?FM_RADIO
BL51 BANKED LINKER/LOCATER V6.22                                                      09/17/2023  18:21:54  PAGE 7



?PR?GETFMRADIO?FM_RADIO                   -----    -----      0037H    0006H

?PR?_?SYS_FMRADIO_DRV?FM_RADIO            -----    -----      -----    -----
  +--> ?PR?IIC_RADIO_START?FM_RADIO
  +--> ?PR?_IIC_RADIO_WRITEBYTE?FM_RADIO
  +--> ?PR?IIC_RADIO_ACK?FM_RADIO
  +--> ?PR?IIC_RADIO_STOP?FM_RADIO

?PR?IIC_RADIO_START?FM_RADIO              -----    -----      -----    -----
  +--> ?PR?_DELAY?FM_RADIO

?PR?_IIC_RADIO_WRITEBYTE?FM_RADIO         -----    -----      -----    -----
  +--> ?PR?_DELAY?FM_RADIO

?PR?IIC_RADIO_ACK?FM_RADIO                -----    -----      -----    -----
  +--> ?PR?_DELAY?FM_RADIO

?PR?IIC_RADIO_STOP?FM_RADIO               -----    -----      -----    -----
  +--> ?PR?_DELAY?FM_RADIO

?PR?MUSICPLAYERINIT?MUSIC                 -----    -----      -----    -----
  +--> ?PR?_?SYS_MUSIC_DRV?MUSIC

?PR?_?SYS_MUSIC_DRV?MUSIC                 -----    -----      -----    -----
  +--> ?PR?GETBEEPSTATUS?BEEP
  +--> ?PR?_SEG7PRINT?DISPLAYER
  +--> ?PR?_LEDPRINT?DISPLAYER
  +--> ?PR?_PLAYTONE?MUSIC

?PR?GETBEEPSTATUS?BEEP                    -----    -----      -----    -----
  +--> ?PR?GETBEEPTIMER?SYS

?PR?_SEG7PRINT?DISPLAYER                  -----    -----      002EH    0008H

?PR?_PLAYTONE?MUSIC                       -----    -----      0026H    0006H
  +--> ?PR?GETBEEPSTATUS?BEEP
  +--> ?CO?MUSIC
  +--> ?PR?_SETBEEP?BEEP

?PR?_SETBEEP?BEEP                         -----    -----      0031H    0004H
  +--> ?PR?GETBEEPTIMER?SYS
  +--> ?PR?_SETBEEPTIMER?SYS
  +--> ?CO?MAIN
  +--> ?PR?_SETCCP0?SYS
  +--> ?PR?CLRBEEPPIN?SYS

?PR?VIBINIT?VIB                           -----    -----      -----    -----
  +--> ?PR?_?SYS_GET_SVEVENT?VIB
  +--> ?PR?_?SYS_SV_DRV?VIB

?PR?_UART1INIT?UART1                      -----    -----      0026H    0004H
  +--> ?CO?MAIN
  +--> ?PR?_?SYS_GET_UART1RXDEVENT?UART1

?PR?_SETUART1RXD?UART1                    -----    -----      0026H    000AH

BL51 BANKED LINKER/LOCATER V6.22                                                      09/17/2023  18:21:54  PAGE 8


?PR?MYKEY_CALLBACK?MAIN                   -----    -----      0026H    0002H
  +--> ?PR?_GETKEYACT?KEY
  +--> ?PR?_SETBEEP?BEEP
  +--> ?PR?GETPLAYERMODE?MUSIC
  +--> ?CO?MAIN
  +--> ?PR?_SETMUSIC?MUSIC
  +--> ?PR?_SETPLAYERMODE?MUSIC

?PR?_SETMUSIC?MUSIC                       -----    -----      0028H    0008H

?PR?_SETEVENTCALLBACK?SYS                 -----    -----      0026H    0003H

?PR?MY100MS_CALLBACK?MAIN                 -----    -----      0026H    0008H
  +--> ?PR?OLED_DISPLAY?MAIN
  +--> ?PR?PC_PREVIEW?MAIN
  +--> ?PR?_SETBEEP?BEEP
  +--> ?CO?MAIN
  +--> ?PR?_SEG7PRINT?DISPLAYER
  +--> ?PR?_LEDPRINT?DISPLAYER
  +--> ?PR?RTC_READ?DS1302
  +--> ?PR?GETADC?ADC
  +--> ?PR?_TEM_CALCULATE?MAIN
  +--> ?PR?GETFMRADIO?FM_RADIO
  +--> ?PR?GETPLAYERMODE?MUSIC

?PR?OLED_DISPLAY?MAIN                     -----    -----      -----    -----
  +--> ?PR?OLED_CLEAR?OLED
  +--> ?CO?MAIN
  +--> ?PR?_OLED_DRAWBMP1?OLED
  +--> ?PR?_OLED_SHOWSTRING?OLED
  +--> ?PR?_OLED_SHOWCHINESE?OLED

?PR?_OLED_DRAWBMP1?OLED                   -----    -----      002EH    000BH
  +--> ?PR?_OLED_SET_POS?OLED
  +--> ?PR?_OLED_WR_BYTE?OLED

?PR?_OLED_SET_POS?OLED                    -----    -----      -----    -----
  +--> ?PR?_OLED_WR_BYTE?OLED

?PR?_OLED_SHOWSTRING?OLED                 -----    -----      002EH    0007H
  +--> ?PR?_OLED_SHOWCHAR?OLED

?PR?_OLED_SHOWCHAR?OLED                   -----    -----      0035H    000AH
  +--> ?PR?_OLED_SET_POS?OLED
  +--> ?CO?OLED
  +--> ?PR?_OLED_WR_BYTE?OLED

?PR?_OLED_SHOWCHINESE?OLED                -----    -----      002EH    0004H
  +--> ?PR?_OLED_SET_POS?OLED
  +--> ?CO?OLED
  +--> ?PR?_OLED_WR_BYTE?OLED

?PR?PC_PREVIEW?MAIN                       -----    -----      -----    -----
  +--> ?CO?MAIN
  +--> ?PR?_UART1PRINT?UART1

?PR?_TEM_CALCULATE?MAIN                   -----    -----      002EH    0008H
BL51 BANKED LINKER/LOCATER V6.22                                                      09/17/2023  18:21:54  PAGE 9


  +--> ?PR?LOG?LOG

?PR?LOG?LOG                               0025H.0  0000H.1    0036H    0004H

?PR?MYKN_CALLBACK?MAIN                    -----    -----      0026H    000BH
  +--> ?PR?_GETADCNAVACT?ADC
  +--> ?PR?_SETBEEP?BEEP
  +--> ?PR?GETFMRADIO?FM_RADIO
  +--> ?PR?SETFMRADIO?FM_RADIO

?PR?MYVIB_CALLBACK?MAIN                   -----    -----      -----    -----
  +--> ?PR?_SETBEEP?BEEP

?PR?UART_CALLBACK?MAIN                    -----    -----      -----    -----
  +--> ?CO?MAIN
  +--> ?PR?_UART1PRINT?UART1
  +--> ?PR?_SETBEEP?BEEP

?PR?INITIAL_INTERFACE?MAIN                -----    -----      -----    -----
  +--> ?CO?MAIN
  +--> ?PR?_OLED_DRAWBMP?OLED
  +--> ?PR?_OLED_SHOWSTRING?OLED

?PR?_OLED_DRAWBMP?OLED                    -----    -----      0026H    000BH
  +--> ?PR?_OLED_SET_POS?OLED
  +--> ?PR?_OLED_WR_BYTE?OLED

?PR?MYSTC_INIT?SYS                        -----    -----      -----    -----
  +--> ?PR?SYS_TIMER0_INIT?SYS

?PR?SYS_TIMER0_INIT?SYS                   -----    -----      -----    -----
  +--> ?CO?MAIN

?PR?MYSTC_OS?SYS                          -----    -----      -----    -----
  +--> ?PR?SYS_TASK_IR?SYS
  +--> ?PR?SYS_TASK_1MS?SYS
  +--> ?PR?SYS_TASK_10MS?SYS
  +--> ?PR?SYS_TASK_100MS?SYS
  +--> ?PR?SYS_TASK_1S?SYS

?C_INITSEG                                -----    -----      -----    -----
  +--> ?PR?_?NULLFUNC?SYS
  +--> ?PR?_?RET0FUNC?SYS



UNRESOLVED EXTERNAL SYMBOLS:
   DATANOW



SYMBOL TABLE OF MODULE:  .\output\BSP_Demo (MAIN)

  VALUE           TYPE          NAME
  ----------------------------------

  -------         MODULE        MAIN
BL51 BANKED LINKER/LOCATER V6.22                                                      09/17/2023  18:21:54  PAGE 10


  C:0000H         SYMBOL        _ICE_DUMMY_
  C:1AC0H         PUBLIC        radio_origin
  D:0080H         PUBLIC        P0
  B:0020H.0       PUBLIC        temperature_change
  D:0090H         PUBLIC        P1
  C:48FAH         PUBLIC        oled_display
  D:00A0H         PUBLIC        P2
  C:0E4EH         PUBLIC        light_avater
  D:00B0H         PUBLIC        P3
  D:00C0H         PUBLIC        P4
  B:0020H.1       PUBLIC        timer_second
  D:00C8H         PUBLIC        P5
  D:00E8H         PUBLIC        P6
  D:00F8H         PUBLIC        P7
  D:0008H         PUBLIC        previous_state
  B:0020H.2       PUBLIC        temperature_mode_change
  C:124EH         PUBLIC        music_avater
  C:104EH         PUBLIC        timer_avater
  D:00A8H         PUBLIC        IE
  B:0020H.3       PUBLIC        FM_volume
  C:00E8H         PUBLIC        BMP0
  C:1AC8H         PUBLIC        back
  C:3F16H         PUBLIC        myKN_callback
  D:0009H         PUBLIC        clock_mode
  D:00B8H         PUBLIC        IP
  D:000AH         PUBLIC        light_intensity_lowerlimit
  B:0020H.4       PUBLIC        timer_minute
  C:0501H         PUBLIC        song_TruE
  D:000BH         PUBLIC        light_intensity_upperlimit
  C:6A3EH         PUBLIC        myVib_callback
  C:0A4EH         PUBLIC        temperature_avater
  D:000CH         PUBLIC        timer
  D:000EH         PUBLIC        state
  D:00D8H         PUBLIC        CCON
  C:4EC3H         PUBLIC        myKey_callback
  C:593DH         PUBLIC        main
  C:1A91H         PUBLIC        mode
  B:0020H.5       PUBLIC        FM_mutex
  C:164EH         PUBLIC        vib_avater
  D:000FH         PUBLIC        count
  C:1A4EH         PUBLIC        SysClock
  C:1AC6H         PUBLIC        datahead
  B:0020H.6       PUBLIC        temperature_lowerlimit_change
  B:0020H.7       PUBLIC        temperature_upperlimit_change
  B:0021H.0       PUBLIC        light_intensity_change
  D:0098H         PUBLIC        SCON
  D:0088H         PUBLIC        TCON
  C:1AB9H         PUBLIC        rtc_origin
  C:03E8H         PUBLIC        song
  C:4D57H         PUBLIC        pc_preview
  B:0021H.1       PUBLIC        light_intensity_mode_change
  B:0021H.2       PUBLIC        temperature_mode
  B:0021H.3       PUBLIC        key_flag
  C:1AA5H         PUBLIC        next_mode
  D:0010H         PUBLIC        rtc
  C:0C4EH         PUBLIC        stopwatch_avater
  B:0021H.4       PUBLIC        FM_frequency
BL51 BANKED LINKER/LOCATER V6.22                                                      09/17/2023  18:21:54  PAGE 11


  C:2CBCH         PUBLIC        my100mS_callback
  C:69F6H         PUBLIC        uart_callback
  C:1A52H         PUBLIC        decode_table
  B:0021H.5       PUBLIC        timer_run
  C:5CA1H         PUBLIC        _tem_calculate
  D:0017H         PUBLIC        time1
  D:0019H         PUBLIC        time2
  B:0021H.6       PUBLIC        light_intensity_lowerlimit_change
  D:001BH         PUBLIC        temperature_lowerlimit
  C:6767H         PUBLIC        Initial_interface
  B:0021H.7       PUBLIC        light_intensity_upperlimit_change
  D:001DH         PUBLIC        vib_old_state
  D:001EH         PUBLIC        temperature_upperlimit
  B:0022H.0       PUBLIC        transfer
  C:184EH         PUBLIC        choose_avater
  B:0022H.1       PUBLIC        timer_change
  B:0022H.2       PUBLIC        oled_change
  B:0022H.3       PUBLIC        light_intensity_mode
  B:0022H.4       PUBLIC        stopwatch_1
  B:0022H.5       PUBLIC        stopwatch_2
  C:084EH         PUBLIC        clock_avater
  C:144EH         PUBLIC        FM_avater
  D:00D0H         PUBLIC        PSW
  -------         PROC          MAIN
  C:593DH         LINE#         83
  C:593DH         LINE#         84
  C:593DH         LINE#         87
  C:5940H         LINE#         88
  C:5943H         LINE#         89
  C:5946H         LINE#         90
  C:594BH         LINE#         91
  C:594EH         LINE#         92
  C:5964H         LINE#         93
  C:597AH         LINE#         94
  C:597DH         LINE#         96
  C:5980H         LINE#         97
  C:598BH         LINE#         98
  C:59A4H         LINE#         102
  C:59AFH         LINE#         103
  C:59BAH         LINE#         104
  C:59C5H         LINE#         105
  C:59D0H         LINE#         106
  C:59DBH         LINE#         112
  C:59DEH         LINE#         113
  C:59E0H         LINE#         114
  C:59E2H         LINE#         115
  C:59E5H         LINE#         116
  C:59ECH         LINE#         120
  C:59EFH         LINE#         121
  C:59EFH         LINE#         122
  C:59EFH         LINE#         123
  C:59F2H         LINE#         125
  -------         ENDPROC       MAIN
  -------         PROC          INITIAL_INTERFACE
  C:6767H         LINE#         129
  C:6767H         LINE#         130
  C:6767H         LINE#         131
BL51 BANKED LINKER/LOCATER V6.22                                                      09/17/2023  18:21:54  PAGE 12


  C:677BH         LINE#         132
  C:678BH         LINE#         133
  C:678EH         LINE#         134
  -------         ENDPROC       INITIAL_INTERFACE
  -------         PROC          MYKN_CALLBACK
  -------         DO            
  D:0026H         SYMBOL        K3
  D:0027H         SYMBOL        up
  D:0028H         SYMBOL        down
  D:0029H         SYMBOL        left
  D:002AH         SYMBOL        right
  -------         DO            
  D:002BH         SYMBOL        radio
  -------         ENDDO         
  -------         ENDDO         
  C:3F16H         LINE#         137
  C:3F16H         LINE#         138
  C:3F16H         LINE#         139
  C:3F1DH         LINE#         140
  C:3F24H         LINE#         141
  C:3F2BH         LINE#         142
  C:3F32H         LINE#         143
  C:3F39H         LINE#         146
  C:3F3EH         LINE#         147
  C:3F3EH         LINE#         148
  C:3F43H         LINE#         149
  C:3F43H         LINE#         150
  C:3F45H         LINE#         151
  C:3F4DH         LINE#         152
  C:3F58H         LINE#         153
  C:3F58H         LINE#         154
  C:3F58H         LINE#         157
  C:3F67H         LINE#         158
  C:3F67H         LINE#         159
  C:3F6CH         LINE#         160
  C:3F6CH         LINE#         161
  C:3F79H         LINE#         162
  C:3F87H         LINE#         163
  C:3F87H         LINE#         164
  C:3F89H         LINE#         165
  C:3F8FH         LINE#         166
  C:3F8FH         LINE#         167
  C:3FB1H         LINE#         168
  C:3FDCH         LINE#         169
  C:3FE7H         LINE#         170
  C:3FE7H         LINE#         171
  C:3FECH         LINE#         172
  C:3FECH         LINE#         173
  C:3FF3H         LINE#         174
  C:3FFEH         LINE#         175
  C:3FFEH         LINE#         176
  C:4003H         LINE#         177
  C:4003H         LINE#         178
  C:400AH         LINE#         179
  C:4015H         LINE#         180
  C:4015H         LINE#         181
  C:4015H         LINE#         184
BL51 BANKED LINKER/LOCATER V6.22                                                      09/17/2023  18:21:54  PAGE 13


  C:401DH         LINE#         185
  C:401DH         LINE#         186
  C:4022H         LINE#         187
  C:4022H         LINE#         188
  C:4024H         LINE#         189
  C:4024H         LINE#         190
  C:4024H         LINE#         193
  C:4033H         LINE#         194
  C:4033H         LINE#         195
  C:4039H         LINE#         196
  C:4039H         LINE#         197
  C:403CH         LINE#         198
  C:403CH         LINE#         199
  C:4060H         LINE#         200
  C:4062H         LINE#         201
  C:4065H         LINE#         202
  C:4065H         LINE#         203
  C:4080H         LINE#         204
  C:4082H         LINE#         205
  C:4085H         LINE#         206
  C:4085H         LINE#         207
  C:4087H         LINE#         208
  C:4087H         LINE#         209
  C:4087H         LINE#         210
  C:4089H         LINE#         211
  C:408FH         LINE#         212
  C:408FH         LINE#         213
  C:4092H         LINE#         214
  C:4092H         LINE#         215
  C:409EH         LINE#         216
  C:40A0H         LINE#         217
  C:40A3H         LINE#         218
  C:40A3H         LINE#         219
  C:40B5H         LINE#         220
  C:40B7H         LINE#         221
  C:40BAH         LINE#         222
  C:40BAH         LINE#         223
  C:40BCH         LINE#         224
  C:40BCH         LINE#         225
  C:40C7H         LINE#         226
  C:40C7H         LINE#         227
  C:40CCH         LINE#         228
  C:40CCH         LINE#         229
  C:40CFH         LINE#         230
  C:40CFH         LINE#         231
  C:40D1H         LINE#         232
  C:40D3H         LINE#         233
  C:40D3H         LINE#         234
  C:40D6H         LINE#         235
  C:40D6H         LINE#         236
  C:40D8H         LINE#         237
  C:40DAH         LINE#         238
  C:40DAH         LINE#         239
  C:40E5H         LINE#         240
  C:40E5H         LINE#         241
  C:40EAH         LINE#         242
  C:40EAH         LINE#         243
BL51 BANKED LINKER/LOCATER V6.22                                                      09/17/2023  18:21:54  PAGE 14


  C:40EDH         LINE#         244
  C:40EDH         LINE#         245
  C:40EFH         LINE#         246
  C:40F1H         LINE#         247
  C:40F1H         LINE#         248
  C:40F4H         LINE#         249
  C:40F4H         LINE#         250
  C:40F6H         LINE#         251
  C:40F8H         LINE#         252
  C:40F8H         LINE#         253
  C:4103H         LINE#         254
  C:4103H         LINE#         255
  C:4103H         LINE#         258
  C:4112H         LINE#         259
  C:4112H         LINE#         260
  C:4118H         LINE#         261
  C:4118H         LINE#         262
  C:411BH         LINE#         263
  C:411BH         LINE#         264
  C:4135H         LINE#         265
  C:4137H         LINE#         266
  C:413AH         LINE#         267
  C:413AH         LINE#         268
  C:4154H         LINE#         269
  C:4156H         LINE#         270
  C:4159H         LINE#         271
  C:4159H         LINE#         272
  C:415BH         LINE#         273
  C:415BH         LINE#         274
  C:415BH         LINE#         275
  C:415DH         LINE#         276
  C:4163H         LINE#         277
  C:4163H         LINE#         278
  C:4166H         LINE#         279
  C:4166H         LINE#         280
  C:4181H         LINE#         281
  C:4183H         LINE#         282
  C:4186H         LINE#         283
  C:4186H         LINE#         284
  C:41A1H         LINE#         285
  C:41A3H         LINE#         286
  C:41A6H         LINE#         287
  C:41A6H         LINE#         288
  C:41A8H         LINE#         289
  C:41A8H         LINE#         290
  C:41B3H         LINE#         291
  C:41B3H         LINE#         292
  C:41B8H         LINE#         293
  C:41B8H         LINE#         294
  C:41BBH         LINE#         295
  C:41BBH         LINE#         296
  C:41BDH         LINE#         297
  C:41BFH         LINE#         298
  C:41BFH         LINE#         299
  C:41C2H         LINE#         300
  C:41C2H         LINE#         301
  C:41C4H         LINE#         302
BL51 BANKED LINKER/LOCATER V6.22                                                      09/17/2023  18:21:54  PAGE 15


  C:41C6H         LINE#         303
  C:41C6H         LINE#         304
  C:41D1H         LINE#         305
  C:41D1H         LINE#         306
  C:41D6H         LINE#         307
  C:41D6H         LINE#         308
  C:41D9H         LINE#         309
  C:41D9H         LINE#         310
  C:41DBH         LINE#         311
  C:41DDH         LINE#         312
  C:41DDH         LINE#         313
  C:41E0H         LINE#         314
  C:41E0H         LINE#         315
  C:41E2H         LINE#         316
  C:41E4H         LINE#         317
  C:41E4H         LINE#         318
  C:41EFH         LINE#         319
  C:41EFH         LINE#         320
  C:41EFH         LINE#         323
  C:41F5H         LINE#         324
  C:41F5H         LINE#         325
  C:41FDH         LINE#         326
  C:41FDH         LINE#         327
  C:41FFH         LINE#         328
  C:4201H         LINE#         329
  C:4201H         LINE#         330
  C:4203H         LINE#         331
  C:420EH         LINE#         332
  C:420EH         LINE#         333
  C:4210H         LINE#         334
  C:4212H         LINE#         335
  C:421DH         LINE#         336
  C:421DH         LINE#         337
  C:421DH         LINE#         341
  C:4226H         LINE#         342
  C:4226H         LINE#         344
  C:4231H         LINE#         345
  C:4240H         LINE#         346
  C:424FH         LINE#         347
  C:425EH         LINE#         348
  C:426DH         LINE#         349
  C:4272H         LINE#         350
  C:4272H         LINE#         351
  C:427FH         LINE#         352
  C:4284H         LINE#         353
  C:4284H         LINE#         354
  C:4286H         LINE#         355
  C:428BH         LINE#         356
  C:428BH         LINE#         357
  C:4298H         LINE#         358
  C:429DH         LINE#         359
  C:42A8H         LINE#         360
  C:42A8H         LINE#         361
  C:42BEH         LINE#         362
  C:42BEH         LINE#         364
  -------         ENDPROC       MYKN_CALLBACK
  -------         PROC          MYKEY_CALLBACK
BL51 BANKED LINKER/LOCATER V6.22                                                      09/17/2023  18:21:54  PAGE 16


  -------         DO            
  D:0026H         SYMBOL        K1
  D:0027H         SYMBOL        K2
  -------         ENDDO         
  C:4EC3H         LINE#         368
  C:4EC3H         LINE#         369
  C:4EC3H         LINE#         370
  C:4ECAH         LINE#         371
  C:4ED1H         LINE#         379
  C:4ED6H         LINE#         380
  C:4ED6H         LINE#         381
  C:4ED8H         LINE#         382
  C:4ED8H         LINE#         385
  C:4EDCH         LINE#         386
  C:4EDCH         LINE#         387
  C:4EE4H         LINE#         388
  C:4EE4H         LINE#         389
  C:4EE7H         LINE#         390
  C:4EEAH         LINE#         391
  C:4EECH         LINE#         392
  C:4EEEH         LINE#         393
  C:4EF7H         LINE#         394
  C:4EF7H         LINE#         395
  C:4F08H         LINE#         396
  C:4F08H         LINE#         397
  C:4F0BH         LINE#         398
  C:4F10H         LINE#         399
  C:4F12H         LINE#         400
  C:4F14H         LINE#         402
  C:4F14H         LINE#         403
  C:4F17H         LINE#         404
  C:4F1AH         LINE#         405
  C:4F1CH         LINE#         406
  C:4F1CH         LINE#         407
  C:4F1EH         LINE#         408
  C:4F1EH         LINE#         409
  C:4F20H         LINE#         410
  C:4F24H         LINE#         411
  C:4F24H         LINE#         412
  C:4F29H         LINE#         413
  C:4F29H         LINE#         414
  C:4F2CH         LINE#         415
  C:4F2CH         LINE#         416
  C:4F2CH         LINE#         419
  C:4F31H         LINE#         420
  C:4F31H         LINE#         421
  C:4F36H         LINE#         422
  C:4F36H         LINE#         423
  C:4F43H         LINE#         424
  C:4F46H         LINE#         425
  C:4F46H         LINE#         426
  C:4F46H         LINE#         429
  C:4F4BH         LINE#         430
  C:4F4BH         LINE#         431
  C:4F50H         LINE#         432
  C:4F50H         LINE#         433
  C:4F52H         LINE#         434
BL51 BANKED LINKER/LOCATER V6.22                                                      09/17/2023  18:21:54  PAGE 17


  C:4F5AH         LINE#         435
  C:4F65H         LINE#         436
  C:4F65H         LINE#         437
  C:4F65H         LINE#         440
  C:4F6DH         LINE#         441
  C:4F6DH         LINE#         442
  C:4F72H         LINE#         443
  C:4F72H         LINE#         444
  C:4F77H         LINE#         445
  C:4F79H         LINE#         446
  C:4F79H         LINE#         447
  C:4F79H         LINE#         450
  C:4F7EH         LINE#         451
  C:4F7EH         LINE#         452
  C:4F83H         LINE#         453
  C:4F83H         LINE#         454
  C:4F85H         LINE#         455
  C:4F87H         LINE#         456
  C:4F87H         LINE#         457
  C:4F87H         LINE#         460
  C:4F8CH         LINE#         461
  C:4F8CH         LINE#         462
  C:4F91H         LINE#         463
  C:4F91H         LINE#         464
  C:4F93H         LINE#         465
  C:4F95H         LINE#         466
  C:4F95H         LINE#         467
  C:4F95H         LINE#         470
  C:4F9BH         LINE#         471
  C:4F9BH         LINE#         472
  C:4FA3H         LINE#         473
  C:4FA3H         LINE#         474
  C:4FA5H         LINE#         475
  C:4FA7H         LINE#         476
  C:4FA7H         LINE#         477
  C:4FA9H         LINE#         478
  C:4FB4H         LINE#         479
  C:4FB4H         LINE#         480
  C:4FB6H         LINE#         481
  C:4FB8H         LINE#         482
  C:4FC3H         LINE#         483
  C:4FC3H         LINE#         484
  C:4FC3H         LINE#         487
  C:4FC9H         LINE#         488
  C:4FC9H         LINE#         489
  C:4FD4H         LINE#         490
  C:4FD4H         LINE#         491
  C:4FEAH         LINE#         493
  C:4FEAH         LINE#         494
  C:4FECH         LINE#         495
  C:4FF7H         LINE#         496
  C:4FF7H         LINE#         497
  C:4FF9H         LINE#         498
  C:4FFBH         LINE#         499
  C:5006H         LINE#         500
  C:5006H         LINE#         501
  C:500BH         LINE#         502
BL51 BANKED LINKER/LOCATER V6.22                                                      09/17/2023  18:21:54  PAGE 18


  C:500BH         LINE#         503
  C:500BH         LINE#         506
  C:501FH         LINE#         507
  C:5024H         LINE#         520
  -------         ENDPROC       MYKEY_CALLBACK
  -------         PROC          MY100MS_CALLBACK
  -------         DO            
  D:0026H         SYMBOL        a
  -------         ENDDO         
  -------         DO            
  D:0026H         SYMBOL        weekday
  -------         ENDDO         
  -------         DO            
  D:0026H         SYMBOL        d0
  D:0027H         SYMBOL        d1
  D:0028H         SYMBOL        d2
  D:0029H         SYMBOL        d3
  D:002AH         SYMBOL        d4
  D:002BH         SYMBOL        d5
  D:002CH         SYMBOL        d6
  D:002DH         SYMBOL        d7
  D:0026H         SYMBOL        num
  D:0026H         SYMBOL        tem_adc
  D:0028H         SYMBOL        tem
  D:0026H         SYMBOL        frequency
  D:0028H         SYMBOL        volume
  D:0029H         SYMBOL        fre0
  D:002AH         SYMBOL        fre1
  D:002BH         SYMBOL        fre2
  D:002CH         SYMBOL        vol0
  D:002DH         SYMBOL        vol1
  -------         ENDDO         
  -------         DO            
  D:0026H         SYMBOL        num
  D:0026H         SYMBOL        tem_adc
  D:0028H         SYMBOL        tem
  D:0026H         SYMBOL        frequency
  D:0028H         SYMBOL        volume
  D:0029H         SYMBOL        fre0
  D:002AH         SYMBOL        fre1
  D:002BH         SYMBOL        fre2
  D:002CH         SYMBOL        vol0
  D:002DH         SYMBOL        vol1
  -------         ENDDO         
  -------         DO            
  D:0026H         SYMBOL        tem_adc
  D:0028H         SYMBOL        tem
  D:0026H         SYMBOL        frequency
  D:0028H         SYMBOL        volume
  D:0029H         SYMBOL        fre0
  D:002AH         SYMBOL        fre1
  D:002BH         SYMBOL        fre2
  D:002CH         SYMBOL        vol0
  D:002DH         SYMBOL        vol1
  -------         ENDDO         
  -------         DO            
  D:0026H         SYMBOL        frequency
BL51 BANKED LINKER/LOCATER V6.22                                                      09/17/2023  18:21:54  PAGE 19


  D:0028H         SYMBOL        volume
  D:0029H         SYMBOL        fre0
  D:002AH         SYMBOL        fre1
  D:002BH         SYMBOL        fre2
  D:002CH         SYMBOL        vol0
  D:002DH         SYMBOL        vol1
  -------         ENDDO         
  C:2CBCH         LINE#         526
  C:2CBCH         LINE#         527
  C:2CBCH         LINE#         528
  C:2CBFH         LINE#         529
  C:2CBFH         LINE#         530
  C:2CC2H         LINE#         531
  C:2CC5H         LINE#         532
  C:2CC7H         LINE#         533
  C:2CC7H         LINE#         536
  C:2CD2H         LINE#         537
  C:2CDDH         LINE#         540
  C:2CE8H         LINE#         541
  C:2CF1H         LINE#         542
  C:2CF1H         LINE#         543
  C:2CF3H         LINE#         544
  C:2CFDH         LINE#         545
  C:2D03H         LINE#         547
  C:2D03H         LINE#         549
  C:2D32H         LINE#         550
  C:2D32H         LINE#         554
  C:2D32H         LINE#         555
  C:2D32H         LINE#         556
  C:2D47H         LINE#         557
  C:2D4AH         LINE#         558
  C:2D4AH         LINE#         562
  C:2D4AH         LINE#         563
  C:2D4AH         LINE#         564
  C:2D4DH         LINE#         565
  C:2D4DH         LINE#         567
  C:2D4FH         LINE#         568
  C:2D51H         LINE#         569
  C:2D51H         LINE#         570
  C:2D84H         LINE#         571
  C:2D86H         LINE#         572
  C:2D88H         LINE#         573
  C:2D88H         LINE#         577
  C:2D88H         LINE#         578
  C:2D88H         LINE#         580
  C:2DA0H         LINE#         582
  C:2DAAH         LINE#         583
  C:2DADH         LINE#         584
  C:2DB2H         LINE#         585
  C:2DB2H         LINE#         586
  C:2DB2H         LINE#         591
  C:2DB2H         LINE#         592
  C:2DB2H         LINE#         593
  C:2DC2H         LINE#         594
  C:2DD1H         LINE#         595
  C:2DD1H         LINE#         596
  C:2DD1H         LINE#         597
BL51 BANKED LINKER/LOCATER V6.22                                                      09/17/2023  18:21:54  PAGE 20


  C:2DD1H         LINE#         598
  C:2DFBH         LINE#         599
  C:2DFEH         LINE#         600
  C:2DFEH         LINE#         601
  C:2DFEH         LINE#         602
  C:2DFEH         LINE#         603
  C:2E28H         LINE#         604
  C:2E2BH         LINE#         605
  C:2E2BH         LINE#         606
  C:2E2BH         LINE#         607
  C:2E2BH         LINE#         608
  C:2E2EH         LINE#         609
  C:2E5CH         LINE#         610
  C:2E5CH         LINE#         611
  C:2E74H         LINE#         612
  C:2E8CH         LINE#         613
  C:2EA4H         LINE#         614
  C:2EBCH         LINE#         615
  C:2ED4H         LINE#         616
  C:2EECH         LINE#         617
  C:2F04H         LINE#         618
  C:2F04H         LINE#         619
  C:2F04H         LINE#         620
  C:2F04H         LINE#         621
  C:2F04H         LINE#         623
  C:2F04H         LINE#         624
  C:2F04H         LINE#         629
  C:2F04H         LINE#         630
  C:2F04H         LINE#         633
  C:2F1FH         LINE#         634
  C:2F3AH         LINE#         635
  C:2F51H         LINE#         636
  C:2F5EH         LINE#         638
  C:2F79H         LINE#         639
  C:2F94H         LINE#         640
  C:2FABH         LINE#         641
  C:2FB8H         LINE#         643
  C:2FCDH         LINE#         645
  C:2FD0H         LINE#         646
  C:2FD0H         LINE#         650
  C:2FD0H         LINE#         651
  C:2FD0H         LINE#         652
  C:2FD2H         LINE#         653
  C:2FDBH         LINE#         654
  C:2FDBH         LINE#         655
  C:2FDBH         LINE#         656
  C:2FDDH         LINE#         658
  C:2FDDH         LINE#         659
  C:2FE3H         LINE#         660
  C:2FE3H         LINE#         661
  C:3083H         LINE#         662
  C:3120H         LINE#         663
  C:3123H         LINE#         664
  C:3126H         LINE#         665
  C:3126H         LINE#         666
  C:3186H         LINE#         667
  C:3188H         LINE#         668
BL51 BANKED LINKER/LOCATER V6.22                                                      09/17/2023  18:21:54  PAGE 21


  C:318BH         LINE#         669
  C:318BH         LINE#         670
  C:31D4H         LINE#         671
  C:31D4H         LINE#         672
  C:31D4H         LINE#         673
  C:31E0H         LINE#         674
  C:31E3H         LINE#         675
  C:31E3H         LINE#         679
  C:31E3H         LINE#         680
  C:31E3H         LINE#         681
  C:31F5H         LINE#         683
  C:31F8H         LINE#         684
  C:31F8H         LINE#         685
  C:3236H         LINE#         686
  C:323CH         LINE#         687
  C:323CH         LINE#         688
  C:324CH         LINE#         689
  C:324CH         LINE#         690
  C:324CH         LINE#         691
  C:324FH         LINE#         692
  C:3262H         LINE#         693
  C:3262H         LINE#         694
  C:3262H         LINE#         695
  C:3262H         LINE#         696
  C:3262H         LINE#         697
  C:3265H         LINE#         698
  C:326BH         LINE#         699
  C:326BH         LINE#         700
  C:326DH         LINE#         702
  C:3276H         LINE#         703
  C:3276H         LINE#         704
  C:32DAH         LINE#         712
  C:32DDH         LINE#         714
  C:32DDH         LINE#         715
  C:32E0H         LINE#         716
  C:32E0H         LINE#         717
  C:331EH         LINE#         723
  C:3321H         LINE#         724
  C:3324H         LINE#         725
  C:3324H         LINE#         726
  C:3362H         LINE#         732
  C:3364H         LINE#         733
  C:3367H         LINE#         734
  C:3367H         LINE#         735
  C:33CBH         LINE#         743
  C:33CBH         LINE#         744
  C:33CBH         LINE#         745
  C:33D7H         LINE#         746
  C:33D7H         LINE#         748
  C:33DAH         LINE#         749
  C:33DAH         LINE#         753
  C:33DAH         LINE#         754
  C:33DAH         LINE#         755
  C:33ECH         LINE#         756
  C:33F6H         LINE#         758
  C:33FCH         LINE#         759
  C:33FCH         LINE#         760
BL51 BANKED LINKER/LOCATER V6.22                                                      09/17/2023  18:21:54  PAGE 22


  C:3441H         LINE#         762
  C:3447H         LINE#         763
  C:3447H         LINE#         764
  C:345BH         LINE#         765
  C:345BH         LINE#         766
  C:3463H         LINE#         767
  C:3465H         LINE#         768
  C:347CH         LINE#         769
  C:347CH         LINE#         770
  C:3487H         LINE#         771
  C:3487H         LINE#         772
  C:3487H         LINE#         773
  C:3487H         LINE#         774
  C:348DH         LINE#         775
  C:348DH         LINE#         776
  C:348FH         LINE#         778
  C:349BH         LINE#         779
  C:349BH         LINE#         780
  C:351CH         LINE#         788
  C:351FH         LINE#         790
  C:351FH         LINE#         791
  C:3522H         LINE#         792
  C:3522H         LINE#         793
  C:356FH         LINE#         799
  C:3572H         LINE#         800
  C:3575H         LINE#         801
  C:3575H         LINE#         802
  C:35C3H         LINE#         808
  C:35C6H         LINE#         809
  C:35CCH         LINE#         810
  C:35CCH         LINE#         811
  C:3649H         LINE#         819
  C:3649H         LINE#         820
  C:3649H         LINE#         821
  C:3655H         LINE#         822
  C:3655H         LINE#         824
  C:3658H         LINE#         825
  C:3658H         LINE#         830
  C:3658H         LINE#         831
  C:3658H         LINE#         832
  C:3663H         LINE#         833
  C:3672H         LINE#         835
  C:367FH         LINE#         836
  C:3696H         LINE#         837
  C:36B1H         LINE#         838
  C:36BAH         LINE#         839
  C:36C7H         LINE#         840
  C:36C9H         LINE#         841
  C:36D2H         LINE#         842
  C:36D2H         LINE#         843
  C:36D2H         LINE#         844
  C:36D4H         LINE#         846
  C:36D4H         LINE#         847
  C:36DAH         LINE#         848
  C:36DAH         LINE#         849
  C:36E9H         LINE#         850
  C:36EBH         LINE#         851
BL51 BANKED LINKER/LOCATER V6.22                                                      09/17/2023  18:21:54  PAGE 23


  C:36EEH         LINE#         852
  C:36EEH         LINE#         853
  C:3701H         LINE#         854
  C:3703H         LINE#         855
  C:3706H         LINE#         856
  C:3706H         LINE#         857
  C:371EH         LINE#         858
  C:371EH         LINE#         859
  C:371EH         LINE#         860
  C:372AH         LINE#         861
  C:372BH         LINE#         862
  C:372BH         LINE#         866
  C:372BH         LINE#         867
  C:372BH         LINE#         868
  C:3749H         LINE#         869
  C:3767H         LINE#         870
  C:3767H         LINE#         871
  C:3767H         LINE#         882
  C:3767H         LINE#         883
  C:3767H         LINE#         885
  C:3767H         LINE#         886
  C:3767H         LINE#         888
  C:3767H         LINE#         890
  -------         ENDPROC       MY100MS_CALLBACK
  -------         PROC          MYVIB_CALLBACK
  C:6A3EH         LINE#         893
  C:6A3EH         LINE#         894
  C:6A3EH         LINE#         895
  C:6A44H         LINE#         896
  C:6A47H         LINE#         897
  C:6A51H         LINE#         898
  C:6A53H         LINE#         899
  -------         ENDPROC       MYVIB_CALLBACK
  -------         PROC          _TEM_CALCULATE
  D:0006H         SYMBOL        tem_adc
  -------         DO            
  D:002EH         SYMBOL        vccx
  D:0004H         SYMBOL        lnx
  D:0032H         SYMBOL        tem
  D:0004H         SYMBOL        tem10
  D:0006H         SYMBOL        ans
  -------         ENDDO         
  C:5CA1H         LINE#         902
  C:5CA1H         LINE#         903
  C:5CA1H         LINE#         904
  C:5CBBH         LINE#         905
  C:5CE3H         LINE#         906
  C:5D1EH         LINE#         907
  C:5D30H         LINE#         908
  C:5D33H         LINE#         909
  C:5D33H         LINE#         910
  -------         ENDPROC       _TEM_CALCULATE
  -------         PROC          OLED_DISPLAY
  C:48FAH         LINE#         913
  C:48FAH         LINE#         914
  C:48FAH         LINE#         915
  C:48FDH         LINE#         917
BL51 BANKED LINKER/LOCATER V6.22                                                      09/17/2023  18:21:54  PAGE 24


  C:492CH         LINE#         918
  C:492CH         LINE#         919
  C:492CH         LINE#         920
  C:492CH         LINE#         922
  C:4940H         LINE#         923
  C:494FH         LINE#         924
  C:4958H         LINE#         925
  C:4961H         LINE#         926
  C:496AH         LINE#         927
  C:496CH         LINE#         928
  C:496FH         LINE#         929
  C:496FH         LINE#         930
  C:496FH         LINE#         931
  C:496FH         LINE#         933
  C:4983H         LINE#         934
  C:4992H         LINE#         935
  C:499BH         LINE#         936
  C:49A4H         LINE#         937
  C:49ADH         LINE#         938
  C:49AFH         LINE#         939
  C:49B1H         LINE#         940
  C:49B1H         LINE#         941
  C:49B1H         LINE#         942
  C:49B1H         LINE#         944
  C:49B1H         LINE#         945
  C:49B1H         LINE#         946
  C:49B1H         LINE#         947
  C:49B1H         LINE#         949
  C:49C5H         LINE#         950
  C:49D4H         LINE#         951
  C:49DDH         LINE#         952
  C:49E6H         LINE#         953
  C:49EFH         LINE#         954
  C:49F5H         LINE#         955
  C:49F8H         LINE#         956
  C:49F8H         LINE#         957
  C:49F8H         LINE#         958
  C:49F8H         LINE#         960
  C:4A0CH         LINE#         961
  C:4A1BH         LINE#         962
  C:4A24H         LINE#         963
  C:4A2DH         LINE#         964
  C:4A36H         LINE#         965
  C:4A3FH         LINE#         966
  C:4A45H         LINE#         967
  C:4A48H         LINE#         968
  C:4A48H         LINE#         969
  C:4A48H         LINE#         970
  C:4A48H         LINE#         972
  C:4A5CH         LINE#         973
  C:4A6BH         LINE#         974
  C:4A74H         LINE#         975
  C:4A7DH         LINE#         976
  C:4A83H         LINE#         977
  C:4A86H         LINE#         978
  C:4A86H         LINE#         979
  C:4A86H         LINE#         980
BL51 BANKED LINKER/LOCATER V6.22                                                      09/17/2023  18:21:54  PAGE 25


  C:4A86H         LINE#         982
  C:4A9AH         LINE#         983
  C:4AA9H         LINE#         984
  C:4AB2H         LINE#         985
  C:4ABBH         LINE#         986
  C:4AC4H         LINE#         987
  C:4ACDH         LINE#         988
  C:4AD6H         LINE#         989
  C:4ADFH         LINE#         990
  C:4AE5H         LINE#         991
  C:4AE8H         LINE#         992
  C:4AE8H         LINE#         993
  C:4AE8H         LINE#         994
  C:4AE8H         LINE#         996
  C:4AFCH         LINE#         997
  C:4B0BH         LINE#         998
  C:4B14H         LINE#         999
  C:4B1DH         LINE#         1000
  C:4B26H         LINE#         1001
  C:4B2FH         LINE#         1002
  C:4B38H         LINE#         1003
  C:4B41H         LINE#         1004
  C:4B47H         LINE#         1005
  C:4B49H         LINE#         1006
  C:4B49H         LINE#         1007
  C:4B49H         LINE#         1008
  C:4B49H         LINE#         1010
  C:4B5DH         LINE#         1011
  C:4B6CH         LINE#         1012
  C:4B75H         LINE#         1013
  C:4B7EH         LINE#         1014
  C:4B87H         LINE#         1015
  C:4B87H         LINE#         1016
  C:4B87H         LINE#         1017
  C:4B87H         LINE#         1018
  C:4B87H         LINE#         1021
  C:4B9BH         LINE#         1022
  C:4BAAH         LINE#         1023
  C:4BAAH         LINE#         1024
  C:4BAAH         LINE#         1025
  C:4BAAH         LINE#         1026
  C:4BAAH         LINE#         1028
  C:4BAAH         LINE#         1029
  C:4BAAH         LINE#         1030
  C:4BAAH         LINE#         1031
  -------         ENDPROC       OLED_DISPLAY
  -------         PROC          UART_CALLBACK
  C:69F6H         LINE#         1034
  C:69F6H         LINE#         1035
  C:69F6H         LINE#         1037
  C:6A03H         LINE#         1038
  -------         ENDPROC       UART_CALLBACK
  -------         PROC          PC_PREVIEW
  -------         DO            
  C:1ACEH         SYMBOL        vib_pc_1
  C:1AD4H         SYMBOL        vib_pc_2
  C:1ADAH         SYMBOL        vib_pc_3
BL51 BANKED LINKER/LOCATER V6.22                                                      09/17/2023  18:21:54  PAGE 26


  C:1AE0H         SYMBOL        vib_pc_4
  C:1AE6H         SYMBOL        vib_pc_5
  C:1AECH         SYMBOL        vib_pc_6
  C:1AF2H         SYMBOL        vib_pc_7
  C:1AF8H         SYMBOL        vib_pc_8
  C:1AFEH         SYMBOL        vib_pc_9
  C:1B04H         SYMBOL        choose_pc_2
  C:1B0AH         SYMBOL        choose_pc_3
  C:1B10H         SYMBOL        choose_pc_4
  C:1B16H         SYMBOL        choose_pc_5
  C:1B1CH         SYMBOL        choose_pc_6
  C:1B22H         SYMBOL        choose_pc_7
  C:1B28H         SYMBOL        choose_pc_8
  C:1B2EH         SYMBOL        choose_pc_9
  C:1B34H         SYMBOL        welcome_pc
  C:1B3AH         SYMBOL        clock_pc
  C:1B40H         SYMBOL        stopwatch_pc
  C:1B46H         SYMBOL        timer_pc
  C:1B4CH         SYMBOL        light_pc
  C:1B52H         SYMBOL        temperature_pc
  C:1B58H         SYMBOL        FM_pc
  C:1B5EH         SYMBOL        music_pc
  -------         ENDDO         
  -------         DO            
  C:1B04H         SYMBOL        choose_pc_2
  C:1B0AH         SYMBOL        choose_pc_3
  C:1B10H         SYMBOL        choose_pc_4
  C:1B16H         SYMBOL        choose_pc_5
  C:1B1CH         SYMBOL        choose_pc_6
  C:1B22H         SYMBOL        choose_pc_7
  C:1B28H         SYMBOL        choose_pc_8
  C:1B2EH         SYMBOL        choose_pc_9
  C:1B34H         SYMBOL        welcome_pc
  C:1B3AH         SYMBOL        clock_pc
  C:1B40H         SYMBOL        stopwatch_pc
  C:1B46H         SYMBOL        timer_pc
  C:1B4CH         SYMBOL        light_pc
  C:1B52H         SYMBOL        temperature_pc
  C:1B58H         SYMBOL        FM_pc
  C:1B5EH         SYMBOL        music_pc
  -------         ENDDO         
  -------         DO            
  C:1B34H         SYMBOL        welcome_pc
  C:1B3AH         SYMBOL        clock_pc
  C:1B40H         SYMBOL        stopwatch_pc
  C:1B46H         SYMBOL        timer_pc
  C:1B4CH         SYMBOL        light_pc
  C:1B52H         SYMBOL        temperature_pc
  C:1B58H         SYMBOL        FM_pc
  C:1B5EH         SYMBOL        music_pc
  -------         ENDDO         
  -------         DO            
  C:1B3AH         SYMBOL        clock_pc
  C:1B40H         SYMBOL        stopwatch_pc
  C:1B46H         SYMBOL        timer_pc
  C:1B4CH         SYMBOL        light_pc
  C:1B52H         SYMBOL        temperature_pc
BL51 BANKED LINKER/LOCATER V6.22                                                      09/17/2023  18:21:54  PAGE 27


  C:1B58H         SYMBOL        FM_pc
  C:1B5EH         SYMBOL        music_pc
  -------         ENDDO         
  -------         DO            
  C:1B40H         SYMBOL        stopwatch_pc
  C:1B46H         SYMBOL        timer_pc
  C:1B4CH         SYMBOL        light_pc
  C:1B52H         SYMBOL        temperature_pc
  C:1B58H         SYMBOL        FM_pc
  C:1B5EH         SYMBOL        music_pc
  -------         ENDDO         
  -------         DO            
  C:1B46H         SYMBOL        timer_pc
  C:1B4CH         SYMBOL        light_pc
  C:1B52H         SYMBOL        temperature_pc
  C:1B58H         SYMBOL        FM_pc
  C:1B5EH         SYMBOL        music_pc
  -------         ENDDO         
  -------         DO            
  C:1B4CH         SYMBOL        light_pc
  C:1B52H         SYMBOL        temperature_pc
  C:1B58H         SYMBOL        FM_pc
  C:1B5EH         SYMBOL        music_pc
  -------         ENDDO         
  -------         DO            
  C:1B52H         SYMBOL        temperature_pc
  C:1B58H         SYMBOL        FM_pc
  C:1B5EH         SYMBOL        music_pc
  -------         ENDDO         
  -------         DO            
  C:1B58H         SYMBOL        FM_pc
  C:1B5EH         SYMBOL        music_pc
  -------         ENDDO         
  -------         DO            
  C:1B5EH         SYMBOL        music_pc
  -------         ENDDO         
  C:4D57H         LINE#         1042
  C:4D57H         LINE#         1043
  C:4D57H         LINE#         1044
  C:4D86H         LINE#         1045
  C:4D86H         LINE#         1046
  C:4D86H         LINE#         1047
  C:4D86H         LINE#         1058
  C:4DBAH         LINE#         1059
  C:4DBAH         LINE#         1060
  C:4DC3H         LINE#         1061
  C:4DCCH         LINE#         1062
  C:4DD5H         LINE#         1063
  C:4DDEH         LINE#         1064
  C:4DE7H         LINE#         1065
  C:4DF0H         LINE#         1066
  C:4DF9H         LINE#         1067
  C:4E02H         LINE#         1068
  C:4E0BH         LINE#         1069
  C:4E0BH         LINE#         1070
  C:4E0BH         LINE#         1071
  C:4E0BH         LINE#         1072
BL51 BANKED LINKER/LOCATER V6.22                                                      09/17/2023  18:21:54  PAGE 28


  C:4E0BH         LINE#         1073
  C:4E0BH         LINE#         1074
  C:4E0BH         LINE#         1084
  C:4E3DH         LINE#         1085
  C:4E3DH         LINE#         1086
  C:4E45H         LINE#         1087
  C:4E4DH         LINE#         1088
  C:4E55H         LINE#         1089
  C:4E5DH         LINE#         1090
  C:4E65H         LINE#         1091
  C:4E6DH         LINE#         1092
  C:4E75H         LINE#         1093
  C:4E7DH         LINE#         1094
  C:4E7DH         LINE#         1095
  C:4E7DH         LINE#         1096
  C:4E7DH         LINE#         1097
  C:4E7DH         LINE#         1098
  C:4E7DH         LINE#         1099
  C:4E7DH         LINE#         1101
  C:4E83H         LINE#         1102
  C:4E85H         LINE#         1103
  C:4E85H         LINE#         1104
  C:4E85H         LINE#         1105
  C:4E85H         LINE#         1108
  C:4E8BH         LINE#         1109
  C:4E8DH         LINE#         1110
  C:4E8DH         LINE#         1111
  C:4E8DH         LINE#         1112
  C:4E8DH         LINE#         1115
  C:4E93H         LINE#         1116
  C:4E95H         LINE#         1117
  C:4E95H         LINE#         1118
  C:4E95H         LINE#         1119
  C:4E95H         LINE#         1122
  C:4E9BH         LINE#         1123
  C:4E9DH         LINE#         1124
  C:4E9DH         LINE#         1125
  C:4E9DH         LINE#         1126
  C:4E9DH         LINE#         1129
  C:4EA3H         LINE#         1130
  C:4EA5H         LINE#         1131
  C:4EA5H         LINE#         1132
  C:4EA5H         LINE#         1133
  C:4EA5H         LINE#         1136
  C:4EABH         LINE#         1137
  C:4EADH         LINE#         1138
  C:4EADH         LINE#         1139
  C:4EADH         LINE#         1140
  C:4EADH         LINE#         1143
  C:4EB3H         LINE#         1144
  C:4EB5H         LINE#         1145
  C:4EB5H         LINE#         1146
  C:4EB5H         LINE#         1147
  C:4EB5H         LINE#         1150
  C:4EC2H         LINE#         1151
  C:4EC2H         LINE#         1152
  C:4EC2H         LINE#         1153
BL51 BANKED LINKER/LOCATER V6.22                                                      09/17/2023  18:21:54  PAGE 29


  C:4EC2H         LINE#         1154
  C:4EC2H         LINE#         1156
  C:4EC2H         LINE#         1157
  C:4EC2H         LINE#         1158
  C:4EC2H         LINE#         1159
  -------         ENDPROC       PC_PREVIEW
  -------         ENDMOD        MAIN

  -------         MODULE        ADC
  C:0000H         SYMBOL        _ICE_DUMMY_
  D:0080H         PUBLIC        P0
  D:0090H         PUBLIC        P1
  D:00A0H         PUBLIC        P2
  C:6AFDH         PUBLIC        _?sys_get_KNEvent
  D:005BH         PUBLIC        sys_EXTADCEvent
  D:00B0H         PUBLIC        P3
  D:00C0H         PUBLIC        P4
  D:00C8H         PUBLIC        P5
  D:00E8H         PUBLIC        P6
  D:00F8H         PUBLIC        P7
  B:00A8H.5       PUBLIC        EADC
  D:00A8H         PUBLIC        IE
  D:00BDH         PUBLIC        ADC_RES
  D:00B8H         PUBLIC        IP
  D:0097H         PUBLIC        CLK_DIV
  C:6653H         PUBLIC        _AdcInit
  D:00D8H         PUBLIC        CCON
  C:6B0BH         PUBLIC        _?sys_get_EXTADCEvent
  X:0270H         PUBLIC        AD_res
  D:00BCH         PUBLIC        ADC_CONTR
  D:0098H         PUBLIC        SCON
  D:0088H         PUBLIC        TCON
  C:4BABH         PUBLIC        _?sys_ADC_drv
  B:0024H.5       PUBLIC        flag_ADC
  X:027AH         PUBLIC        sys_KN
  D:009DH         PUBLIC        P1ASF
  D:005CH         PUBLIC        sys_KNEvent
  D:00BEH         PUBLIC        ADC_RESL
  C:0003H         PUBLIC        GetADC
  C:648EH         PUBLIC        _GetAdcNavAct
  C:6B9DH         PUBLIC        ADC_isr
  D:00D0H         PUBLIC        PSW
  -------         PROC          ADC_ISR
  C:6B9DH         LINE#         26
  C:6B9DH         LINE#         27
  C:6BA0H         LINE#         28
  C:6BA2H         LINE#         29
  -------         ENDPROC       ADC_ISR
  -------         PROC          _?SYS_ADC_DRV
  -------         DO            
  X:026EH         SYMBOL        pc
  X:026FH         SYMBOL        counter
  i:0000H         SYMBOL        i
  C:6B62H         SYMBOL        ADC_ch
  -------         ENDDO         
  C:4BABH         LINE#         31
  C:4BADH         LINE#         35
BL51 BANKED LINKER/LOCATER V6.22                                                      09/17/2023  18:21:54  PAGE 30


  C:4BB3H         LINE#         36
  C:4BB5H         LINE#         37
  C:4BE3H         LINE#         38
  C:4BE3H         LINE#         39
  C:4BE3H         LINE#         40
  C:4BF3H         LINE#         41
  C:4BF5H         LINE#         42
  C:4BF5H         LINE#         43
  C:4BF5H         LINE#         44
  C:4C09H         LINE#         45
  C:4C0CH         LINE#         46
  C:4C0FH         LINE#         47
  C:4C1FH         LINE#         48
  C:4C21H         LINE#         49
  C:4C35H         LINE#         50
  C:4C38H         LINE#         51
  C:4C4CH         LINE#         52
  C:4C5FH         LINE#         53
  C:4C77H         LINE#         54
  C:4C82H         LINE#         55
  C:4C85H         LINE#         56
  C:4C95H         LINE#         57
  C:4CA9H         LINE#         58
  C:4CBEH         LINE#         59
  C:4CCFH         LINE#         60
  C:4CD1H         LINE#         61
  C:4CD1H         LINE#         62
  C:4CD3H         LINE#         64
  C:4CEAH         LINE#         65
  C:4CFBH         LINE#         66
  C:4CFEH         LINE#         67
  C:4CFEH         LINE#         68
  C:4CFEH         LINE#         69
  C:4D21H         LINE#         70
  C:4D32H         LINE#         71
  C:4D36H         LINE#         72
  C:4D36H         LINE#         73
  C:4D36H         LINE#         74
  C:4D3CH         LINE#         75
  C:4D3CH         LINE#         76
  C:4D3CH         LINE#         77
  C:4D48H         LINE#         78
  C:4D54H         LINE#         79
  C:4D54H         LINE#         80
  -------         ENDPROC       _?SYS_ADC_DRV
  -------         PROC          _?SYS_GET_KNEVENT
  -------         DO            
  i:0000H         SYMBOL        a
  -------         ENDDO         
  C:6AFDH         LINE#         82
  C:6AFFH         LINE#         84
  C:6B03H         LINE#         85
  C:6B06H         LINE#         86
  C:6B08H         LINE#         87
  -------         ENDPROC       _?SYS_GET_KNEVENT
  -------         PROC          _?SYS_GET_EXTADCEVENT
  -------         DO            
BL51 BANKED LINKER/LOCATER V6.22                                                      09/17/2023  18:21:54  PAGE 31


  i:0000H         SYMBOL        a
  -------         ENDDO         
  C:6B0BH         LINE#         89
  C:6B0DH         LINE#         91
  C:6B11H         LINE#         92
  C:6B14H         LINE#         93
  C:6B16H         LINE#         94
  -------         ENDPROC       _?SYS_GET_EXTADCEVENT
  -------         PROC          _ADCINIT
  D:0007H         SYMBOL        ADCsel
  C:6653H         LINE#         96
  C:6653H         LINE#         97
  C:6653H         LINE#         98
  C:6655H         LINE#         99
  C:6658H         LINE#         100
  C:665BH         LINE#         101
  C:665DH         LINE#         102
  C:666BH         LINE#         103
  C:6677H         LINE#         104
  C:6683H         LINE#         105
  -------         ENDPROC       _ADCINIT
  -------         PROC          GETADC
  C:0003H         LINE#         107
  C:0003H         LINE#         108
  C:0009H         LINE#         109
  -------         ENDPROC       GETADC
  -------         PROC          _GETADCNAVACT
  D:0007H         SYMBOL        Nav_button
  -------         DO            
  D:0006H         SYMBOL        a
  -------         ENDDO         
  C:648EH         LINE#         111
  C:648EH         LINE#         112
  C:648EH         LINE#         113
  C:649EH         LINE#         114
  C:64B9H         LINE#         115
  C:64CEH         LINE#         116
  C:64D1H         LINE#         117
  C:64D1H         LINE#         118
  C:64D3H         LINE#         119
  -------         ENDPROC       _GETADCNAVACT
  -------         ENDMOD        ADC

  -------         MODULE        BEEP
  C:0000H         SYMBOL        _ICE_DUMMY_
  D:0080H         PUBLIC        P0
  D:00B2H         PUBLIC        P3M0
  D:0090H         PUBLIC        P1
  D:00B1H         PUBLIC        P3M1
  D:00A0H         PUBLIC        P2
  D:00B0H         PUBLIC        P3
  D:00C0H         PUBLIC        P4
  D:00C8H         PUBLIC        P5
  D:00E8H         PUBLIC        P6
  D:00F8H         PUBLIC        P7
  D:00F9H         PUBLIC        CH
  C:678FH         PUBLIC        _?sys_beep_drv
BL51 BANKED LINKER/LOCATER V6.22                                                      09/17/2023  18:21:54  PAGE 32


  D:00A8H         PUBLIC        IE
  D:00E9H         PUBLIC        CL
  C:68C0H         PUBLIC        BeepInit
  B:00D8H.6       PUBLIC        CR
  D:00DAH         PUBLIC        CCAPM0
  D:00B8H         PUBLIC        IP
  D:00D9H         PUBLIC        CMOD
  D:00D8H         PUBLIC        CCON
  C:6B35H         PUBLIC        GetBeepStatus
  C:5FE4H         PUBLIC        _SetBeep
  D:0098H         PUBLIC        SCON
  D:0088H         PUBLIC        TCON
  D:00D0H         PUBLIC        PSW
  B:00D8H.0       PUBLIC        CCF0
  -------         PROC          _?SYS_BEEP_DRV
  -------         DO            
  i:0000H         SYMBOL        a
  -------         ENDDO         
  C:678FH         LINE#         11
  C:6793H         LINE#         13
  C:679DH         LINE#         14
  C:67B2H         LINE#         15
  -------         ENDPROC       _?SYS_BEEP_DRV
  -------         PROC          BEEPINIT
  C:68C0H         LINE#         17
  C:68C0H         LINE#         18
  C:68C0H         LINE#         19
  C:68C3H         LINE#         20
  C:68C6H         LINE#         21
  C:68C9H         LINE#         22
  C:68CCH         LINE#         23
  C:68CFH         LINE#         24
  C:68D1H         LINE#         25
  C:68DFH         LINE#         26
  -------         ENDPROC       BEEPINIT
  -------         PROC          _SETBEEP
  D:0031H         SYMBOL        Beep_freq
  D:0033H         SYMBOL        Beep_time
  -------         DO            
  D:0002H         SYMBOL        a
  D:0004H         SYMBOL        b
  -------         ENDDO         
  C:5FE4H         LINE#         28
  C:5FECH         LINE#         29
  C:5FECH         LINE#         31
  C:5FF3H         LINE#         32
  C:5FFAH         LINE#         33
  C:6005H         LINE#         34
  C:602EH         LINE#         35
  C:6042H         LINE#         36
  C:6049H         LINE#         37
  C:604BH         LINE#         38
  C:604EH         LINE#         39
  C:6050H         LINE#         41
  C:6053H         LINE#         42
  C:6056H         LINE#         43
  C:6056H         LINE#         44
BL51 BANKED LINKER/LOCATER V6.22                                                      09/17/2023  18:21:54  PAGE 33


  C:6059H         LINE#         45
  C:6059H         LINE#         46
  C:605BH         LINE#         47
  -------         ENDPROC       _SETBEEP
  -------         PROC          GETBEEPSTATUS
  C:6B35H         LINE#         49
  C:6B35H         LINE#         50
  C:6B3EH         LINE#         51
  C:6B40H         LINE#         52
  -------         ENDPROC       GETBEEPSTATUS
  -------         ENDMOD        BEEP

  -------         MODULE        DISPLAYER
  C:0000H         SYMBOL        _ICE_DUMMY_
  D:0093H         PUBLIC        P0M1
  D:0096H         PUBLIC        P2M0
  D:0080H         PUBLIC        P0
  D:0095H         PUBLIC        P2M1
  D:0090H         PUBLIC        P1
  D:00A0H         PUBLIC        P2
  D:00B0H         PUBLIC        P3
  D:00C0H         PUBLIC        P4
  D:00C8H         PUBLIC        P5
  D:00E8H         PUBLIC        P6
  D:00F8H         PUBLIC        P7
  D:00A8H         PUBLIC        IE
  D:00B8H         PUBLIC        IP
  D:00D8H         PUBLIC        CCON
  C:6BA3H         PUBLIC        _LedPrint
  B:00A0H.0       PUBLIC        P20
  B:00A0H.1       PUBLIC        P21
  D:0098H         PUBLIC        SCON
  B:00A0H.2       PUBLIC        P22
  D:0088H         PUBLIC        TCON
  B:00A0H.3       PUBLIC        P23
  C:6976H         PUBLIC        DisplayerInit
  X:02B1H         PUBLIC        sys_Disp
  C:6B6BH         PUBLIC        _SetDisplayerArea
  C:68E0H         PUBLIC        _Seg7Print
  C:56BEH         PUBLIC        _?sys_display_drv
  D:00D0H         PUBLIC        PSW
  D:0094H         PUBLIC        P0M0
  -------         PROC          _?SYS_DISPLAY_DRV
  C:56BEH         LINE#         16
  C:56BEH         LINE#         18
  C:56C1H         LINE#         19
  C:56EAH         LINE#         20
  C:56F0H         LINE#         21
  C:56F6H         LINE#         22
  C:56FCH         LINE#         23
  C:5702H         LINE#         24
  C:570CH         LINE#         25
  C:5716H         LINE#         26
  C:5720H         LINE#         27
  C:572AH         LINE#         28
  C:572CH         LINE#         29
  C:572CH         LINE#         30
BL51 BANKED LINKER/LOCATER V6.22                                                      09/17/2023  18:21:54  PAGE 34


  C:5734H         LINE#         31
  C:575DH         LINE#         33
  C:5778H         LINE#         34
  C:577BH         LINE#         35
  C:577BH         LINE#         36
  C:5792H         LINE#         37
  C:579EH         LINE#         39
  C:57A6H         LINE#         40
  -------         ENDPROC       _?SYS_DISPLAY_DRV
  -------         PROC          DISPLAYERINIT
  C:6976H         LINE#         42
  C:6976H         LINE#         43
  C:6976H         LINE#         44
  C:6979H         LINE#         45
  C:697CH         LINE#         46
  C:697FH         LINE#         47
  C:6982H         LINE#         48
  C:6990H         LINE#         49
  -------         ENDPROC       DISPLAYERINIT
  -------         PROC          _SETDISPLAYERAREA
  D:0007H         SYMBOL        Begin_of_scan
  D:0005H         SYMBOL        Ending_of_Scan
  C:6B6BH         LINE#         51
  C:6B6BH         LINE#         52
  C:6B70H         LINE#         53
  C:6B73H         LINE#         54
  -------         ENDPROC       _SETDISPLAYERAREA
  -------         PROC          _SEG7PRINT
  D:0007H         SYMBOL        d0
  D:0005H         SYMBOL        d1
  D:0003H         SYMBOL        d2
  D:0031H         SYMBOL        d3
  D:0032H         SYMBOL        d4
  D:0033H         SYMBOL        d5
  D:0034H         SYMBOL        d6
  D:0035H         SYMBOL        d7
  C:68E0H         LINE#         56
  C:68E0H         LINE#         57
  C:68E5H         LINE#         58
  C:68E8H         LINE#         59
  C:68EBH         LINE#         60
  C:68EFH         LINE#         61
  C:68F3H         LINE#         62
  C:68F7H         LINE#         63
  C:68FBH         LINE#         64
  C:68FFH         LINE#         65
  -------         ENDPROC       _SEG7PRINT
  -------         PROC          _LEDPRINT
  D:0007H         SYMBOL        led_val
  C:6BA3H         LINE#         67
  C:6BA3H         LINE#         68
  C:6BA8H         LINE#         69
  -------         ENDPROC       _LEDPRINT
  -------         ENDMOD        DISPLAYER

  -------         MODULE        KEY
[...]
  C:69DFH         LINE#         66
  C:69DFH         LINE#         67
  C:69E3H         LINE#         68
  C:69E3H         LINE#         69
  C:69E9H         LINE#         70
  C:69E9H         LINE#         71
  C:69EEH         LINE#         72
  C:69EEH         LINE#         73
  C:69F5H         LINE#         74
  C:69F5H         LINE#         75
  -------         ENDPROC       _OLED_COLORTURN
  -------         PROC          _OLED_DISPLAYTURN
  D:0064H         SYMBOL        i
  C:682FH         LINE#         78
  C:6831H         LINE#         79
  C:6831H         LINE#         80
  C:6835H         LINE#         81
  C:6835H         LINE#         82
  C:683BH         LINE#         83
  C:6842H         LINE#         84
  C:6842H         LINE#         85
  C:6847H         LINE#         86
  C:6847H         LINE#         87
  C:684EH         LINE#         88
  C:6855H         LINE#         89
  C:6855H         LINE#         90
  -------         ENDPROC       _OLED_DISPLAYTURN
  -------         PROC          IIC_DELAY
  -------         DO            
  D:0007H         SYMBOL        t
  -------         ENDDO         
  C:6B86H         LINE#         93
  C:6B86H         LINE#         94
  C:6B86H         LINE#         95
  C:6B88H         LINE#         96
  C:6B8EH         LINE#         98
  -------         ENDPROC       IIC_DELAY
  -------         PROC          I2C_START
  C:6ADFH         LINE#         101
  C:6ADFH         LINE#         102
  C:6ADFH         LINE#         103
  C:6AE1H         LINE#         104
  C:6AE3H         LINE#         105
  C:6AE6H         LINE#         106
  C:6AE8H         LINE#         107
  C:6AEBH         LINE#         108
  C:6AEDH         LINE#         109
  -------         ENDPROC       I2C_START
  -------         PROC          I2C_STOP
  C:6B58H         LINE#         112
  C:6B58H         LINE#         113
  C:6B58H         LINE#         114
  C:6B5AH         LINE#         115
  C:6B5CH         LINE#         116
BL51 BANKED LINKER/LOCATER V6.22                                                      09/17/2023  18:21:54  PAGE 58


  C:6B5FH         LINE#         117
  C:6B61H         LINE#         118
  -------         ENDPROC       I2C_STOP
  -------         PROC          I2C_WAITACK
  C:6AEEH         LINE#         121
  C:6AEEH         LINE#         122
  C:6AEEH         LINE#         123
  C:6AF0H         LINE#         124
  C:6AF3H         LINE#         125
  C:6AF5H         LINE#         126
  C:6AF8H         LINE#         127
  C:6AFAH         LINE#         128
  -------         ENDPROC       I2C_WAITACK
  -------         PROC          _SEND_BYTE
  D:0005H         SYMBOL        dat
  -------         DO            
  D:0004H         SYMBOL        i
  -------         ENDDO         
  C:687BH         LINE#         132
  C:687DH         LINE#         133
  C:687DH         LINE#         135
  C:687FH         LINE#         136
  C:687FH         LINE#         137
  C:6881H         LINE#         138
  C:6885H         LINE#         139
  C:6885H         LINE#         140
  C:6887H         LINE#         141
  C:6889H         LINE#         143
  C:6889H         LINE#         144
  C:688BH         LINE#         145
  C:688BH         LINE#         146
  C:688EH         LINE#         147
  C:6890H         LINE#         148
  C:6893H         LINE#         149
  C:6895H         LINE#         150
  C:6899H         LINE#         151
  C:689DH         LINE#         152
  -------         ENDPROC       _SEND_BYTE
  C:6623H         SYMBOL        L?0118
  -------         PROC          L?0117
  -------         ENDPROC       L?0117
  C:6623H         SYMBOL        L?0118
  -------         PROC          _OLED_WR_BYTE
  D:0002H         SYMBOL        dat
  D:0003H         SYMBOL        mode
  C:662AH         LINE#         157
  C:662EH         LINE#         158
  C:662EH         LINE#         159
  C:6631H         LINE#         160
  C:6636H         LINE#         161
  C:6639H         LINE#         162
  C:663CH         LINE#         163
  C:663CH         LINE#         164
  C:663EH         LINE#         165
  C:6640H         LINE#         167
  C:6640H         LINE#         168
  C:6645H         LINE#         169
BL51 BANKED LINKER/LOCATER V6.22                                                      09/17/2023  18:21:54  PAGE 59


  C:6645H         LINE#         170
  C:6648H         LINE#         171
  C:664DH         LINE#         172
  C:6650H         LINE#         173
  -------         ENDPROC       _OLED_WR_BYTE
  -------         PROC          _OLED_SET_POS
  D:0001H         SYMBOL        x
  D:0005H         SYMBOL        y
  C:689EH         LINE#         178
  C:68A0H         LINE#         179
  C:68A0H         LINE#         180
  C:68A9H         LINE#         181
  C:68B7H         LINE#         182
  -------         ENDPROC       _OLED_SET_POS
  -------         PROC          OLED_DISPLAY_ON
  C:000EH         LINE#         185
  C:000EH         LINE#         186
  C:000EH         LINE#         187
  C:0015H         LINE#         188
  C:001CH         LINE#         189
  -------         ENDPROC       OLED_DISPLAY_ON
  -------         PROC          OLED_DISPLAY_OFF
  C:6A54H         LINE#         192
  C:6A54H         LINE#         193
  C:6A54H         LINE#         194
  C:6A5BH         LINE#         195
  C:6A62H         LINE#         196
  -------         ENDPROC       OLED_DISPLAY_OFF
  -------         PROC          OLED_CLEAR
  -------         DO            
  D:0001H         SYMBOL        i
  D:002EH         SYMBOL        n
  -------         ENDDO         
  C:66B5H         LINE#         199
  C:66B5H         LINE#         200
  C:66B5H         LINE#         202
  C:66B7H         LINE#         203
  C:66B7H         LINE#         204
  C:66C0H         LINE#         205
  C:66C6H         LINE#         206
  C:66CDH         LINE#         207
  C:66D0H         LINE#         208
  C:66E0H         LINE#         209
  C:66E4H         LINE#         210
  -------         ENDPROC       OLED_CLEAR
  -------         PROC          _OLED_SHOWCHAR
  D:0035H         SYMBOL        x
  D:0036H         SYMBOL        y
  D:0003H         SYMBOL        chr
  D:0038H         SYMBOL        sizey
  -------         DO            
  D:0039H         SYMBOL        c
  D:003AH         SYMBOL        sizex
  D:003BH         SYMBOL        i
  D:003DH         SYMBOL        size1
  -------         ENDDO         
  C:5877H         LINE#         216
BL51 BANKED LINKER/LOCATER V6.22                                                      09/17/2023  18:21:54  PAGE 60


  C:587BH         LINE#         217
  C:587BH         LINE#         218
  C:5885H         LINE#         219
  C:588AH         LINE#         220
  C:588FH         LINE#         221
  C:5897H         LINE#         223
  C:58C0H         LINE#         224
  C:58C5H         LINE#         225
  C:58CCH         LINE#         226
  C:58DCH         LINE#         227
  C:58DCH         LINE#         228
  C:58F2H         LINE#         229
  C:58FBH         LINE#         230
  C:5900H         LINE#         231
  C:5910H         LINE#         232
  C:5915H         LINE#         233
  C:5932H         LINE#         237
  C:593CH         LINE#         238
  -------         ENDPROC       _OLED_SHOWCHAR
  -------         PROC          _OLED_POW
  D:0065H         SYMBOL        m
  D:0001H         SYMBOL        n
  -------         DO            
  D:0006H         SYMBOL        result
  -------         ENDDO         
  C:6A26H         LINE#         240
  C:6A2AH         LINE#         241
  C:6A2AH         LINE#         242
  C:6A2EH         LINE#         243
  C:6A34H         LINE#         244
  C:6A3DH         LINE#         245
  C:6A3DH         LINE#         246
  -------         ENDPROC       _OLED_POW
  -------         PROC          _OLED_SHOWNUM
  D:0051H         SYMBOL        x
  D:0052H         SYMBOL        y
  D:0053H         SYMBOL        num
  D:0055H         SYMBOL        len
  D:0056H         SYMBOL        sizey
  -------         DO            
  D:0057H         SYMBOL        t
  D:0058H         SYMBOL        temp
  D:0059H         SYMBOL        m
  D:005AH         SYMBOL        enshow
  -------         ENDDO         
  C:5EDEH         LINE#         252
  C:5EE6H         LINE#         253
  C:5EE6H         LINE#         254
  C:5EE9H         LINE#         255
  C:5EEBH         LINE#         256
  C:5EF0H         LINE#         257
  C:5EF3H         LINE#         258
  C:5EFDH         LINE#         259
  C:5EFDH         LINE#         260
  C:5F1FH         LINE#         261
  C:5F2DH         LINE#         262
  C:5F2DH         LINE#         263
BL51 BANKED LINKER/LOCATER V6.22                                                      09/17/2023  18:21:54  PAGE 61


  C:5F31H         LINE#         264
  C:5F31H         LINE#         265
  C:5F43H         LINE#         266
  C:5F45H         LINE#         267
  C:5F45H         LINE#         269
  C:5F48H         LINE#         270
  C:5F48H         LINE#         271
  C:5F62H         LINE#         272
  C:5F66H         LINE#         273
  -------         ENDPROC       _OLED_SHOWNUM
  -------         PROC          _OLED_SHOWSTRING
  D:002EH         SYMBOL        x
  D:002FH         SYMBOL        y
  D:0030H         SYMBOL        chr
  D:0033H         SYMBOL        sizey
  -------         DO            
  D:0034H         SYMBOL        j
  -------         ENDDO         
  C:63B6H         LINE#         275
  C:63C0H         LINE#         276
  C:63C0H         LINE#         277
  C:63C3H         LINE#         278
  C:63D4H         LINE#         279
  C:63D4H         LINE#         280
  C:63EBH         LINE#         281
  C:63F0H         LINE#         282
  C:63F4H         LINE#         284
  C:63FCH         LINE#         285
  C:63FEH         LINE#         286
  -------         ENDPROC       _OLED_SHOWSTRING
  -------         PROC          _OLED_SHOWCHINESE
  D:002EH         SYMBOL        x
  D:002FH         SYMBOL        y
  D:0030H         SYMBOL        no
  -------         DO            
  D:0001H         SYMBOL        t
  D:0031H         SYMBOL        adder
  -------         ENDDO         
  C:63FFH         LINE#         288
  C:6405H         LINE#         289
  C:6405H         LINE#         290
  C:6408H         LINE#         291
  C:640BH         LINE#         292
  C:640DH         LINE#         293
  C:640DH         LINE#         294
  C:641EH         LINE#         295
  C:6420H         LINE#         296
  C:6424H         LINE#         297
  C:642DH         LINE#         298
  C:642FH         LINE#         299
  C:642FH         LINE#         300
  C:6440H         LINE#         301
  C:6442H         LINE#         302
  C:6446H         LINE#         303
  -------         ENDPROC       _OLED_SHOWCHINESE
  -------         PROC          _OLED_DRAWBMP
  D:0026H         SYMBOL        x0
BL51 BANKED LINKER/LOCATER V6.22                                                      09/17/2023  18:21:54  PAGE 62


  D:0005H         SYMBOL        y0
  D:0028H         SYMBOL        x1
  D:0029H         SYMBOL        y1
  D:002AH         SYMBOL        BMP
  -------         DO            
  D:002DH         SYMBOL        j
  D:002FH         SYMBOL        x
  D:0030H         SYMBOL        y
  -------         ENDDO         
  C:61A0H         LINE#         310
  C:61A4H         LINE#         311
  C:61A4H         LINE#         312
  C:61A9H         LINE#         315
  C:61BAH         LINE#         316
  C:61C4H         LINE#         317
  C:61CDH         LINE#         318
  C:61CDH         LINE#         319
  C:61D4H         LINE#         320
  C:61DEH         LINE#         321
  C:61DEH         LINE#         322
  C:61FCH         LINE#         323
  C:6200H         LINE#         324
  C:6204H         LINE#         325
  -------         ENDPROC       _OLED_DRAWBMP
  -------         PROC          _OLED_DRAWBMP1
  D:002EH         SYMBOL        x
  D:002FH         SYMBOL        y
  D:0030H         SYMBOL        sizex
  D:0031H         SYMBOL        sizey
  D:0032H         SYMBOL        BMP
  -------         DO            
  D:0035H         SYMBOL        j
  D:0037H         SYMBOL        i
  D:0038H         SYMBOL        m
  -------         ENDDO         
  C:60D3H         LINE#         331
  C:60D9H         LINE#         332
  C:60D9H         LINE#         333
  C:60DEH         LINE#         335
  C:60F6H         LINE#         336
  C:6100H         LINE#         337
  C:6100H         LINE#         338
  C:610AH         LINE#         339
  C:6114H         LINE#         340
  C:6114H         LINE#         341
  C:6132H         LINE#         342
  C:6136H         LINE#         343
  C:613AH         LINE#         344
  -------         ENDPROC       _OLED_DRAWBMP1
  -------         PROC          OLED_INIT
  C:57A7H         LINE#         348
  C:57A7H         LINE#         349
  C:57A7H         LINE#         350
  C:57A9H         LINE#         351
  C:57B0H         LINE#         352
  C:57B2H         LINE#         354
  C:57B9H         LINE#         355
BL51 BANKED LINKER/LOCATER V6.22                                                      09/17/2023  18:21:54  PAGE 63


  C:57BFH         LINE#         356
  C:57C6H         LINE#         357
  C:57CDH         LINE#         358
  C:57D4H         LINE#         359
  C:57DBH         LINE#         360
  C:57E2H         LINE#         361
  C:57E9H         LINE#         362
  C:57F0H         LINE#         363
  C:57F7H         LINE#         364
  C:57FEH         LINE#         365
  C:5805H         LINE#         366
  C:580BH         LINE#         367
  C:5812H         LINE#         368
  C:5819H         LINE#         369
  C:5820H         LINE#         370
  C:5827H         LINE#         371
  C:582EH         LINE#         372
  C:5835H         LINE#         373
  C:583CH         LINE#         374
  C:5843H         LINE#         375
  C:584AH         LINE#         376
  C:5851H         LINE#         377
  C:5858H         LINE#         378
  C:585FH         LINE#         379
  C:5866H         LINE#         380
  C:586DH         LINE#         381
  C:5870H         LINE#         382
  -------         ENDPROC       OLED_INIT
  -------         ENDMOD        OLED

  -------         MODULE        ?C?FPADD
  C:376FH         PUBLIC        ?C?FPADD
  C:376BH         PUBLIC        ?C?FPSUB
  -------         ENDMOD        ?C?FPADD

  -------         MODULE        ?C?FPMUL
  C:3860H         PUBLIC        ?C?FPMUL
  -------         ENDMOD        ?C?FPMUL

  -------         MODULE        ?C?FPDIV
  C:3969H         PUBLIC        ?C?FPDIV
  -------         ENDMOD        ?C?FPDIV

  -------         MODULE        ?C?FCAST
  C:3A10H         PUBLIC        ?C?FCASTC
  C:3A0BH         PUBLIC        ?C?FCASTI
  C:3A06H         PUBLIC        ?C?FCASTL
  -------         ENDMOD        ?C?FCAST

  -------         MODULE        ?C?CASTF
  C:3A44H         PUBLIC        ?C?CASTF
  -------         ENDMOD        ?C?CASTF

  -------         MODULE        LOG
  C:5059H         PUBLIC        _LOG
  C:5055H         PUBLIC        _LOG10
  -------         ENDMOD        LOG
BL51 BANKED LINKER/LOCATER V6.22                                                      09/17/2023  18:21:54  PAGE 64



  -------         MODULE        ?C?COPY
  C:3BE2H         PUBLIC        ?C?COPY
  -------         ENDMOD        ?C?COPY

  -------         MODULE        ?C?SCDIV
  C:3C08H         PUBLIC        ?C?SCDIV
  -------         ENDMOD        ?C?SCDIV

  -------         MODULE        ?C?CLDPTR
  C:3C2AH         PUBLIC        ?C?CLDPTR
  -------         ENDMOD        ?C?CLDPTR

  -------         MODULE        ?C?CLDOPTR
  C:3C43H         PUBLIC        ?C?CLDOPTR
  -------         ENDMOD        ?C?CLDOPTR

  -------         MODULE        ?C?CSTOPTR
  C:3C70H         PUBLIC        ?C?CSTOPTR
  -------         ENDMOD        ?C?CSTOPTR

  -------         MODULE        ?C?IMUL
  C:3C92H         PUBLIC        ?C?IMUL
  -------         ENDMOD        ?C?IMUL

  -------         MODULE        ?C?UIDIV
  C:3CA4H         PUBLIC        ?C?UIDIV
  -------         ENDMOD        ?C?UIDIV

  -------         MODULE        ?C?SIDIV
  C:3CF9H         PUBLIC        ?C?SIDIV
  -------         ENDMOD        ?C?SIDIV

  -------         MODULE        ?C?IILDX
  C:3D2FH         PUBLIC        ?C?IILDX
  -------         ENDMOD        ?C?IILDX

  -------         MODULE        ?C?ILDIX
  C:3D45H         PUBLIC        ?C?ILDIX
  -------         ENDMOD        ?C?ILDIX

  -------         MODULE        ?C?ILDPTR
  C:3D5BH         PUBLIC        ?C?ILDPTR
  -------         ENDMOD        ?C?ILDPTR

  -------         MODULE        ?C?LMUL
  C:3D86H         PUBLIC        ?C?LMUL
  -------         ENDMOD        ?C?LMUL

  -------         MODULE        ?C?ULDIV
  C:3E11H         PUBLIC        ?C?ULDIV
  -------         ENDMOD        ?C?ULDIV

  -------         MODULE        ?C?SLDIV
  C:6518H         PUBLIC        ?C?SLDIV
  -------         ENDMOD        ?C?SLDIV

BL51 BANKED LINKER/LOCATER V6.22                                                      09/17/2023  18:21:54  PAGE 65


  -------         MODULE        ?C?LNEG
  C:3EA3H         PUBLIC        ?C?LNEG
  -------         ENDMOD        ?C?LNEG

  -------         MODULE        ?C?ULSHR
  C:3EB1H         PUBLIC        ?C?ULSHR
  -------         ENDMOD        ?C?ULSHR

  -------         MODULE        ?C?SLSHR
  C:3EC4H         PUBLIC        ?C?SLSHR
  -------         ENDMOD        ?C?SLSHR

  -------         MODULE        ?C?LLDCODE
  C:3ED8H         PUBLIC        ?C?LLDCODE
  -------         ENDMOD        ?C?LLDCODE

  -------         MODULE        ?C?LLDCODE0
  C:3EE8H         PUBLIC        ?C?LLDCODE0
  -------         ENDMOD        ?C?LLDCODE0

  -------         MODULE        ?C?LSTXDATA
  C:3EF8H         PUBLIC        ?C?LSTXDATA
  -------         ENDMOD        ?C?LSTXDATA

  -------         MODULE        ?C?OFFXADD
  C:3F04H         PUBLIC        ?C?OFFXADD
  -------         ENDMOD        ?C?OFFXADD

  -------         MODULE        ?C?ICALL
  C:3F10H         PUBLIC        ?C?ICALL
  C:3F14H         PUBLIC        ?C?ICALL2
  -------         ENDMOD        ?C?ICALL

  -------         MODULE        ?C_IBP
  D:0066H         PUBLIC        ?C_IBP
  -------         ENDMOD        ?C_IBP

*** WARNING L16: UNCALLED SEGMENT, IGNORED FOR OVERLAY PROCESS
    SEGMENT: ?PR?GETULTRASONIC?SYS

*** WARNING L16: UNCALLED SEGMENT, IGNORED FOR OVERLAY PROCESS
    SEGMENT: ?PR?GETSYSPERFORMANCE?SYS

*** WARNING L16: UNCALLED SEGMENT, IGNORED FOR OVERLAY PROCESS
    SEGMENT: ?PR?_?GETVIBACT?VIB

*** WARNING L16: UNCALLED SEGMENT, IGNORED FOR OVERLAY PROCESS
    SEGMENT: ?PR?GETUART1TXSTATUS?UART1

*** WARNING L16: UNCALLED SEGMENT, IGNORED FOR OVERLAY PROCESS
    SEGMENT: ?PR?_OLED_WRITE_GRAM?OLED

*** WARNING L16: UNCALLED SEGMENT, IGNORED FOR OVERLAY PROCESS
    SEGMENT: ?PR?OLED_REFRESH?OLED

*** WARNING L16: UNCALLED SEGMENT, IGNORED FOR OVERLAY PROCESS
    SEGMENT: ?PR?_OLED_COLORTURN?OLED
BL51 BANKED LINKER/LOCATER V6.22                                                      09/17/2023  18:21:54  PAGE 66



*** WARNING L16: UNCALLED SEGMENT, IGNORED FOR OVERLAY PROCESS
    SEGMENT: ?PR?_OLED_DISPLAYTURN?OLED

*** WARNING L16: UNCALLED SEGMENT, IGNORED FOR OVERLAY PROCESS
    SEGMENT: ?PR?OLED_DISPLAY_ON?OLED

*** WARNING L16: UNCALLED SEGMENT, IGNORED FOR OVERLAY PROCESS
    SEGMENT: ?PR?OLED_DISPLAY_OFF?OLED

*** WARNING L16: UNCALLED SEGMENT, IGNORED FOR OVERLAY PROCESS
    SEGMENT: ?PR?_OLED_SHOWNUM?OLED

*** WARNING L1: UNRESOLVED EXTERNAL SYMBOL
    SYMBOL:  DATANOW
    MODULE:  .\output\main.obj (MAIN)

*** WARNING L2: REFERENCE MADE TO UNRESOLVED EXTERNAL
    SYMBOL:  DATANOW
    MODULE:  .\output\main.obj (MAIN)
    ADDRESS: 599BH

*** WARNING L2: REFERENCE MADE TO UNRESOLVED EXTERNAL
    SYMBOL:  DATANOW
    MODULE:  .\output\main.obj (MAIN)
    ADDRESS: 599DH

Program Size: data=103.1 xdata=730 code=27574
LINK/LOCATE RUN COMPLETE.  14 WARNING(S),  0 ERROR(S)
