BL51 BANKED LINKER/LOCATER V6.22                                                        07/26/2023  22:06:28  PAGE 1


BL51 BANKED LINKER/LOCATER V6.22, INVOKED BY:
E:\KEIL_V5\C51\BIN\BL51.EXE .\output\main.obj, .\source\STCBSP_V3.6.LIB, .\output\oled.obj TO .\output\BSP_Demo PRINT (.
>> \list\BSP_Demo.m51) RAMSIZE (256) XDATA (0X0000-0X07FF)


MEMORY MODEL: SMALL WITH FLOATING POINT ARITHMETIC


INPUT MODULES INCLUDED:
  .\output\main.obj (MAIN)
  .\source\STCBSP_V3.6.LIB (ADC)
  .\source\STCBSP_V3.6.LIB (BEEP)
  .\source\STCBSP_V3.6.LIB (DISPLAYER)
  .\source\STCBSP_V3.6.LIB (KEY)
  .\source\STCBSP_V3.6.LIB (SYS)
  .\source\STCBSP_V3.6.LIB (MUSIC)
  .\source\STCBSP_V3.6.LIB (DS1302)
  .\source\STCBSP_V3.6.LIB (FM_RADIO)
  .\source\STCBSP_V3.6.LIB (IR)
  .\output\oled.obj (OLED)
  E:\KEIL_V5\C51\LIB\C51FPS.LIB (?C?FPADD)
  E:\KEIL_V5\C51\LIB\C51FPS.LIB (?C?FPMUL)
  E:\KEIL_V5\C51\LIB\C51FPS.LIB (?C?FPDIV)
  E:\KEIL_V5\C51\LIB\C51FPS.LIB (?C?FCAST)
  E:\KEIL_V5\C51\LIB\C51FPS.LIB (?C?CASTF)
  E:\KEIL_V5\C51\LIB\C51FPS.LIB (LOG)
  E:\KEIL_V5\C51\LIB\C51FPS.LIB (?C?FPGETOPN)
  E:\KEIL_V5\C51\LIB\C51FPS.LIB (?C?FPSERIES)
  E:\KEIL_V5\C51\LIB\C51S.LIB (?C_STARTUP)
  E:\KEIL_V5\C51\LIB\C51S.LIB (?C?COPY)
  E:\KEIL_V5\C51\LIB\C51S.LIB (?C?CLDPTR)
  E:\KEIL_V5\C51\LIB\C51S.LIB (?C?CLDOPTR)
  E:\KEIL_V5\C51\LIB\C51S.LIB (?C?CSTOPTR)
  E:\KEIL_V5\C51\LIB\C51S.LIB (?C?IMUL)
  E:\KEIL_V5\C51\LIB\C51S.LIB (?C?UIDIV)
  E:\KEIL_V5\C51\LIB\C51S.LIB (?C?IILDX)
  E:\KEIL_V5\C51\LIB\C51S.LIB (?C?ILDIX)
  E:\KEIL_V5\C51\LIB\C51S.LIB (?C?ILDPTR)
  E:\KEIL_V5\C51\LIB\C51S.LIB (?C?LMUL)
  E:\KEIL_V5\C51\LIB\C51S.LIB (?C?ULDIV)
  E:\KEIL_V5\C51\LIB\C51S.LIB (?C?SLDIV)
  E:\KEIL_V5\C51\LIB\C51S.LIB (?C?LNEG)
  E:\KEIL_V5\C51\LIB\C51S.LIB (?C?SLSHR)
  E:\KEIL_V5\C51\LIB\C51S.LIB (?C?LLDCODE)
  E:\KEIL_V5\C51\LIB\C51S.LIB (?C?LLDCODE0)
  E:\KEIL_V5\C51\LIB\C51S.LIB (?C?LSTXDATA)
  E:\KEIL_V5\C51\LIB\C51S.LIB (?C?OFFXADD)
  E:\KEIL_V5\C51\LIB\C51S.LIB (?C?ICALL)
  E:\KEIL_V5\C51\LIB\C51S.LIB (?C_IBP)
  E:\KEIL_V5\C51\LIB\C51S.LIB (?C_INIT)


LINK MAP OF MODULE:  .\output\BSP_Demo (MAIN)


            TYPE    BASE      LENGTH    RELOCATION   SEGMENT NAME
            -----------------------------------------------------

BL51 BANKED LINKER/LOCATER V6.22                                                      07/26/2023  22:06:28  PAGE 2


            * * * * * * *   D A T A   M E M O R Y   * * * * * * *
            REG     0000H     0008H     ABSOLUTE     "REG BANK 0"
            DATA    0008H     0012H     UNIT         ?DT?SYS
            DATA    001AH     0006H     UNIT         ?DT?IR
            BIT     0020H.0   0001H.7   UNIT         ?BI?SYS
            BIT     0021H.7   0001H.3   UNIT         ?BI?MAIN
            BIT     0023H.2   0000H.1   UNIT         ?BI?ADC
            BIT     0023H.3   0000H.1   UNIT         ?BI?MUSIC
            BIT     0023H.4   0000H.1   UNIT         ?BI?_OLED_WRITE_GRAM?OLED
            BIT     0023H.5   0000H.1   UNIT         _BIT_GROUP_
                    0023H.6   0000H.2                *** GAP ***
            DATA    0024H     0019H     UNIT         _DATA_GROUP_
            DATA    003DH     0011H     UNIT         ?DT?MAIN
            DATA    004EH     000BH     UNIT         ?DT?_OLED_DRAWBMP1?OLED
            DATA    0059H     000AH     UNIT         ?DT?_OLED_SHOWNUM?OLED
            DATA    0063H     0004H     UNIT         ?DT?_OLED_SHOWCHINESE?OLED
            DATA    0067H     0002H     UNIT         ?DT?ADC
            DATA    0069H     0002H     UNIT         ?DT?GETULTRASONIC?SYS
            DATA    006BH     0002H     UNIT         ?DT?OLED_REFRESH?OLED
            DATA    006DH     0001H     UNIT         ?DT?KEY
            DATA    006EH     0001H     UNIT         ?DT?_OLED_COLORTURN?OLED
            DATA    006FH     0001H     UNIT         ?DT?_OLED_DISPLAYTURN?OLED
            DATA    0070H     0001H     UNIT         ?DT?_OLED_POW?OLED
            DATA    0071H     0001H     UNIT         ?C?LIB_DATA
            IDATA   0072H     0001H     UNIT         ?STACK

            * * * * * * *  X D A T A   M E M O R Y  * * * * * * *
            XDATA   0000H     0200H     UNIT         ?XD?OLED
            XDATA   0200H     006EH     UNIT         ?XD?SYS
            XDATA   026EH     001EH     UNIT         ?XD?ADC
            XDATA   028CH     0010H     UNIT         ?XD?MUSIC
            XDATA   029CH     000CH     UNIT         ?XD?DISPLAYER
            XDATA   02A8H     000AH     UNIT         ?XD?KEY
            XDATA   02B2H     0009H     UNIT         ?XD?DS1302
            XDATA   02BBH     0009H     UNIT         ?XD?FM_RADIO

            * * * * * * *   C O D E   M E M O R Y   * * * * * * *
            CODE    0000H     0003H     ABSOLUTE     
            CODE    0003H     0007H     UNIT         ?PR?GETADC?ADC
            CODE    000AH     0001H     UNIT         ?PR?_?NULLFUNC?SYS
            CODE    000BH     0003H     ABSOLUTE     
            CODE    000EH     001DH     UNIT         ?PR?KEYINIT?KEY
            CODE    002BH     0003H     ABSOLUTE     
            CODE    002EH     000CH     UNIT         ?PR?GETBEEPSTATUS?BEEP
                    003AH     0001H                  *** GAP ***
            CODE    003BH     0003H     ABSOLUTE     
            CODE    003EH     0015H     UNIT         ?PR?OLED_DISPLAY_ON?OLED
            CODE    0053H     0003H     ABSOLUTE     
            CODE    0056H     1F58H     UNIT         ?CO?OLED
            CODE    1FAEH     0815H     UNIT         ?CO?MAIN
            CODE    27C3H     0753H     UNIT         ?PR?MY100MS_CALLBACK?MAIN
            CODE    2F16H     0743H     UNIT         ?C?LIB_CODE
            CODE    3659H     0302H     UNIT         ?C_INITSEG
            CODE    395BH     02F6H     UNIT         ?PR?_?SYS_MUSIC_DRV?MUSIC
            CODE    3C51H     01DAH     UNIT         ?PR?MYKN_CALLBACK?MAIN
            CODE    3E2BH     01ACH     UNIT         ?PR?_?SYS_ADC_DRV?ADC
            CODE    3FD7H     0164H     UNIT         ?PR?MYKEY_CALLBACK?MAIN
BL51 BANKED LINKER/LOCATER V6.22                                                      07/26/2023  22:06:28  PAGE 3


            CODE    413BH     0135H     UNIT         ?PR?LOG?LOG
            CODE    4270H     0126H     UNIT         ?CO?MUSIC
            CODE    4396H     0123H     UNIT         ?PR?_?SYS_KEY_DRV?KEY
            CODE    44B9H     00FEH     UNIT         ?PR?DS1302INIT?DS1302
            CODE    45B7H     00EDH     UNIT         ?PR?SYS_TASK_1MS?SYS
            CODE    46A4H     00E9H     UNIT         ?PR?_?SYS_DISPLAY_DRV?DISPLAYER
            CODE    478DH     00D0H     UNIT         ?PR?OLED_INIT?OLED
            CODE    485DH     00C6H     UNIT         ?PR?_OLED_SHOWCHAR?OLED
            CODE    4923H     00B6H     UNIT         ?PR?SETFMRADIO?FM_RADIO
            CODE    49D9H     00AAH     UNIT         ?PR?_PLAYTONE?MUSIC
            CODE    4A83H     00A8H     UNIT         ?PR?SYS_CCP_ISR?SYS
            CODE    4B2BH     00A5H     UNIT         ?PR?_?SYS_DS1302_DRV?DS1302
            CODE    4BD0H     0093H     UNIT         ?PR?_TEM_CALCULATE?MAIN
            CODE    4C63H     0093H     UNIT         ?PR?SYS_TASK_10MS?SYS
            CODE    4CF6H     008CH     UNIT         ?C_C51STARTUP
            CODE    4D82H     008BH     UNIT         ?PR?SYS_TASK_IR?SYS
            CODE    4E0DH     0089H     UNIT         ?PR?_OLED_SHOWNUM?OLED
            CODE    4E96H     007DH     UNIT         ?PR?MAIN?MAIN
            CODE    4F13H     007DH     UNIT         ?PR?_SETEVENTCALLBACK?SYS
            CODE    4F90H     0078H     UNIT         ?PR?_SETBEEP?BEEP
            CODE    5008H     0077H     UNIT         ?PR?SYS_IRRXD_ISR?IR
            CODE    507FH     0068H     UNIT         ?PR?_OLED_DRAWBMP1?OLED
            CODE    50E7H     0065H     UNIT         ?PR?OLED_REFRESH?OLED
            CODE    514CH     0065H     UNIT         ?PR?_OLED_DRAWBMP?OLED
            CODE    51B1H     005CH     UNIT         ?PR?GETFMRADIO?FM_RADIO
            CODE    520DH     0058H     UNIT         ?PR?_SETMUSIC?MUSIC
            CODE    5265H     0058H     UNIT         ?PR?_OLED_WRITE_GRAM?OLED
            CODE    52BDH     0053H     UNIT         ?PR?GETULTRASONIC?SYS
            CODE    5310H     0052H     UNIT         ?PR?SYS_TIMER0_ISR?SYS
            CODE    5362H     0049H     UNIT         ?PR?_OLED_SHOWSTRING?OLED
            CODE    53ABH     0048H     UNIT         ?PR?_OLED_SHOWCHINESE?OLED
            CODE    53F3H     0047H     UNIT         ?PR?SYS_TIMER0_INIT?SYS
            CODE    543AH     0046H     UNIT         ?PR?_GETADCNAVACT?ADC
            CODE    5480H     0044H     UNIT         ?PR?_?SYS_FMRADIO_DRV?FM_RADIO
            CODE    54C4H     0044H     UNIT         ?C?LDIV
            CODE    5508H     0040H     UNIT         ?PR?_GETKEYACT?KEY
            CODE    5548H     003FH     UNIT         ?PR?SYS_TASK_100MS?SYS
            CODE    5587H     003FH     UNIT         ?PR?_IRPRINT?IR
            CODE    55C6H     003EH     UNIT         ?PR?MYSTC_OS?SYS
            CODE    5604H     003AH     UNIT         ?PR?_OLED_WR_BYTE?OLED
            CODE    563EH     0031H     UNIT         ?PR?_ADCINIT?ADC
            CODE    566FH     0031H     UNIT         ?PR?_IRTXDSET?IR
            CODE    56A0H     0030H     UNIT         ?PR?OLED_CLEAR?OLED
            CODE    56D0H     002EH     UNIT         ?PR?_DS1302READ?DS1302
            CODE    56FEH     002BH     UNIT         ?PR?SYS_TASK_1S?SYS
            CODE    5729H     0029H     UNIT         ?PR?_NVM_WRITE?DS1302
            CODE    5752H     0028H     UNIT         ?PR?INITIAL_INTERFACE?MAIN
            CODE    577AH     0028H     UNIT         ?PR?_?SYS_BEEP_DRV?BEEP
            CODE    57A2H     0028H     UNIT         ?PR?_SETPLAYERMODE?MUSIC
            CODE    57CAH     0028H     UNIT         ?PR?_IIC_RADIO_WRITEBYTE?FM_RADIO
            CODE    57F2H     0027H     UNIT         ?PR?_OLED_DISPLAYTURN?OLED
            CODE    5819H     0025H     UNIT         ?PR?FMRADIOINIT?FM_RADIO
            CODE    583EH     0023H     UNIT         ?PR?_SEND_BYTE?OLED
            CODE    5861H     0022H     UNIT         ?PR?_OLED_SET_POS?OLED
            CODE    5883H     0020H     UNIT         ?PR?BEEPINIT?BEEP
            CODE    58A3H     0020H     UNIT         ?PR?_SEG7PRINT?DISPLAYER
            CODE    58C3H     0020H     UNIT         ?PR?_DS1302WRITE?DS1302
BL51 BANKED LINKER/LOCATER V6.22                                                      07/26/2023  22:06:28  PAGE 4


            CODE    58E3H     001CH     UNIT         ?PR?IIC_RADIO_ACK?FM_RADIO
            CODE    58FFH     001CH     UNIT         ?PR?GETIRSTATUS?IR
            CODE    591BH     001BH     UNIT         ?PR?DISPLAYERINIT?DISPLAYER
            CODE    5936H     001AH     UNIT         ?PR?_DELAY_MS?OLED
            CODE    5950H     0019H     UNIT         ?PR?_DS1302WRITEBYTE?DS1302
            CODE    5969H     0019H     UNIT         ?PR?RTC_WRITE?DS1302
            CODE    5982H     0019H     UNIT         ?PR?_OLED_COLORTURN?OLED
            CODE    599BH     0018H     UNIT         ?PR?DS1302READBYTE?DS1302
            CODE    59B3H     0018H     UNIT         ?PR?_OLED_POW?OLED
            CODE    59CBH     0015H     UNIT         ?PR?OLED_DISPLAY_OFF?OLED
            CODE    59E0H     0013H     UNIT         ?PR?_DELAY?FM_RADIO
            CODE    59F3H     0013H     UNIT         ?PR?IIC_RADIO_START?FM_RADIO
            CODE    5A06H     0012H     UNIT         ?PR?_NVM_READ?DS1302
            CODE    5A18H     0011H     UNIT         ?PR?_SETCCP0?SYS
            CODE    5A29H     0010H     UNIT         ?PR?_IRINIT?IR
            CODE    5A39H     000FH     UNIT         ?PR?MUSICPLAYERINIT?MUSIC
            CODE    5A48H     000FH     UNIT         ?PR?I2C_START?OLED
            CODE    5A57H     000FH     UNIT         ?PR?I2C_WAITACK?OLED
            CODE    5A66H     000EH     UNIT         ?PR?_?SYS_GET_KNEVENT?ADC
            CODE    5A74H     000EH     UNIT         ?PR?_?SYS_GET_EXTADCEVENT?ADC
            CODE    5A82H     000EH     UNIT         ?PR?_?SYS_GET_KEYEVENT?KEY
            CODE    5A90H     000CH     UNIT         ?PR?IIC_RADIO_STOP?FM_RADIO
            CODE    5A9CH     000AH     UNIT         ?PR?I2C_STOP?OLED
            CODE    5AA6H     0009H     UNIT         ?CO?ADC
            CODE    5AAFH     0009H     UNIT         ?PR?_SETDISPLAYERAREA?DISPLAYER
            CODE    5AB8H     0009H     UNIT         ?PR?GETBEEPTIMER?SYS
            CODE    5AC1H     0009H     UNIT         ?PR?_SETBEEPTIMER?SYS
            CODE    5ACAH     0009H     UNIT         ?PR?_SETIRRXD?IR
            CODE    5AD3H     0009H     UNIT         ?PR?IIC_DELAY?OLED
            CODE    5ADCH     0007H     UNIT         ?PR?GETSYSPERFORMANCE?SYS
            CODE    5AE3H     0007H     UNIT         ?PR?RTC_READ?DS1302
            CODE    5AEAH     0006H     UNIT         ?PR?ADC_ISR?ADC
            CODE    5AF0H     0006H     UNIT         ?PR?_LEDPRINT?DISPLAYER
            CODE    5AF6H     0006H     UNIT         ?PR?MYSTC_INIT?SYS
            CODE    5AFCH     0006H     UNIT         ?PR?GETPLAYERMODE?MUSIC
            CODE    5B02H     0003H     UNIT         ?PR?_?RET0FUNC?SYS
            CODE    5B05H     0003H     UNIT         ?PR?CLRBEEPPIN?SYS
            CODE    5B08H     0003H     UNIT         ?PR?GETIRRXNUM?IR



OVERLAY MAP OF MODULE:   .\output\BSP_Demo (MAIN)


SEGMENT                                      BIT_GROUP          DATA_GROUP 
  +--> CALLED SEGMENT                     START    LENGTH     START    LENGTH
-----------------------------------------------------------------------------
?C_C51STARTUP                             -----    -----      -----    -----
  +--> ?PR?MAIN?MAIN
  +--> ?C_INITSEG

?PR?MAIN?MAIN                             -----    -----      -----    -----
  +--> ?PR?KEYINIT?KEY
  +--> ?PR?BEEPINIT?BEEP
  +--> ?PR?OLED_INIT?OLED
  +--> ?PR?_ADCINIT?ADC
  +--> ?PR?DISPLAYERINIT?DISPLAYER
BL51 BANKED LINKER/LOCATER V6.22                                                      07/26/2023  22:06:28  PAGE 5


  +--> ?CO?MAIN
  +--> ?PR?DS1302INIT?DS1302
  +--> ?PR?FMRADIOINIT?FM_RADIO
  +--> ?PR?MUSICPLAYERINIT?MUSIC
  +--> ?PR?_IRINIT?IR
  +--> ?PR?MYKEY_CALLBACK?MAIN
  +--> ?PR?_SETEVENTCALLBACK?SYS
  +--> ?PR?MY100MS_CALLBACK?MAIN
  +--> ?PR?MYKN_CALLBACK?MAIN
  +--> ?PR?INITIAL_INTERFACE?MAIN
  +--> ?PR?_SETDISPLAYERAREA?DISPLAYER
  +--> ?PR?MYSTC_INIT?SYS
  +--> ?PR?MYSTC_OS?SYS

?PR?KEYINIT?KEY                           -----    -----      -----    -----
  +--> ?PR?_?SYS_GET_KEYEVENT?KEY
  +--> ?PR?_?SYS_KEY_DRV?KEY

?PR?BEEPINIT?BEEP                         -----    -----      -----    -----
  +--> ?PR?CLRBEEPPIN?SYS
  +--> ?PR?_?SYS_BEEP_DRV?BEEP

?PR?_?SYS_BEEP_DRV?BEEP                   -----    -----      -----    -----
  +--> ?PR?GETBEEPTIMER?SYS
  +--> ?PR?_SETBEEPTIMER?SYS

?PR?OLED_INIT?OLED                        -----    -----      -----    -----
  +--> ?PR?_DELAY_MS?OLED
  +--> ?PR?_OLED_WR_BYTE?OLED
  +--> ?PR?OLED_CLEAR?OLED

?PR?_OLED_WR_BYTE?OLED                    -----    -----      -----    -----
  +--> ?PR?I2C_START?OLED
  +--> ?PR?_SEND_BYTE?OLED
  +--> ?PR?I2C_WAITACK?OLED
  +--> ?PR?I2C_STOP?OLED

?PR?I2C_START?OLED                        -----    -----      -----    -----
  +--> ?PR?IIC_DELAY?OLED

?PR?_SEND_BYTE?OLED                       -----    -----      -----    -----
  +--> ?PR?IIC_DELAY?OLED

?PR?I2C_WAITACK?OLED                      -----    -----      -----    -----
  +--> ?PR?IIC_DELAY?OLED

?PR?I2C_STOP?OLED                         -----    -----      -----    -----
  +--> ?PR?IIC_DELAY?OLED

?PR?OLED_CLEAR?OLED                       -----    -----      0024H    0001H
  +--> ?PR?_OLED_WR_BYTE?OLED

?PR?_ADCINIT?ADC                          -----    -----      -----    -----
  +--> ?PR?_?SYS_ADC_DRV?ADC
  +--> ?PR?_?SYS_GET_KNEVENT?ADC
  +--> ?PR?_?SYS_GET_EXTADCEVENT?ADC

BL51 BANKED LINKER/LOCATER V6.22                                                      07/26/2023  22:06:28  PAGE 6


?PR?_?SYS_ADC_DRV?ADC                     -----    -----      -----    -----
  +--> ?CO?ADC

?PR?DISPLAYERINIT?DISPLAYER               -----    -----      -----    -----
  +--> ?PR?_?SYS_DISPLAY_DRV?DISPLAYER

?PR?_?SYS_DISPLAY_DRV?DISPLAYER           -----    -----      -----    -----
  +--> ?CO?MAIN

?PR?DS1302INIT?DS1302                     -----    -----      0024H    0007H
  +--> ?PR?_DS1302READ?DS1302
  +--> ?PR?_DS1302WRITE?DS1302
  +--> ?PR?_NVM_READ?DS1302
  +--> ?PR?RTC_WRITE?DS1302
  +--> ?PR?_NVM_WRITE?DS1302
  +--> ?PR?_?SYS_DS1302_DRV?DS1302

?PR?_DS1302READ?DS1302                    -----    -----      -----    -----
  +--> ?PR?_DS1302WRITEBYTE?DS1302
  +--> ?PR?DS1302READBYTE?DS1302

?PR?_DS1302WRITE?DS1302                   -----    -----      -----    -----
  +--> ?PR?_DS1302WRITEBYTE?DS1302

?PR?_NVM_READ?DS1302                      -----    -----      -----    -----
  +--> ?PR?_DS1302READ?DS1302

?PR?RTC_WRITE?DS1302                      -----    -----      002BH    0007H

?PR?_NVM_WRITE?DS1302                     -----    -----      -----    -----
  +--> ?PR?_DS1302WRITE?DS1302

?PR?_?SYS_DS1302_DRV?DS1302               -----    -----      -----    -----
  +--> ?PR?_DS1302READ?DS1302
  +--> ?PR?_DS1302WRITE?DS1302

?PR?FMRADIOINIT?FM_RADIO                  -----    -----      0024H    0006H
  +--> ?PR?SETFMRADIO?FM_RADIO
  +--> ?PR?_?SYS_FMRADIO_DRV?FM_RADIO

?PR?SETFMRADIO?FM_RADIO                   -----    -----      002FH    0006H
  +--> ?PR?GETFMRADIO?FM_RADIO

?PR?GETFMRADIO?FM_RADIO                   -----    -----      0035H    0006H

?PR?_?SYS_FMRADIO_DRV?FM_RADIO            -----    -----      -----    -----
  +--> ?PR?IIC_RADIO_START?FM_RADIO
  +--> ?PR?_IIC_RADIO_WRITEBYTE?FM_RADIO
  +--> ?PR?IIC_RADIO_ACK?FM_RADIO
  +--> ?PR?IIC_RADIO_STOP?FM_RADIO

?PR?IIC_RADIO_START?FM_RADIO              -----    -----      -----    -----
  +--> ?PR?_DELAY?FM_RADIO

?PR?_IIC_RADIO_WRITEBYTE?FM_RADIO         -----    -----      -----    -----
  +--> ?PR?_DELAY?FM_RADIO

BL51 BANKED LINKER/LOCATER V6.22                                                      07/26/2023  22:06:28  PAGE 7


?PR?IIC_RADIO_ACK?FM_RADIO                -----    -----      -----    -----
  +--> ?PR?_DELAY?FM_RADIO

?PR?IIC_RADIO_STOP?FM_RADIO               -----    -----      -----    -----
  +--> ?PR?_DELAY?FM_RADIO

?PR?MUSICPLAYERINIT?MUSIC                 -----    -----      -----    -----
  +--> ?PR?_?SYS_MUSIC_DRV?MUSIC

?PR?_?SYS_MUSIC_DRV?MUSIC                 -----    -----      -----    -----
  +--> ?PR?GETBEEPSTATUS?BEEP
  +--> ?PR?_SEG7PRINT?DISPLAYER
  +--> ?PR?_LEDPRINT?DISPLAYER
  +--> ?PR?_PLAYTONE?MUSIC

?PR?GETBEEPSTATUS?BEEP                    -----    -----      -----    -----
  +--> ?PR?GETBEEPTIMER?SYS

?PR?_SEG7PRINT?DISPLAYER                  -----    -----      002CH    0008H

?PR?_PLAYTONE?MUSIC                       -----    -----      0024H    0006H
  +--> ?PR?GETBEEPSTATUS?BEEP
  +--> ?CO?MUSIC
  +--> ?PR?_SETBEEP?BEEP

?PR?_SETBEEP?BEEP                         -----    -----      002FH    0004H
  +--> ?PR?GETBEEPTIMER?SYS
  +--> ?PR?_SETBEEPTIMER?SYS
  +--> ?CO?MAIN
  +--> ?PR?_SETCCP0?SYS
  +--> ?PR?CLRBEEPPIN?SYS

?PR?MYKEY_CALLBACK?MAIN                   -----    -----      0024H    0002H
  +--> ?PR?_GETKEYACT?KEY
  +--> ?PR?_SETBEEP?BEEP
  +--> ?PR?GETPLAYERMODE?MUSIC
  +--> ?CO?MAIN
  +--> ?PR?_SETMUSIC?MUSIC
  +--> ?PR?_SETPLAYERMODE?MUSIC
  +--> ?PR?_IRTXDSET?IR

?PR?_SETMUSIC?MUSIC                       -----    -----      0026H    0008H

?PR?_SETEVENTCALLBACK?SYS                 -----    -----      0024H    0003H

?PR?MY100MS_CALLBACK?MAIN                 -----    -----      0024H    0008H
  +--> ?PR?_SETBEEP?BEEP
  +--> ?CO?MAIN
  +--> ?PR?_OLED_SHOWSTRING?OLED
  +--> ?PR?_SEG7PRINT?DISPLAYER
  +--> ?PR?_LEDPRINT?DISPLAYER
  +--> ?PR?RTC_READ?DS1302
  +--> ?PR?GETADC?ADC
  +--> ?PR?_TEM_CALCULATE?MAIN
  +--> ?PR?GETFMRADIO?FM_RADIO
  +--> ?PR?GETPLAYERMODE?MUSIC

BL51 BANKED LINKER/LOCATER V6.22                                                      07/26/2023  22:06:28  PAGE 8


?PR?_OLED_SHOWSTRING?OLED                 -----    -----      002CH    0007H
  +--> ?PR?_OLED_SHOWCHAR?OLED

?PR?_OLED_SHOWCHAR?OLED                   -----    -----      0033H    000AH
  +--> ?PR?_OLED_SET_POS?OLED
  +--> ?CO?OLED
  +--> ?PR?_OLED_WR_BYTE?OLED

?PR?_OLED_SET_POS?OLED                    -----    -----      -----    -----
  +--> ?PR?_OLED_WR_BYTE?OLED

?PR?_TEM_CALCULATE?MAIN                   -----    -----      002CH    0008H
  +--> ?PR?LOG?LOG

?PR?LOG?LOG                               0023H.5  0000H.1    0034H    0004H

?PR?MYKN_CALLBACK?MAIN                    -----    -----      0024H    000BH
  +--> ?PR?_GETADCNAVACT?ADC
  +--> ?PR?_SETBEEP?BEEP
  +--> ?PR?GETFMRADIO?FM_RADIO
  +--> ?PR?SETFMRADIO?FM_RADIO

?PR?INITIAL_INTERFACE?MAIN                -----    -----      -----    -----
  +--> ?CO?MAIN
  +--> ?PR?_OLED_DRAWBMP?OLED
  +--> ?PR?_OLED_SHOWSTRING?OLED

?PR?_OLED_DRAWBMP?OLED                    -----    -----      0024H    000BH
  +--> ?PR?_OLED_SET_POS?OLED
  +--> ?PR?_OLED_WR_BYTE?OLED

?PR?MYSTC_INIT?SYS                        -----    -----      -----    -----
  +--> ?PR?SYS_TIMER0_INIT?SYS

?PR?SYS_TIMER0_INIT?SYS                   -----    -----      -----    -----
  +--> ?CO?MAIN

?PR?MYSTC_OS?SYS                          -----    -----      -----    -----
  +--> ?PR?SYS_TASK_IR?SYS
  +--> ?PR?SYS_TASK_1MS?SYS
  +--> ?PR?SYS_TASK_10MS?SYS
  +--> ?PR?SYS_TASK_100MS?SYS
  +--> ?PR?SYS_TASK_1S?SYS

?C_INITSEG                                -----    -----      -----    -----
  +--> ?PR?_?NULLFUNC?SYS
  +--> ?PR?_?RET0FUNC?SYS



SYMBOL TABLE OF MODULE:  .\output\BSP_Demo (MAIN)

  VALUE           TYPE          NAME
  ----------------------------------

  -------         MODULE        MAIN
  C:0000H         SYMBOL        _ICE_DUMMY_
BL51 BANKED LINKER/LOCATER V6.22                                                      07/26/2023  22:06:28  PAGE 9


  C:27BDH         PUBLIC        radio_origin
  D:0080H         PUBLIC        P0
  D:0090H         PUBLIC        P1
  D:00A0H         PUBLIC        P2
  D:00B0H         PUBLIC        P3
  D:00C0H         PUBLIC        P4
  B:0021H.7       PUBLIC        timer_second
  D:00C8H         PUBLIC        P5
  D:00E8H         PUBLIC        P6
  D:00F8H         PUBLIC        P7
  D:00A8H         PUBLIC        IE
  B:0022H.0       PUBLIC        FM_volume
  C:1FCBH         PUBLIC        BMP0
  C:3C51H         PUBLIC        myKN_callback
  D:003DH         PUBLIC        clock_mode
  D:00B8H         PUBLIC        IP
  B:0022H.1       PUBLIC        timer_minute
  C:23E4H         PUBLIC        song_TruE
  D:003EH         PUBLIC        prevous_state
  D:003FH         PUBLIC        timer
  D:0041H         PUBLIC        state
  D:00D8H         PUBLIC        CCON
  C:3FD7H         PUBLIC        myKey_callback
  C:4E96H         PUBLIC        main
  C:2774H         PUBLIC        mode
  D:0042H         PUBLIC        count
  C:2731H         PUBLIC        SysClock
  D:0098H         PUBLIC        SCON
  D:0088H         PUBLIC        TCON
  C:27B6H         PUBLIC        rtc_origin
  C:22CBH         PUBLIC        song
  B:0022H.2       PUBLIC        FM_key
  B:0022H.3       PUBLIC        key_flag
  C:278AH         PUBLIC        next_mode
  D:0043H         PUBLIC        rtc
  C:27A0H         PUBLIC        controller
  B:0022H.4       PUBLIC        FM_frequency
  C:27C3H         PUBLIC        my100mS_callback
  C:2735H         PUBLIC        decode_table
  B:0022H.5       PUBLIC        timer_run
  C:4BD0H         PUBLIC        _tem_calculate
  D:004AH         PUBLIC        time1
  D:004CH         PUBLIC        time2
  C:5752H         PUBLIC        Initial_interface
  B:0022H.6       PUBLIC        transfer
  B:0022H.7       PUBLIC        timer_change
  B:0023H.0       PUBLIC        stopwatch_1
  B:0023H.1       PUBLIC        stopwatch_2
  D:00D0H         PUBLIC        PSW
  -------         PROC          MAIN
  C:4E96H         LINE#         54
  C:4E96H         LINE#         55
  C:4E96H         LINE#         58
  C:4E99H         LINE#         59
  C:4E9CH         LINE#         60
  C:4E9FH         LINE#         61
  C:4EA4H         LINE#         62
BL51 BANKED LINKER/LOCATER V6.22                                                      07/26/2023  22:06:28  PAGE 10


  C:4EA7H         LINE#         63
  C:4EBDH         LINE#         64
  C:4ED3H         LINE#         65
  C:4ED6H         LINE#         66
  C:4EDBH         LINE#         70
  C:4EE6H         LINE#         71
  C:4EF1H         LINE#         72
  C:4EFCH         LINE#         78
  C:4EFFH         LINE#         79
  C:4F01H         LINE#         80
  C:4F04H         LINE#         81
  C:4F0BH         LINE#         85
  C:4F0EH         LINE#         86
  C:4F0EH         LINE#         87
  C:4F0EH         LINE#         88
  C:4F11H         LINE#         90
  -------         ENDPROC       MAIN
  -------         PROC          INITIAL_INTERFACE
  C:5752H         LINE#         93
  C:5752H         LINE#         94
  C:5752H         LINE#         95
  C:5766H         LINE#         96
  C:5776H         LINE#         97
  C:5779H         LINE#         98
  -------         ENDPROC       INITIAL_INTERFACE
  -------         PROC          MYKN_CALLBACK
  -------         DO            
  D:0024H         SYMBOL        K3
  D:0025H         SYMBOL        up
  D:0026H         SYMBOL        down
  D:0027H         SYMBOL        left
  D:0028H         SYMBOL        right
  -------         DO            
  D:0029H         SYMBOL        radio
  -------         ENDDO         
  -------         ENDDO         
  C:3C51H         LINE#         101
  C:3C51H         LINE#         102
  C:3C51H         LINE#         103
  C:3C58H         LINE#         104
  C:3C5FH         LINE#         105
  C:3C66H         LINE#         106
  C:3C6DH         LINE#         107
  C:3C74H         LINE#         110
  C:3C79H         LINE#         111
  C:3C79H         LINE#         112
  C:3C7EH         LINE#         113
  C:3C7EH         LINE#         114
  C:3C80H         LINE#         115
  C:3C88H         LINE#         116
  C:3C93H         LINE#         117
  C:3C93H         LINE#         118
  C:3C93H         LINE#         121
  C:3CA2H         LINE#         122
  C:3CA2H         LINE#         123
  C:3CA7H         LINE#         124
  C:3CA7H         LINE#         125
BL51 BANKED LINKER/LOCATER V6.22                                                      07/26/2023  22:06:28  PAGE 11


  C:3CB4H         LINE#         126
  C:3CC2H         LINE#         127
  C:3CC2H         LINE#         128
  C:3CC4H         LINE#         129
  C:3CCAH         LINE#         130
  C:3CCAH         LINE#         131
  C:3CEAH         LINE#         132
  C:3D13H         LINE#         133
  C:3D1EH         LINE#         134
  C:3D1EH         LINE#         135
  C:3D23H         LINE#         136
  C:3D23H         LINE#         137
  C:3D2AH         LINE#         138
  C:3D35H         LINE#         139
  C:3D35H         LINE#         140
  C:3D3AH         LINE#         141
  C:3D3AH         LINE#         142
  C:3D41H         LINE#         143
  C:3D4CH         LINE#         144
  C:3D4CH         LINE#         145
  C:3D4CH         LINE#         148
  C:3D54H         LINE#         149
  C:3D54H         LINE#         150
  C:3D59H         LINE#         151
  C:3D59H         LINE#         152
  C:3D5BH         LINE#         153
  C:3D5BH         LINE#         154
  C:3D5BH         LINE#         157
  C:3D61H         LINE#         158
  C:3D61H         LINE#         159
  C:3D69H         LINE#         160
  C:3D69H         LINE#         161
  C:3D6BH         LINE#         162
  C:3D6DH         LINE#         163
  C:3D6DH         LINE#         164
  C:3D6FH         LINE#         165
  C:3D7AH         LINE#         166
  C:3D7AH         LINE#         167
  C:3D7CH         LINE#         168
  C:3D7EH         LINE#         169
  C:3D89H         LINE#         170
  C:3D89H         LINE#         171
  C:3D89H         LINE#         175
  C:3D92H         LINE#         176
  C:3D92H         LINE#         178
  C:3D9DH         LINE#         179
  C:3DACH         LINE#         180
  C:3DBBH         LINE#         181
  C:3DCAH         LINE#         182
  C:3DD9H         LINE#         183
  C:3DDEH         LINE#         184
  C:3DDEH         LINE#         185
  C:3DEBH         LINE#         186
  C:3DF0H         LINE#         187
  C:3DF0H         LINE#         188
  C:3DF2H         LINE#         189
  C:3DF7H         LINE#         190
BL51 BANKED LINKER/LOCATER V6.22                                                      07/26/2023  22:06:28  PAGE 12


  C:3DF7H         LINE#         191
  C:3E04H         LINE#         192
  C:3E09H         LINE#         193
  C:3E14H         LINE#         194
  C:3E14H         LINE#         195
  C:3E2AH         LINE#         196
  C:3E2AH         LINE#         198
  -------         ENDPROC       MYKN_CALLBACK
  -------         PROC          MYKEY_CALLBACK
  -------         DO            
  D:0024H         SYMBOL        K1
  D:0025H         SYMBOL        K2
  -------         ENDDO         
  C:3FD7H         LINE#         202
  C:3FD7H         LINE#         203
  C:3FD7H         LINE#         204
  C:3FDEH         LINE#         205
  C:3FE5H         LINE#         215
  C:3FEDH         LINE#         216
  C:3FEDH         LINE#         217
  C:3FF0H         LINE#         218
  C:3FF3H         LINE#         219
  C:3FF5H         LINE#         220
  C:3FFDH         LINE#         221
  C:3FFDH         LINE#         222
  C:3FFFH         LINE#         223
  C:4001H         LINE#         224
  C:400AH         LINE#         225
  C:400AH         LINE#         226
  C:401BH         LINE#         227
  C:401BH         LINE#         228
  C:401EH         LINE#         229
  C:4023H         LINE#         230
  C:4025H         LINE#         231
  C:4027H         LINE#         233
  C:4027H         LINE#         234
  C:402AH         LINE#         235
  C:402DH         LINE#         236
  C:402FH         LINE#         237
  C:402FH         LINE#         238
  C:4031H         LINE#         239
  C:4039H         LINE#         240
  C:4039H         LINE#         241
  C:403BH         LINE#         242
  C:403BH         LINE#         245
  C:4040H         LINE#         246
  C:4040H         LINE#         247
  C:4045H         LINE#         248
  C:4045H         LINE#         249
  C:4052H         LINE#         250
  C:4055H         LINE#         251
  C:4055H         LINE#         252
  C:4055H         LINE#         255
  C:405AH         LINE#         256
  C:405AH         LINE#         257
  C:405FH         LINE#         258
  C:405FH         LINE#         259
BL51 BANKED LINKER/LOCATER V6.22                                                      07/26/2023  22:06:28  PAGE 13


  C:4061H         LINE#         260
  C:4069H         LINE#         261
  C:4074H         LINE#         262
  C:4074H         LINE#         263
  C:4074H         LINE#         266
  C:407CH         LINE#         267
  C:407CH         LINE#         268
  C:4081H         LINE#         269
  C:4081H         LINE#         270
  C:4086H         LINE#         271
  C:4088H         LINE#         272
  C:4088H         LINE#         273
  C:4088H         LINE#         276
  C:408EH         LINE#         277
  C:408EH         LINE#         278
  C:4096H         LINE#         279
  C:4096H         LINE#         280
  C:4098H         LINE#         281
  C:409AH         LINE#         282
  C:409AH         LINE#         283
  C:409CH         LINE#         284
  C:40A7H         LINE#         285
  C:40A7H         LINE#         286
  C:40A9H         LINE#         287
  C:40ABH         LINE#         288
  C:40B6H         LINE#         289
  C:40B6H         LINE#         290
  C:40B6H         LINE#         293
  C:40BCH         LINE#         294
  C:40BCH         LINE#         295
  C:40C7H         LINE#         296
  C:40C7H         LINE#         297
  C:40DDH         LINE#         298
  C:40DDH         LINE#         299
  C:40DFH         LINE#         300
  C:40EAH         LINE#         301
  C:40EAH         LINE#         302
  C:40ECH         LINE#         303
  C:40EEH         LINE#         304
  C:40F9H         LINE#         305
  C:40F9H         LINE#         306
  C:40FEH         LINE#         307
  C:40FEH         LINE#         308
  C:40FEH         LINE#         311
  C:4112H         LINE#         312
  C:4117H         LINE#         315
  C:411CH         LINE#         316
  C:411CH         LINE#         317
  C:4121H         LINE#         318
  C:4121H         LINE#         319
  C:413AH         LINE#         320
  C:413AH         LINE#         321
  C:413AH         LINE#         322
  -------         ENDPROC       MYKEY_CALLBACK
  -------         PROC          MY100MS_CALLBACK
  -------         DO            
  D:0024H         SYMBOL        a
BL51 BANKED LINKER/LOCATER V6.22                                                      07/26/2023  22:06:28  PAGE 14


  -------         ENDDO         
  -------         DO            
  D:0024H         SYMBOL        weekday
  -------         ENDDO         
  -------         DO            
  D:0024H         SYMBOL        d0
  D:0025H         SYMBOL        d1
  D:0026H         SYMBOL        d2
  D:0027H         SYMBOL        d3
  D:0028H         SYMBOL        d4
  D:0029H         SYMBOL        d5
  D:002AH         SYMBOL        d6
  D:002BH         SYMBOL        d7
  D:0024H         SYMBOL        num
  D:0024H         SYMBOL        tem_adc
  D:0026H         SYMBOL        tem
  D:0024H         SYMBOL        frequency
  D:0026H         SYMBOL        volume
  D:0027H         SYMBOL        fre0
  D:0028H         SYMBOL        fre1
  D:0029H         SYMBOL        fre2
  D:002AH         SYMBOL        vol0
  D:002BH         SYMBOL        vol1
  -------         ENDDO         
  -------         DO            
  D:0024H         SYMBOL        num
  D:0024H         SYMBOL        tem_adc
  D:0026H         SYMBOL        tem
  D:0024H         SYMBOL        frequency
  D:0026H         SYMBOL        volume
  D:0027H         SYMBOL        fre0
  D:0028H         SYMBOL        fre1
  D:0029H         SYMBOL        fre2
  D:002AH         SYMBOL        vol0
  D:002BH         SYMBOL        vol1
  -------         ENDDO         
  -------         DO            
  D:0024H         SYMBOL        tem_adc
  D:0026H         SYMBOL        tem
  D:0024H         SYMBOL        frequency
  D:0026H         SYMBOL        volume
  D:0027H         SYMBOL        fre0
  D:0028H         SYMBOL        fre1
  D:0029H         SYMBOL        fre2
  D:002AH         SYMBOL        vol0
  D:002BH         SYMBOL        vol1
  -------         ENDDO         
  -------         DO            
  D:0024H         SYMBOL        frequency
  D:0026H         SYMBOL        volume
  D:0027H         SYMBOL        fre0
  D:0028H         SYMBOL        fre1
  D:0029H         SYMBOL        fre2
  D:002AH         SYMBOL        vol0
  D:002BH         SYMBOL        vol1
  -------         ENDDO         
  C:27C3H         LINE#         328
BL51 BANKED LINKER/LOCATER V6.22                                                      07/26/2023  22:06:28  PAGE 15


  C:27C3H         LINE#         329
  C:27C3H         LINE#         332
  C:27CEH         LINE#         333
  C:27D9H         LINE#         336
  C:27E4H         LINE#         337
  C:27EAH         LINE#         338
  C:27EAH         LINE#         339
  C:27ECH         LINE#         340
  C:27F6H         LINE#         341
  C:27FCH         LINE#         342
  C:27FCH         LINE#         344
  C:2833H         LINE#         345
  C:2833H         LINE#         349
  C:2833H         LINE#         350
  C:2833H         LINE#         352
  C:2833H         LINE#         353
  C:2833H         LINE#         357
  C:2833H         LINE#         358
  C:2833H         LINE#         359
  C:2836H         LINE#         360
  C:2836H         LINE#         361
  C:2846H         LINE#         362
  C:2848H         LINE#         363
  C:2848H         LINE#         364
  C:287BH         LINE#         365
  C:287DH         LINE#         366
  C:287FH         LINE#         367
  C:287FH         LINE#         371
  C:287FH         LINE#         372
  C:287FH         LINE#         374
  C:2897H         LINE#         376
  C:28A1H         LINE#         377
  C:28A4H         LINE#         378
  C:28A9H         LINE#         379
  C:28A9H         LINE#         380
  C:28A9H         LINE#         385
  C:28A9H         LINE#         386
  C:28A9H         LINE#         387
  C:28B9H         LINE#         388
  C:28C8H         LINE#         389
  C:28C8H         LINE#         390
  C:28C8H         LINE#         391
  C:28C8H         LINE#         392
  C:28ECH         LINE#         393
  C:28EEH         LINE#         394
  C:28EEH         LINE#         395
  C:28EEH         LINE#         396
  C:28EEH         LINE#         397
  C:2918H         LINE#         398
  C:291BH         LINE#         399
  C:291BH         LINE#         400
  C:291BH         LINE#         401
  C:291BH         LINE#         402
  C:291EH         LINE#         403
  C:294CH         LINE#         404
  C:294CH         LINE#         405
  C:2964H         LINE#         406
BL51 BANKED LINKER/LOCATER V6.22                                                      07/26/2023  22:06:28  PAGE 16


  C:297CH         LINE#         407
  C:2994H         LINE#         408
  C:29ACH         LINE#         409
  C:29C4H         LINE#         410
  C:29DCH         LINE#         411
  C:29F4H         LINE#         412
  C:29F4H         LINE#         413
  C:29F4H         LINE#         414
  C:29F4H         LINE#         415
  C:29F4H         LINE#         417
  C:29F4H         LINE#         418
  C:29F4H         LINE#         423
  C:29F4H         LINE#         424
  C:29F4H         LINE#         427
  C:2A0FH         LINE#         428
  C:2A2AH         LINE#         429
  C:2A41H         LINE#         430
  C:2A4EH         LINE#         432
  C:2A69H         LINE#         433
  C:2A84H         LINE#         434
  C:2A9BH         LINE#         435
  C:2AA8H         LINE#         437
  C:2ABDH         LINE#         439
  C:2AC0H         LINE#         440
  C:2AC0H         LINE#         444
  C:2AC0H         LINE#         445
  C:2AC0H         LINE#         446
  C:2AC2H         LINE#         447
  C:2ACBH         LINE#         448
  C:2ACBH         LINE#         449
  C:2ACBH         LINE#         450
  C:2ACDH         LINE#         452
  C:2ACDH         LINE#         453
  C:2AD3H         LINE#         454
  C:2AD3H         LINE#         455
  C:2B73H         LINE#         456
  C:2C10H         LINE#         457
  C:2C13H         LINE#         458
  C:2C16H         LINE#         459
  C:2C16H         LINE#         460
  C:2C76H         LINE#         461
  C:2C78H         LINE#         462
  C:2C7BH         LINE#         463
  C:2C7BH         LINE#         464
  C:2CC4H         LINE#         465
  C:2CC4H         LINE#         466
  C:2CC4H         LINE#         467
  C:2CD0H         LINE#         468
  C:2CD3H         LINE#         469
  C:2CD3H         LINE#         473
  C:2CD3H         LINE#         474
  C:2CD3H         LINE#         475
  C:2CE5H         LINE#         476
  C:2D23H         LINE#         477
  C:2D28H         LINE#         478
  C:2D33H         LINE#         479
  C:2D33H         LINE#         480
BL51 BANKED LINKER/LOCATER V6.22                                                      07/26/2023  22:06:28  PAGE 17


  C:2D33H         LINE#         481
  C:2D36H         LINE#         482
  C:2D44H         LINE#         483
  C:2D44H         LINE#         484
  C:2D44H         LINE#         485
  C:2D44H         LINE#         486
  C:2D47H         LINE#         487
  C:2D47H         LINE#         491
  C:2D47H         LINE#         492
  C:2D47H         LINE#         493
  C:2D59H         LINE#         494
  C:2D63H         LINE#         495
  C:2DA8H         LINE#         497
  C:2DADH         LINE#         498
  C:2DC1H         LINE#         499
  C:2DC1H         LINE#         500
  C:2DC9H         LINE#         501
  C:2DCBH         LINE#         502
  C:2DE2H         LINE#         503
  C:2DE2H         LINE#         504
  C:2DEDH         LINE#         505
  C:2DEDH         LINE#         506
  C:2DEDH         LINE#         507
  C:2DEDH         LINE#         512
  C:2DEDH         LINE#         513
  C:2DEDH         LINE#         514
  C:2DF8H         LINE#         515
  C:2E07H         LINE#         517
  C:2E14H         LINE#         518
  C:2E2BH         LINE#         519
  C:2E46H         LINE#         520
  C:2E4FH         LINE#         521
  C:2E5CH         LINE#         522
  C:2E5EH         LINE#         523
  C:2E67H         LINE#         524
  C:2E67H         LINE#         525
  C:2E67H         LINE#         526
  C:2E69H         LINE#         528
  C:2E69H         LINE#         529
  C:2E6FH         LINE#         530
  C:2E6FH         LINE#         531
  C:2E7EH         LINE#         532
  C:2E80H         LINE#         533
  C:2E83H         LINE#         534
  C:2E83H         LINE#         535
  C:2E96H         LINE#         536
  C:2E98H         LINE#         537
  C:2E9BH         LINE#         538
  C:2E9BH         LINE#         539
  C:2EB3H         LINE#         540
  C:2EB3H         LINE#         541
  C:2EB3H         LINE#         542
  C:2EBFH         LINE#         543
  C:2EC0H         LINE#         544
  C:2EC0H         LINE#         548
  C:2EC0H         LINE#         549
  C:2EC0H         LINE#         550
BL51 BANKED LINKER/LOCATER V6.22                                                      07/26/2023  22:06:28  PAGE 18


  C:2EDEH         LINE#         551
  C:2EFBH         LINE#         552
  C:2EFDH         LINE#         553
  C:2EFDH         LINE#         557
  C:2EFDH         LINE#         558
  C:2EFDH         LINE#         559
  C:2F15H         LINE#         560
  C:2F15H         LINE#         561
  C:2F15H         LINE#         564
  C:2F15H         LINE#         565
  C:2F15H         LINE#         567
  C:2F15H         LINE#         568
  C:2F15H         LINE#         570
  C:2F15H         LINE#         572
  -------         ENDPROC       MY100MS_CALLBACK
  -------         PROC          _TEM_CALCULATE
  D:0006H         SYMBOL        tem_adc
  -------         DO            
  D:002CH         SYMBOL        vccx
  D:0004H         SYMBOL        lnx
  D:0030H         SYMBOL        tem
  D:0004H         SYMBOL        tem10
  D:0006H         SYMBOL        ans
  -------         ENDDO         
  C:4BD0H         LINE#         576
  C:4BD0H         LINE#         577
  C:4BD0H         LINE#         578
  C:4BEAH         LINE#         579
  C:4C12H         LINE#         580
  C:4C4DH         LINE#         581
  C:4C5FH         LINE#         582
  C:4C62H         LINE#         583
  C:4C62H         LINE#         584
  -------         ENDPROC       _TEM_CALCULATE
  -------         ENDMOD        MAIN

  -------         MODULE        ADC
  C:0000H         SYMBOL        _ICE_DUMMY_
  D:0080H         PUBLIC        P0
  D:0090H         PUBLIC        P1
  D:00A0H         PUBLIC        P2
  C:5A66H         PUBLIC        _?sys_get_KNEvent
  D:0067H         PUBLIC        sys_EXTADCEvent
  D:00B0H         PUBLIC        P3
  D:00C0H         PUBLIC        P4
  D:00C8H         PUBLIC        P5
  D:00E8H         PUBLIC        P6
  D:00F8H         PUBLIC        P7
  B:00A8H.5       PUBLIC        EADC
  D:00A8H         PUBLIC        IE
  D:00BDH         PUBLIC        ADC_RES
  D:00B8H         PUBLIC        IP
  D:0097H         PUBLIC        CLK_DIV
  C:563EH         PUBLIC        _AdcInit
  D:00D8H         PUBLIC        CCON
  C:5A74H         PUBLIC        _?sys_get_EXTADCEvent
  X:0270H         PUBLIC        AD_res
BL51 BANKED LINKER/LOCATER V6.22                                                      07/26/2023  22:06:28  PAGE 19


  D:00BCH         PUBLIC        ADC_CONTR
  D:0098H         PUBLIC        SCON
  D:0088H         PUBLIC        TCON
  C:3E2BH         PUBLIC        _?sys_ADC_drv
  B:0023H.2       PUBLIC        flag_ADC
  X:027AH         PUBLIC        sys_KN
  D:009DH         PUBLIC        P1ASF
  D:0068H         PUBLIC        sys_KNEvent
  D:00BEH         PUBLIC        ADC_RESL
  C:0003H         PUBLIC        GetADC
  C:543AH         PUBLIC        _GetAdcNavAct
  C:5AEAH         PUBLIC        ADC_isr
  D:00D0H         PUBLIC        PSW
  -------         PROC          ADC_ISR
  C:5AEAH         LINE#         26
  C:5AEAH         LINE#         27
  C:5AEDH         LINE#         28
  C:5AEFH         LINE#         29
  -------         ENDPROC       ADC_ISR
  -------         PROC          _?SYS_ADC_DRV
  -------         DO            
  X:026EH         SYMBOL        pc
  X:026FH         SYMBOL        counter
  i:0000H         SYMBOL        i
  C:5AA6H         SYMBOL        ADC_ch
  -------         ENDDO         
  C:3E2BH         LINE#         31
  C:3E2DH         LINE#         35
  C:3E33H         LINE#         36
  C:3E35H         LINE#         37
  C:3E63H         LINE#         38
  C:3E63H         LINE#         39
  C:3E63H         LINE#         40
  C:3E73H         LINE#         41
  C:3E75H         LINE#         42
  C:3E75H         LINE#         43
  C:3E75H         LINE#         44
  C:3E89H         LINE#         45
  C:3E8CH         LINE#         46
  C:3E8FH         LINE#         47
  C:3E9FH         LINE#         48
  C:3EA1H         LINE#         49
  C:3EB5H         LINE#         50
  C:3EB8H         LINE#         51
  C:3ECCH         LINE#         52
  C:3EDFH         LINE#         53
  C:3EF7H         LINE#         54
  C:3F02H         LINE#         55
  C:3F05H         LINE#         56
  C:3F15H         LINE#         57
  C:3F29H         LINE#         58
  C:3F3EH         LINE#         59
  C:3F4FH         LINE#         60
  C:3F51H         LINE#         61
  C:3F51H         LINE#         62
  C:3F53H         LINE#         64
  C:3F6AH         LINE#         65
BL51 BANKED LINKER/LOCATER V6.22                                                      07/26/2023  22:06:28  PAGE 20


  C:3F7BH         LINE#         66
  C:3F7EH         LINE#         67
  C:3F7EH         LINE#         68
  C:3F7EH         LINE#         69
  C:3FA1H         LINE#         70
  C:3FB2H         LINE#         71
  C:3FB6H         LINE#         72
  C:3FB6H         LINE#         73
  C:3FB6H         LINE#         74
  C:3FBCH         LINE#         75
  C:3FBCH         LINE#         76
  C:3FBCH         LINE#         77
  C:3FC8H         LINE#         78
  C:3FD4H         LINE#         79
  C:3FD4H         LINE#         80
  -------         ENDPROC       _?SYS_ADC_DRV
  -------         PROC          _?SYS_GET_KNEVENT
  -------         DO            
  i:0000H         SYMBOL        a
  -------         ENDDO         
  C:5A66H         LINE#         82
  C:5A68H         LINE#         84
  C:5A6CH         LINE#         85
  C:5A6FH         LINE#         86
  C:5A71H         LINE#         87
  -------         ENDPROC       _?SYS_GET_KNEVENT
  -------         PROC          _?SYS_GET_EXTADCEVENT
  -------         DO            
  i:0000H         SYMBOL        a
  -------         ENDDO         
  C:5A74H         LINE#         89
  C:5A76H         LINE#         91
  C:5A7AH         LINE#         92
  C:5A7DH         LINE#         93
  C:5A7FH         LINE#         94
  -------         ENDPROC       _?SYS_GET_EXTADCEVENT
  -------         PROC          _ADCINIT
  D:0007H         SYMBOL        ADCsel
  C:563EH         LINE#         96
  C:563EH         LINE#         97
  C:563EH         LINE#         98
  C:5640H         LINE#         99
  C:5643H         LINE#         100
  C:5646H         LINE#         101
  C:5648H         LINE#         102
  C:5656H         LINE#         103
  C:5662H         LINE#         104
  C:566EH         LINE#         105
  -------         ENDPROC       _ADCINIT
  -------         PROC          GETADC
  C:0003H         LINE#         107
  C:0003H         LINE#         108
  C:0009H         LINE#         109
  -------         ENDPROC       GETADC
  -------         PROC          _GETADCNAVACT
  D:0007H         SYMBOL        Nav_button
  -------         DO            
BL51 BANKED LINKER/LOCATER V6.22                                                      07/26/2023  22:06:28  PAGE 21


  D:0006H         SYMBOL        a
  -------         ENDDO         
  C:543AH         LINE#         111
  C:543AH         LINE#         112
  C:543AH         LINE#         113
  C:544AH         LINE#         114
  C:5465H         LINE#         115
  C:547AH         LINE#         116
  C:547DH         LINE#         117
  C:547DH         LINE#         118
  C:547FH         LINE#         119
  -------         ENDPROC       _GETADCNAVACT
  -------         ENDMOD        ADC

  -------         MODULE        BEEP
  C:0000H         SYMBOL        _ICE_DUMMY_
  D:0080H         PUBLIC        P0
  D:00B2H         PUBLIC        P3M0
  D:0090H         PUBLIC        P1
  D:00B1H         PUBLIC        P3M1
  D:00A0H         PUBLIC        P2
  D:00B0H         PUBLIC        P3
  D:00C0H         PUBLIC        P4
  D:00C8H         PUBLIC        P5
  D:00E8H         PUBLIC        P6
  D:00F8H         PUBLIC        P7
  D:00F9H         PUBLIC        CH
  C:577AH         PUBLIC        _?sys_beep_drv
  D:00A8H         PUBLIC        IE
  D:00E9H         PUBLIC        CL
  C:5883H         PUBLIC        BeepInit
  B:00D8H.6       PUBLIC        CR
  D:00DAH         PUBLIC        CCAPM0
  D:00B8H         PUBLIC        IP
  D:00D9H         PUBLIC        CMOD
  D:00D8H         PUBLIC        CCON
  C:002EH         PUBLIC        GetBeepStatus
  C:4F90H         PUBLIC        _SetBeep
  D:0098H         PUBLIC        SCON
  D:0088H         PUBLIC        TCON
  D:00D0H         PUBLIC        PSW
  B:00D8H.0       PUBLIC        CCF0
  -------         PROC          _?SYS_BEEP_DRV
  -------         DO            
  i:0000H         SYMBOL        a
  -------         ENDDO         
  C:577AH         LINE#         11
  C:577EH         LINE#         13
  C:5788H         LINE#         14
  C:579DH         LINE#         15
  -------         ENDPROC       _?SYS_BEEP_DRV
  -------         PROC          BEEPINIT
  C:5883H         LINE#         17
  C:5883H         LINE#         18
  C:5883H         LINE#         19
  C:5886H         LINE#         20
  C:5889H         LINE#         21
BL51 BANKED LINKER/LOCATER V6.22                                                      07/26/2023  22:06:28  PAGE 22


  C:588CH         LINE#         22
  C:588FH         LINE#         23
  C:5892H         LINE#         24
  C:5894H         LINE#         25
  C:58A2H         LINE#         26
  -------         ENDPROC       BEEPINIT
  -------         PROC          _SETBEEP
  D:002FH         SYMBOL        Beep_freq
  D:0031H         SYMBOL        Beep_time
  -------         DO            
  D:0002H         SYMBOL        a
  D:0004H         SYMBOL        b
  -------         ENDDO         
  C:4F90H         LINE#         28
  C:4F98H         LINE#         29
  C:4F98H         LINE#         31
  C:4F9FH         LINE#         32
  C:4FA6H         LINE#         33
  C:4FB1H         LINE#         34
  C:4FDAH         LINE#         35
  C:4FEEH         LINE#         36
  C:4FF5H         LINE#         37
  C:4FF7H         LINE#         38
  C:4FFAH         LINE#         39
  C:4FFCH         LINE#         41
  C:4FFFH         LINE#         42
  C:5002H         LINE#         43
  C:5002H         LINE#         44
  C:5005H         LINE#         45
  C:5005H         LINE#         46
  C:5007H         LINE#         47
  -------         ENDPROC       _SETBEEP
  -------         PROC          GETBEEPSTATUS
  C:002EH         LINE#         49
  C:002EH         LINE#         50
  C:0037H         LINE#         51
  C:0039H         LINE#         52
  -------         ENDPROC       GETBEEPSTATUS
  -------         ENDMOD        BEEP

  -------         MODULE        DISPLAYER
  C:0000H         SYMBOL        _ICE_DUMMY_
  D:0093H         PUBLIC        P0M1
  D:0096H         PUBLIC        P2M0
  D:0080H         PUBLIC        P0
  D:0095H         PUBLIC        P2M1
  D:0090H         PUBLIC        P1
  D:00A0H         PUBLIC        P2
  D:00B0H         PUBLIC        P3
  D:00C0H         PUBLIC        P4
  D:00C8H         PUBLIC        P5
  D:00E8H         PUBLIC        P6
  D:00F8H         PUBLIC        P7
  D:00A8H         PUBLIC        IE
  D:00B8H         PUBLIC        IP
  D:00D8H         PUBLIC        CCON
  C:5AF0H         PUBLIC        _LedPrint
BL51 BANKED LINKER/LOCATER V6.22                                                      07/26/2023  22:06:28  PAGE 23


  B:00A0H.0       PUBLIC        P20
  B:00A0H.1       PUBLIC        P21
  D:0098H         PUBLIC        SCON
  B:00A0H.2       PUBLIC        P22
  D:0088H         PUBLIC        TCON
  B:00A0H.3       PUBLIC        P23
  C:591BH         PUBLIC        DisplayerInit
  X:029CH         PUBLIC        sys_Disp
  C:5AAFH         PUBLIC        _SetDisplayerArea
  C:58A3H         PUBLIC        _Seg7Print
  C:46A4H         PUBLIC        _?sys_display_drv
  D:00D0H         PUBLIC        PSW
  D:0094H         PUBLIC        P0M0
  -------         PROC          _?SYS_DISPLAY_DRV
  C:46A4H         LINE#         16
  C:46A4H         LINE#         18
  C:46A7H         LINE#         19
  C:46D0H         LINE#         20
  C:46D6H         LINE#         21
  C:46DCH         LINE#         22
  C:46E2H         LINE#         23
  C:46E8H         LINE#         24
  C:46F2H         LINE#         25
  C:46FCH         LINE#         26
  C:4706H         LINE#         27
  C:4710H         LINE#         28
  C:4712H         LINE#         29
  C:4712H         LINE#         30
  C:471AH         LINE#         31
  C:4743H         LINE#         33
  C:475EH         LINE#         34
  C:4761H         LINE#         35
  C:4761H         LINE#         36
  C:4778H         LINE#         37
  C:4784H         LINE#         39
  C:478CH         LINE#         40
  -------         ENDPROC       _?SYS_DISPLAY_DRV
  -------         PROC          DISPLAYERINIT
  C:591BH         LINE#         42
  C:591BH         LINE#         43
  C:591BH         LINE#         44
  C:591EH         LINE#         45
  C:5921H         LINE#         46
  C:5924H         LINE#         47
  C:5927H         LINE#         48
  C:5935H         LINE#         49
  -------         ENDPROC       DISPLAYERINIT
  -------         PROC          _SETDISPLAYERAREA
  D:0007H         SYMBOL        Begin_of_scan
  D:0005H         SYMBOL        Ending_of_Scan
  C:5AAFH         LINE#         51
  C:5AAFH         LINE#         52
  C:5AB4H         LINE#         53
  C:5AB7H         LINE#         54
  -------         ENDPROC       _SETDISPLAYERAREA
  -------         PROC          _SEG7PRINT
  D:0007H         SYMBOL        d0
BL51 BANKED LINKER/LOCATER V6.22                                                      07/26/2023  22:06:28  PAGE 24


  D:0005H         SYMBOL        d1
  D:0003H         SYMBOL        d2
  D:002FH         SYMBOL        d3
  D:0030H         SYMBOL        d4
  D:0031H         SYMBOL        d5
  D:0032H         SYMBOL        d6
  D:0033H         SYMBOL        d7
  C:58A3H         LINE#         56
  C:58A3H         LINE#         57
  C:58A8H         LINE#         58
  C:58ABH         LINE#         59
  C:58AEH         LINE#         60
  C:58B2H         LINE#         61
  C:58B6H         LINE#         62
  C:58BAH         LINE#         63
  C:58BEH         LINE#         64
  C:58C2H         LINE#         65
  -------         ENDPROC       _SEG7PRINT
  -------         PROC          _LEDPRINT
  D:0007H         SYMBOL        led_val
  C:5AF0H         LINE#         67
  C:5AF0H         LINE#         68
  C:5AF5H         LINE#         69
  -------         ENDPROC       _LEDPRINT
  -------         ENDMOD        DISPLAYER

  -------         MODULE        KEY
  C:0000H         SYMBOL        _ICE_DUMMY_
  D:0080H         PUBLIC        P0
  D:0090H         PUBLIC        P1
  D:00A0H         PUBLIC        P2
  D:00B0H         PUBLIC        P3
  D:00C0H         PUBLIC        P4
  D:00C8H         PUBLIC        P5
  D:00E8H         PUBLIC        P6
  D:00F8H         PUBLIC        P7
  D:00A8H         PUBLIC        IE
  D:006DH         PUBLIC        sys_keyEvent
  D:00B8H         PUBLIC        IP
  D:00D8H         PUBLIC        CCON
  C:5A82H         PUBLIC        _?sys_get_keyEvent
  D:0098H         PUBLIC        SCON
  D:0088H         PUBLIC        TCON
  C:4396H         PUBLIC        _?sys_key_drv
  C:000EH         PUBLIC        KeyInit
  B:00B0H.2       PUBLIC        IO_Key1
  B:00B0H.3       PUBLIC        IO_Key2
  B:0090H.7       PUBLIC        IO_Key3
  C:5508H         PUBLIC        _GetKeyAct
  X:02A9H         PUBLIC        sys_Key
  D:00D0H         PUBLIC        PSW
  -------         PROC          _?SYS_KEY_DRV
  -------         DO            
  i:0000H         SYMBOL        i
  X:02A8H         SYMBOL        counter
  -------         ENDDO         
  C:4396H         LINE#         28
BL51 BANKED LINKER/LOCATER V6.22                                                      07/26/2023  22:06:28  PAGE 25


  C:4398H         LINE#         31
  C:43A1H         LINE#         32
  C:43AAH         LINE#         33
  C:43B3H         LINE#         34
  C:43BEH         LINE#         35
  C:43C1H         LINE#         36
  C:43D3H         LINE#         37
  C:43F1H         LINE#         38
  C:440AH         LINE#         39
  C:4426H         LINE#         40
  C:4428H         LINE#         41
  C:4428H         LINE#         42
  C:442AH         LINE#         44
  C:444BH         LINE#         45
  C:4461H         LINE#         46
  C:4464H         LINE#         47
  C:4464H         LINE#         48
  C:4464H         LINE#         49
  C:4497H         LINE#         50
  C:44B2H         LINE#         51
  C:44B6H         LINE#         52
  C:44B6H         LINE#         53
  -------         ENDPROC       _?SYS_KEY_DRV
  -------         PROC          _?SYS_GET_KEYEVENT
  -------         DO            
  i:0000H         SYMBOL        a
  -------         ENDDO         
  C:5A82H         LINE#         55
  C:5A84H         LINE#         57
  C:5A88H         LINE#         58
  C:5A8BH         LINE#         59
  C:5A8DH         LINE#         60
  -------         ENDPROC       _?SYS_GET_KEYEVENT
  -------         PROC          KEYINIT
  C:000EH         LINE#         62
  C:000EH         LINE#         63
  C:000EH         LINE#         64
  C:001CH         LINE#         65
  C:002AH         LINE#         66
  -------         ENDPROC       KEYINIT
  -------         PROC          _GETKEYACT
  D:0007H         SYMBOL        Key
  -------         DO            
  D:0006H         SYMBOL        a
  -------         ENDDO         
  C:5508H         LINE#         68
  C:5508H         LINE#         69
  C:5508H         LINE#         70
  C:5512H         LINE#         71
  C:552DH         LINE#         72
  C:5542H         LINE#         73
  C:5545H         LINE#         74
  C:5545H         LINE#         75
  C:5547H         LINE#         76
  -------         ENDPROC       _GETKEYACT
  -------         ENDMOD        KEY

BL51 BANKED LINKER/LOCATER V6.22                                                      07/26/2023  22:06:28  PAGE 26


  -------         MODULE        SYS
  C:0000H         SYMBOL        _ICE_DUMMY_
  X:0200H         PUBLIC        count_1mS
  B:00D8H.2       PUBLIC        CCF2
  D:0080H         PUBLIC        P0
  B:0020H.1       PUBLIC        flag_1S
  D:0090H         PUBLIC        P1
  D:00A0H         PUBLIC        P2
  D:00B0H         PUBLIC        P3
  D:00C0H         PUBLIC        P4
  X:0201H         PUBLIC        T1
  D:00C8H         PUBLIC        P5
  X:0203H         PUBLIC        T2
  B:00A8H.7       PUBLIC        EA
  D:00E8H         PUBLIC        P6
  D:00F8H         PUBLIC        P7
  D:0009H         PUBLIC        IrDatNum
  B:00D8H.7       PUBLIC        CF
  B:0020H.2       PUBLIC        Ir_Coder
  B:0020H.3       PUBLIC        Ir_RxBusy
  D:00A8H         PUBLIC        IE
  B:0020H.4       PUBLIC        Ir_TxBusy
  X:0205H         PUBLIC        userfunccall
  D:00FAH         PUBLIC        CCAP0H
  D:00FBH         PUBLIC        CCAP1H
  C:4D82H         PUBLIC        sys_task_Ir
  D:000AH         PUBLIC        IrCount_j
  D:000BH         PUBLIC        IrRx_count
  D:000CH         PUBLIC        IrProtocol
  D:00EAH         PUBLIC        CCAP0L
  D:000DH         PUBLIC        IrTx_count
  D:00EBH         PUBLIC        CCAP1L
  D:00DAH         PUBLIC        CCAPM0
  D:00DBH         PUBLIC        CCAPM1
  D:000EH         PUBLIC        MainLoops
  D:00B8H         PUBLIC        IP
  B:00D0H.7       PUBLIC        CY
  B:0020H.5       PUBLIC        flag_10mS
  D:00D8H         PUBLIC        CCON
  C:5AB8H         PUBLIC        GetBeepTimer
  C:5310H         PUBLIC        sys_Timer0_isr
  C:4F13H         PUBLIC        _SetEventCallBack
  C:5AF6H         PUBLIC        MySTC_Init
  C:5548H         PUBLIC        sys_task_100mS
  D:0012H         PUBLIC        ModBus_interval_time
  C:5B02H         PUBLIC        _?ret0func
  C:52BDH         PUBLIC        GetUltraSonic
  X:0229H         PUBLIC        count_10mS
  X:022AH         PUBLIC        stcDrivers
  C:5AC1H         PUBLIC        _SetBeepTimer
  B:0020H.6       PUBLIC        flag_IrRxFinished
  D:0098H         PUBLIC        SCON
  C:5A18H         PUBLIC        _SetCCP0
  C:55C6H         PUBLIC        MySTC_OS
  D:0089H         PUBLIC        TMOD
  D:0088H         PUBLIC        TCON
  B:0020H.7       PUBLIC        flag_Ir
BL51 BANKED LINKER/LOCATER V6.22                                                      07/26/2023  22:06:28  PAGE 27


  B:00B0H.5       PUBLIC        P35
  D:0013H         PUBLIC        IrRxNum
  X:0260H         PUBLIC        SysPerformance
  D:008EH         PUBLIC        AUXR
  C:4A83H         PUBLIC        sys_CCP_isr
  C:45B7H         PUBLIC        sys_task_1mS
  B:00A8H.1       PUBLIC        ET0
  C:5B05H         PUBLIC        ClrBeepPin
  D:008CH         PUBLIC        TH0
  B:0021H.0       PUBLIC        flag_100mS
  X:0265H         PUBLIC        distance
  D:008AH         PUBLIC        TL0
  D:0014H         PUBLIC        PollingMisses
  X:0267H         PUBLIC        sys_BP
  B:0088H.4       PUBLIC        TR0
  C:56FEH         PUBLIC        sys_task_1S
  C:5ADCH         PUBLIC        GetSysPerformance
  B:0021H.1       PUBLIC        matchModBus
  X:026DH         PUBLIC        count_100mS
  B:0021H.2       PUBLIC        Ir_BitBusy
  D:0015H         PUBLIC        IrDat_count
  D:0016H         PUBLIC        IrMute_count
  B:0021H.3       PUBLIC        newFrame1
  C:53F3H         PUBLIC        sys_Timer0_Init
  B:0021H.4       PUBLIC        newFrame2
  D:0017H         PUBLIC        IrDataPc
  C:000AH         PUBLIC        _?nullfunc
  B:0021H.5       PUBLIC        flag_1mS
  B:0021H.6       PUBLIC        newUS
  D:008FH         PUBLIC        INT_CLKO
  C:4C63H         PUBLIC        sys_task_10mS
  D:00D0H         PUBLIC        PSW
  B:00D8H.0       PUBLIC        CCF0
  B:00B0H.4       PUBLIC        Beep
  B:00D8H.1       PUBLIC        CCF1
  -------         PROC          _?NULLFUNC
  C:000AH         LINE#         13
  -------         ENDPROC       _?NULLFUNC
  -------         PROC          _?RET0FUNC
  C:5B02H         LINE#         14
  -------         ENDPROC       _?RET0FUNC
  -------         PROC          SYS_TIMER0_INIT
  C:53F3H         LINE#         96
  C:53F3H         LINE#         97
  C:53F6H         LINE#         98
  C:53F9H         LINE#         99
  C:540FH         LINE#         100
  C:5435H         LINE#         101
  C:5437H         LINE#         102
  C:5439H         LINE#         103
  -------         ENDPROC       SYS_TIMER0_INIT
  -------         PROC          SYS_TIMER0_ISR
  -------         DO            
  D:0008H         SYMBOL        i
  -------         ENDDO         
  C:5310H         LINE#         105
  C:5314H         LINE#         107
BL51 BANKED LINKER/LOCATER V6.22                                                      07/26/2023  22:06:28  PAGE 28


  C:5317H         LINE#         108
  C:531AH         LINE#         109
  C:531FH         LINE#         110
  C:5321H         LINE#         111
  C:5321H         LINE#         112
  C:5327H         LINE#         113
  C:532DH         LINE#         114
  C:5330H         LINE#         115
  C:5332H         LINE#         116
  C:5335H         LINE#         117
  C:5339H         LINE#         118
  C:533BH         LINE#         119
  C:533EH         LINE#         120
  C:5340H         LINE#         122
  C:5343H         LINE#         123
  C:5345H         LINE#         124
  C:534AH         LINE#         125
  C:534AH         LINE#         126
  C:534CH         LINE#         128
  C:5355H         LINE#         129
  C:5357H         LINE#         130
  C:535DH         LINE#         131
  C:535DH         LINE#         132
  C:535DH         LINE#         133
  C:535DH         LINE#         134
  -------         ENDPROC       SYS_TIMER0_ISR
  -------         PROC          GETULTRASONIC
  -------         DO            
  D:0069H         SYMBOL        a
  -------         ENDDO         
  C:52BDH         LINE#         138
  C:52BDH         LINE#         139
  C:52BDH         LINE#         140
  C:52C0H         LINE#         141
  C:52C2H         LINE#         142
  C:52D1H         LINE#         143
  C:5307H         LINE#         144
  C:5307H         LINE#         145
  C:530FH         LINE#         146
  -------         ENDPROC       GETULTRASONIC
  -------         PROC          GETBEEPTIMER
  C:5AB8H         LINE#         148
  C:5AB8H         LINE#         149
  C:5AC0H         LINE#         150
  -------         ENDPROC       GETBEEPTIMER
  -------         PROC          _SETBEEPTIMER
  D:0006H         SYMBOL        a
  C:5AC1H         LINE#         152
  C:5AC1H         LINE#         153
  C:5AC9H         LINE#         154
  -------         ENDPROC       _SETBEEPTIMER
  -------         PROC          _SETCCP0
  D:0006H         SYMBOL        step
  D:0004H         SYMBOL        next
  C:5A18H         LINE#         156
  C:5A18H         LINE#         157
  C:5A20H         LINE#         158
BL51 BANKED LINKER/LOCATER V6.22                                                      07/26/2023  22:06:28  PAGE 29


  C:5A28H         LINE#         159
  -------         ENDPROC       _SETCCP0
  -------         PROC          CLRBEEPPIN
  C:5B05H         LINE#         161
  C:5B05H         LINE#         162
  C:5B07H         LINE#         163
  -------         ENDPROC       CLRBEEPPIN
  -------         PROC          SYS_CCP_ISR
  -------         DO            
  B:0020H.0       SYMBOL        a
  -------         ENDDO         
  C:4A83H         LINE#         165
  C:4A96H         LINE#         167
  C:4A9DH         LINE#         168
  C:4AA4H         LINE#         169
  C:4AA7H         LINE#         170
  C:4AA9H         LINE#         171
  C:4AB9H         LINE#         172
  C:4AC0H         LINE#         173
  C:4AC3H         LINE#         174
  C:4AC5H         LINE#         175
  C:4AC7H         LINE#         177
  C:4ADBH         LINE#         178
  C:4ADEH         LINE#         179
  C:4AE0H         LINE#         180
  C:4AE2H         LINE#         181
  C:4AE4H         LINE#         183
  C:4AE4H         LINE#         184
  C:4AE7H         LINE#         185
  C:4AE9H         LINE#         186
  C:4AF3H         LINE#         187
  C:4AF5H         LINE#         188
  C:4AFEH         LINE#         189
  C:4B01H         LINE#         190
  C:4B13H         LINE#         191
  C:4B15H         LINE#         193
  C:4B17H         LINE#         194
  C:4B1AH         LINE#         195
  C:4B1AH         LINE#         196
  C:4B1AH         LINE#         197
  -------         ENDPROC       SYS_CCP_ISR
  -------         PROC          MYSTC_INIT
  C:5AF6H         LINE#         199
  C:5AF6H         LINE#         200
  C:5AF9H         LINE#         201
  C:5AFBH         LINE#         202
  -------         ENDPROC       MYSTC_INIT
  -------         PROC          SYS_TASK_IR
  -------         DO            
  D:0007H         SYMBOL        a
  -------         ENDDO         
  C:4D82H         LINE#         204
  C:4D82H         LINE#         205
  C:4D82H         LINE#         206
  C:4D98H         LINE#         207
  C:4D9FH         LINE#         208
  C:4DA2H         LINE#         209
BL51 BANKED LINKER/LOCATER V6.22                                                      07/26/2023  22:06:28  PAGE 30


  C:4DA5H         LINE#         210
  C:4DBBH         LINE#         211
  C:4DCBH         LINE#         212
  C:4DD3H         LINE#         213
  C:4DD6H         LINE#         214
  C:4DD8H         LINE#         216
  C:4DEEH         LINE#         217
  C:4E02H         LINE#         218
  C:4E02H         LINE#         219
  C:4E04H         LINE#         220
  C:4E07H         LINE#         222
  C:4E07H         LINE#         224
  C:4E09H         LINE#         225
  C:4E0CH         LINE#         226
  C:4E0CH         LINE#         227
  -------         ENDPROC       SYS_TASK_IR
  -------         PROC          SYS_TASK_1MS
  C:45B7H         LINE#         229
  C:45B7H         LINE#         230
  C:45BFH         LINE#         231
  C:45C2H         LINE#         232
  C:45C4H         LINE#         233
  C:45CCH         LINE#         234
  C:45CFH         LINE#         235
  C:45D1H         LINE#         236
  C:45D9H         LINE#         237
  C:45DCH         LINE#         238
  C:45DEH         LINE#         239
  C:45DEH         LINE#         240
  C:45DEH         LINE#         241
  C:45DEH         LINE#         242
  C:45EAH         LINE#         243
  C:45F6H         LINE#         244
  C:4602H         LINE#         245
  C:460EH         LINE#         246
  C:461AH         LINE#         247
  C:4626H         LINE#         248
  C:4641H         LINE#         249
  C:4650H         LINE#         250
  C:465CH         LINE#         251
  C:465EH         LINE#         252
  C:465EH         LINE#         253
  C:4665H         LINE#         254
  C:4668H         LINE#         255
  C:4677H         LINE#         256
  C:4679H         LINE#         257
  C:4679H         LINE#         258
  C:467BH         LINE#         260
  C:468AH         LINE#         261
  C:4696H         LINE#         262
  C:4698H         LINE#         263
  C:4698H         LINE#         264
  C:4698H         LINE#         265
  -------         ENDPROC       SYS_TASK_1MS
  -------         PROC          SYS_TASK_10MS
  C:4C63H         LINE#         268
  C:4C63H         LINE#         269
BL51 BANKED LINKER/LOCATER V6.22                                                      07/26/2023  22:06:28  PAGE 31


  C:4C6FH         LINE#         270
  C:4C7BH         LINE#         271
  C:4C87H         LINE#         272
  C:4C93H         LINE#         273
  C:4CAEH         LINE#         274
  C:4CC9H         LINE#         275
  C:4CE4H         LINE#         276
  C:4CE7H         LINE#         277
  C:4CE9H         LINE#         278
  C:4CF5H         LINE#         279
  C:4CF5H         LINE#         280
  -------         ENDPROC       SYS_TASK_10MS
  -------         PROC          SYS_TASK_100MS
  C:5548H         LINE#         282
  C:5548H         LINE#         283
  C:5554H         LINE#         284
  C:556FH         LINE#         285
  C:557BH         LINE#         286
  -------         ENDPROC       SYS_TASK_100MS
  -------         PROC          SYS_TASK_1S
  C:56FEH         LINE#         289
  C:56FEH         LINE#         290
  C:570CH         LINE#         291
  C:5712H         LINE#         292
  C:571BH         LINE#         293
  C:571DH         LINE#         294
  -------         ENDPROC       SYS_TASK_1S
  -------         PROC          MYSTC_OS
  C:55C6H         LINE#         297
  C:55C6H         LINE#         298
  C:55CEH         LINE#         299
  C:55D6H         LINE#         300
  C:55DEH         LINE#         301
  C:55E6H         LINE#         302
  C:55EEH         LINE#         303
  C:5603H         LINE#         306
  -------         ENDPROC       MYSTC_OS
  -------         PROC          _SETEVENTCALLBACK
  D:0007H         SYMBOL        event
  D:0024H         SYMBOL        user_callback
  C:4F13H         LINE#         308
  C:4F19H         LINE#         309
  C:4F4AH         LINE#         310
  C:4F4DH         LINE#         311
  C:4F4FH         LINE#         312
  C:4F52H         LINE#         313
  C:4F54H         LINE#         314
  C:4F57H         LINE#         315
  C:4F59H         LINE#         316
  C:4F5CH         LINE#         317
  C:4F5EH         LINE#         318
  C:4F61H         LINE#         319
  C:4F63H         LINE#         320
  C:4F66H         LINE#         321
  C:4F68H         LINE#         322
  C:4F6BH         LINE#         323
  C:4F6DH         LINE#         324
BL51 BANKED LINKER/LOCATER V6.22                                                      07/26/2023  22:06:28  PAGE 32


  C:4F70H         LINE#         325
  C:4F72H         LINE#         326
  C:4F75H         LINE#         327
  C:4F77H         LINE#         328
  C:4F7AH         LINE#         329
  C:4F7CH         LINE#         330
  C:4F7FH         LINE#         331
  C:4F81H         LINE#         332
  C:4F8FH         LINE#         333
  C:4F8FH         LINE#         334
  C:4F8FH         LINE#         335
  C:4F8FH         LINE#         336
  -------         ENDPROC       _SETEVENTCALLBACK
  -------         PROC          GETSYSPERFORMANCE
  C:5ADCH         LINE#         338
  C:5ADCH         LINE#         339
  C:5AE2H         LINE#         340
  -------         ENDPROC       GETSYSPERFORMANCE
  -------         ENDMOD        SYS

  -------         MODULE        MUSIC
  C:0000H         SYMBOL        _ICE_DUMMY_
  D:0080H         PUBLIC        P0
  D:0090H         PUBLIC        P1
  D:00A0H         PUBLIC        P2
  D:00B0H         PUBLIC        P3
  D:00C0H         PUBLIC        P4
  D:00C8H         PUBLIC        P5
  D:00E8H         PUBLIC        P6
  D:00F8H         PUBLIC        P7
  C:5A39H         PUBLIC        MusicPlayerInit
  D:00A8H         PUBLIC        IE
  C:395BH         PUBLIC        _?sys_music_drv
  D:00B8H         PUBLIC        IP
  C:5AFCH         PUBLIC        GetPlayerMode
  X:028FH         PUBLIC        music
  D:00D8H         PUBLIC        CCON
  C:57A2H         PUBLIC        _SetPlayerMode
  C:49D9H         PUBLIC        _PlayTone
  C:520DH         PUBLIC        _SetMusic
  D:0098H         PUBLIC        SCON
  D:0088H         PUBLIC        TCON
  B:0023H.3       PUBLIC        beat_dir
  D:00D0H         PUBLIC        PSW
  -------         PROC          _PLAYTONE
  D:0024H         SYMBOL        tone
  D:0025H         SYMBOL        beatsPM
  D:0026H         SYMBOL        scale
  D:0027H         SYMBOL        beats
  -------         DO            
  D:0028H         SYMBOL        freq
  D:0004H         SYMBOL        playtime
  C:4270H         SYMBOL        sound_freq
  -------         ENDDO         
  C:49D9H         LINE#         22
  C:49DFH         LINE#         23
  C:49DFH         LINE#         34
BL51 BANKED LINKER/LOCATER V6.22                                                      07/26/2023  22:06:28  PAGE 33


  C:49E8H         LINE#         35
  C:4A1DH         LINE#         36
  C:4A20H         LINE#         37
  C:4A61H         LINE#         38
  C:4A66H         LINE#         39
  C:4A7BH         LINE#         40
  C:4A82H         LINE#         41
  C:4A82H         LINE#         42
  -------         ENDPROC       _PLAYTONE
  -------         PROC          _?SYS_MUSIC_DRV
  -------         DO            
  i:0000H         SYMBOL        a
  i:0001H         SYMBOL        b
  X:028CH         SYMBOL        scale
  X:028DH         SYMBOL        repeat_pt
  -------         ENDDO         
  C:395BH         LINE#         44
  C:395FH         LINE#         48
  C:3980H         LINE#         49
  C:3984H         LINE#         50
  C:398EH         LINE#         52
  C:398EH         LINE#         54
  C:39AAH         LINE#         55
  C:39E8H         LINE#         56
  C:3A07H         LINE#         57
  C:3A19H         LINE#         58
  C:3A2EH         LINE#         59
  C:3A45H         LINE#         60
  C:3A71H         LINE#         61
  C:3A94H         LINE#         62
  C:3A9CH         LINE#         63
  C:3A9EH         LINE#         64
  C:3AA5H         LINE#         65
  C:3AA5H         LINE#         67
  C:3ABDH         LINE#         68
  C:3AC6H         LINE#         69
  C:3AE8H         LINE#         70
  C:3B05H         LINE#         71
  C:3B26H         LINE#         72
  C:3B34H         LINE#         73
  C:3B36H         LINE#         74
  C:3B57H         LINE#         75
  C:3B65H         LINE#         76
  C:3B68H         LINE#         77
  C:3B68H         LINE#         78
  C:3B68H         LINE#         79
  C:3B68H         LINE#         80
  C:3B89H         LINE#         81
  C:3B8CH         LINE#         82
  C:3B9FH         LINE#         83
  C:3BA2H         LINE#         84
  C:3BBFH         LINE#         85
  C:3BCDH         LINE#         86
  C:3BD0H         LINE#         87
  C:3BDEH         LINE#         88
  C:3BE1H         LINE#         89
  C:3BE1H         LINE#         90
BL51 BANKED LINKER/LOCATER V6.22                                                      07/26/2023  22:06:28  PAGE 34


  C:3BE1H         LINE#         91
  C:3BF6H         LINE#         92
  C:3C17H         LINE#         93
  C:3C44H         LINE#         94
  C:3C44H         LINE#         95
  C:3C44H         LINE#         96
  C:3C46H         LINE#         98
  C:3C4CH         LINE#         100
  C:3C4CH         LINE#         101
  -------         ENDPROC       _?SYS_MUSIC_DRV
  -------         PROC          MUSICPLAYERINIT
  C:5A39H         LINE#         103
  C:5A39H         LINE#         104
  C:5A39H         LINE#         105
  C:5A47H         LINE#         106
  -------         ENDPROC       MUSICPLAYERINIT
  -------         PROC          _SETMUSIC
  D:0007H         SYMBOL        beatsPM
  D:0005H         SYMBOL        tone
  D:0001H         SYMBOL        pt
  D:002BH         SYMBOL        datasize
  D:002DH         SYMBOL        display
  C:520DH         LINE#         108
  C:520DH         LINE#         109
  C:5214H         LINE#         110
  C:521BH         LINE#         111
  C:521FH         LINE#         112
  C:5221H         LINE#         113
  C:5221H         LINE#         114
  C:5228H         LINE#         115
  C:522FH         LINE#         116
  C:5249H         LINE#         117
  C:5254H         LINE#         118
  C:525CH         LINE#         119
  C:525CH         LINE#         120
  C:5264H         LINE#         122
  -------         ENDPROC       _SETMUSIC
  -------         PROC          _SETPLAYERMODE
  D:0007H         SYMBOL        play_ctrl
  C:57A2H         LINE#         124
  C:57A2H         LINE#         125
  C:57C4H         LINE#         126
  C:57C9H         LINE#         127
  -------         ENDPROC       _SETPLAYERMODE
  -------         PROC          GETPLAYERMODE
  C:5AFCH         LINE#         129
  C:5AFCH         LINE#         130
  C:5B01H         LINE#         131
  -------         ENDPROC       GETPLAYERMODE
  -------         ENDMOD        MUSIC

  -------         MODULE        DS1302
  C:0000H         SYMBOL        _ICE_DUMMY_
  D:0080H         PUBLIC        P0
  D:0090H         PUBLIC        P1
  D:00A0H         PUBLIC        P2
  D:00B0H         PUBLIC        P3
BL51 BANKED LINKER/LOCATER V6.22                                                      07/26/2023  22:06:28  PAGE 35


  D:00C0H         PUBLIC        P4
[...]
  C:593AH         LINE#         55
  C:593AH         LINE#         56
  C:593EH         LINE#         57
  C:5948H         LINE#         59
  C:594DH         LINE#         60
  C:594FH         LINE#         62
  -------         ENDPROC       _DELAY_MS
  -------         PROC          _OLED_COLORTURN
  D:006EH         SYMBOL        i
  C:5982H         LINE#         65
  C:5984H         LINE#         66
  C:5984H         LINE#         67
  C:5988H         LINE#         68
  C:5988H         LINE#         69
  C:598EH         LINE#         70
  C:598EH         LINE#         71
  C:5993H         LINE#         72
  C:5993H         LINE#         73
  C:599AH         LINE#         74
  C:599AH         LINE#         75
  -------         ENDPROC       _OLED_COLORTURN
  -------         PROC          _OLED_DISPLAYTURN
  D:006FH         SYMBOL        i
  C:57F2H         LINE#         78
  C:57F4H         LINE#         79
  C:57F4H         LINE#         80
  C:57F8H         LINE#         81
  C:57F8H         LINE#         82
  C:57FEH         LINE#         83
  C:5805H         LINE#         84
  C:5805H         LINE#         85
  C:580AH         LINE#         86
  C:580AH         LINE#         87
  C:5811H         LINE#         88
BL51 BANKED LINKER/LOCATER V6.22                                                      07/26/2023  22:06:28  PAGE 46


  C:5818H         LINE#         89
  C:5818H         LINE#         90
  -------         ENDPROC       _OLED_DISPLAYTURN
  -------         PROC          IIC_DELAY
  -------         DO            
  D:0007H         SYMBOL        t
  -------         ENDDO         
  C:5AD3H         LINE#         93
  C:5AD3H         LINE#         94
  C:5AD3H         LINE#         95
  C:5AD5H         LINE#         96
  C:5ADBH         LINE#         98
  -------         ENDPROC       IIC_DELAY
  -------         PROC          I2C_START
  C:5A48H         LINE#         101
  C:5A48H         LINE#         102
  C:5A48H         LINE#         103
  C:5A4AH         LINE#         104
  C:5A4CH         LINE#         105
  C:5A4FH         LINE#         106
  C:5A51H         LINE#         107
  C:5A54H         LINE#         108
  C:5A56H         LINE#         109
  -------         ENDPROC       I2C_START
  -------         PROC          I2C_STOP
  C:5A9CH         LINE#         112
  C:5A9CH         LINE#         113
  C:5A9CH         LINE#         114
  C:5A9EH         LINE#         115
  C:5AA0H         LINE#         116
  C:5AA3H         LINE#         117
  C:5AA5H         LINE#         118
  -------         ENDPROC       I2C_STOP
  -------         PROC          I2C_WAITACK
  C:5A57H         LINE#         121
  C:5A57H         LINE#         122
  C:5A57H         LINE#         123
  C:5A59H         LINE#         124
  C:5A5CH         LINE#         125
  C:5A5EH         LINE#         126
  C:5A61H         LINE#         127
  C:5A63H         LINE#         128
  -------         ENDPROC       I2C_WAITACK
  -------         PROC          _SEND_BYTE
  D:0005H         SYMBOL        dat
  -------         DO            
  D:0004H         SYMBOL        i
  -------         ENDDO         
  C:583EH         LINE#         132
  C:5840H         LINE#         133
  C:5840H         LINE#         135
  C:5842H         LINE#         136
  C:5842H         LINE#         137
  C:5844H         LINE#         138
  C:5848H         LINE#         139
  C:5848H         LINE#         140
  C:584AH         LINE#         141
BL51 BANKED LINKER/LOCATER V6.22                                                      07/26/2023  22:06:28  PAGE 47


  C:584CH         LINE#         143
  C:584CH         LINE#         144
  C:584EH         LINE#         145
  C:584EH         LINE#         146
  C:5851H         LINE#         147
  C:5853H         LINE#         148
  C:5856H         LINE#         149
  C:5858H         LINE#         150
  C:585CH         LINE#         151
  C:5860H         LINE#         152
  -------         ENDPROC       _SEND_BYTE
  C:560EH         SYMBOL        L?0118
  -------         PROC          L?0117
  -------         ENDPROC       L?0117
  C:560EH         SYMBOL        L?0118
  -------         PROC          _OLED_WR_BYTE
  D:0002H         SYMBOL        dat
  D:0003H         SYMBOL        mode
  C:5615H         LINE#         157
  C:5619H         LINE#         158
  C:5619H         LINE#         159
  C:561CH         LINE#         160
  C:5621H         LINE#         161
  C:5624H         LINE#         162
  C:5627H         LINE#         163
  C:5627H         LINE#         164
  C:5629H         LINE#         165
  C:562BH         LINE#         167
  C:562BH         LINE#         168
  C:5630H         LINE#         169
  C:5630H         LINE#         170
  C:5633H         LINE#         171
  C:5638H         LINE#         172
  C:563BH         LINE#         173
  -------         ENDPROC       _OLED_WR_BYTE
  -------         PROC          _OLED_SET_POS
  D:0001H         SYMBOL        x
  D:0005H         SYMBOL        y
  C:5861H         LINE#         178
  C:5863H         LINE#         179
  C:5863H         LINE#         180
  C:586CH         LINE#         181
  C:587AH         LINE#         182
  -------         ENDPROC       _OLED_SET_POS
  -------         PROC          OLED_DISPLAY_ON
  C:003EH         LINE#         185
  C:003EH         LINE#         186
  C:003EH         LINE#         187
  C:0045H         LINE#         188
  C:004CH         LINE#         189
  -------         ENDPROC       OLED_DISPLAY_ON
  -------         PROC          OLED_DISPLAY_OFF
  C:59CBH         LINE#         192
  C:59CBH         LINE#         193
  C:59CBH         LINE#         194
  C:59D2H         LINE#         195
  C:59D9H         LINE#         196
BL51 BANKED LINKER/LOCATER V6.22                                                      07/26/2023  22:06:28  PAGE 48


  -------         ENDPROC       OLED_DISPLAY_OFF
  -------         PROC          OLED_CLEAR
  -------         DO            
  D:0001H         SYMBOL        i
  D:0024H         SYMBOL        n
  -------         ENDDO         
  C:56A0H         LINE#         199
  C:56A0H         LINE#         200
  C:56A0H         LINE#         202
  C:56A2H         LINE#         203
  C:56A2H         LINE#         204
  C:56ABH         LINE#         205
  C:56B1H         LINE#         206
  C:56B8H         LINE#         207
  C:56BBH         LINE#         208
  C:56CBH         LINE#         209
  C:56CFH         LINE#         210
  -------         ENDPROC       OLED_CLEAR
  -------         PROC          _OLED_SHOWCHAR
  D:0033H         SYMBOL        x
  D:0034H         SYMBOL        y
  D:0003H         SYMBOL        chr
  D:0036H         SYMBOL        sizey
  -------         DO            
  D:0037H         SYMBOL        c
  D:0038H         SYMBOL        sizex
  D:0039H         SYMBOL        i
  D:003BH         SYMBOL        size1
  -------         ENDDO         
  C:485DH         LINE#         216
  C:4861H         LINE#         217
  C:4861H         LINE#         218
  C:486BH         LINE#         219
  C:4870H         LINE#         220
  C:4875H         LINE#         221
  C:487DH         LINE#         223
  C:48A6H         LINE#         224
  C:48ABH         LINE#         225
  C:48B2H         LINE#         226
  C:48C2H         LINE#         227
  C:48C2H         LINE#         228
  C:48D8H         LINE#         229
  C:48E1H         LINE#         230
  C:48E6H         LINE#         231
  C:48F6H         LINE#         232
  C:48FBH         LINE#         233
  C:4918H         LINE#         237
  C:4922H         LINE#         238
  -------         ENDPROC       _OLED_SHOWCHAR
  -------         PROC          _OLED_POW
  D:0070H         SYMBOL        m
  D:0001H         SYMBOL        n
  -------         DO            
  D:0006H         SYMBOL        result
  -------         ENDDO         
  C:59B3H         LINE#         240
  C:59B7H         LINE#         241
BL51 BANKED LINKER/LOCATER V6.22                                                      07/26/2023  22:06:28  PAGE 49


  C:59B7H         LINE#         242
  C:59BBH         LINE#         243
  C:59C1H         LINE#         244
  C:59CAH         LINE#         245
  C:59CAH         LINE#         246
  -------         ENDPROC       _OLED_POW
  -------         PROC          _OLED_SHOWNUM
  D:0059H         SYMBOL        x
  D:005AH         SYMBOL        y
  D:005BH         SYMBOL        num
  D:005DH         SYMBOL        len
  D:005EH         SYMBOL        sizey
  -------         DO            
  D:005FH         SYMBOL        t
  D:0060H         SYMBOL        temp
  D:0061H         SYMBOL        m
  D:0062H         SYMBOL        enshow
  -------         ENDDO         
  C:4E0DH         LINE#         252
  C:4E15H         LINE#         253
  C:4E15H         LINE#         254
  C:4E18H         LINE#         255
  C:4E1AH         LINE#         256
  C:4E1FH         LINE#         257
  C:4E22H         LINE#         258
  C:4E2CH         LINE#         259
  C:4E2CH         LINE#         260
  C:4E4EH         LINE#         261
  C:4E5CH         LINE#         262
  C:4E5CH         LINE#         263
  C:4E60H         LINE#         264
  C:4E60H         LINE#         265
  C:4E72H         LINE#         266
  C:4E74H         LINE#         267
  C:4E74H         LINE#         269
  C:4E77H         LINE#         270
  C:4E77H         LINE#         271
  C:4E91H         LINE#         272
  C:4E95H         LINE#         273
  -------         ENDPROC       _OLED_SHOWNUM
  -------         PROC          _OLED_SHOWSTRING
  D:002CH         SYMBOL        x
  D:002DH         SYMBOL        y
  D:002EH         SYMBOL        chr
  D:0031H         SYMBOL        sizey
  -------         DO            
  D:0032H         SYMBOL        j
  -------         ENDDO         
  C:5362H         LINE#         275
  C:536CH         LINE#         276
  C:536CH         LINE#         277
  C:536FH         LINE#         278
  C:5380H         LINE#         279
  C:5380H         LINE#         280
  C:5397H         LINE#         281
  C:539CH         LINE#         282
  C:53A0H         LINE#         284
BL51 BANKED LINKER/LOCATER V6.22                                                      07/26/2023  22:06:28  PAGE 50


  C:53A8H         LINE#         285
  C:53AAH         LINE#         286
  -------         ENDPROC       _OLED_SHOWSTRING
  -------         PROC          _OLED_SHOWCHINESE
  D:0063H         SYMBOL        x
  D:0064H         SYMBOL        y
  D:0065H         SYMBOL        no
  -------         DO            
  D:0001H         SYMBOL        t
  D:0066H         SYMBOL        adder
  -------         ENDDO         
  C:53ABH         LINE#         288
  C:53B1H         LINE#         289
  C:53B1H         LINE#         290
  C:53B4H         LINE#         291
  C:53B7H         LINE#         292
  C:53B9H         LINE#         293
  C:53B9H         LINE#         294
  C:53CAH         LINE#         295
  C:53CCH         LINE#         296
  C:53D0H         LINE#         297
  C:53D9H         LINE#         298
  C:53DBH         LINE#         299
  C:53DBH         LINE#         300
  C:53ECH         LINE#         301
  C:53EEH         LINE#         302
  C:53F2H         LINE#         303
  -------         ENDPROC       _OLED_SHOWCHINESE
  -------         PROC          _OLED_DRAWBMP
  D:0024H         SYMBOL        x0
  D:0005H         SYMBOL        y0
  D:0026H         SYMBOL        x1
  D:0027H         SYMBOL        y1
  D:0028H         SYMBOL        BMP
  -------         DO            
  D:002BH         SYMBOL        j
  D:002DH         SYMBOL        x
  D:002EH         SYMBOL        y
  -------         ENDDO         
  C:514CH         LINE#         310
  C:5150H         LINE#         311
  C:5150H         LINE#         312
  C:5155H         LINE#         315
  C:5166H         LINE#         316
  C:5170H         LINE#         317
  C:5179H         LINE#         318
  C:5179H         LINE#         319
  C:5180H         LINE#         320
  C:518AH         LINE#         321
  C:518AH         LINE#         322
  C:51A8H         LINE#         323
  C:51ACH         LINE#         324
  C:51B0H         LINE#         325
  -------         ENDPROC       _OLED_DRAWBMP
  -------         PROC          _OLED_DRAWBMP1
  D:004EH         SYMBOL        x
  D:004FH         SYMBOL        y
BL51 BANKED LINKER/LOCATER V6.22                                                      07/26/2023  22:06:28  PAGE 51


  D:0050H         SYMBOL        sizex
  D:0051H         SYMBOL        sizey
  D:0052H         SYMBOL        BMP
  -------         DO            
  D:0055H         SYMBOL        j
  D:0057H         SYMBOL        i
  D:0058H         SYMBOL        m
  -------         ENDDO         
  C:507FH         LINE#         331
  C:5085H         LINE#         332
  C:5085H         LINE#         333
  C:508AH         LINE#         335
  C:50A2H         LINE#         336
  C:50ACH         LINE#         337
  C:50ACH         LINE#         338
  C:50B6H         LINE#         339
  C:50C0H         LINE#         340
  C:50C0H         LINE#         341
  C:50DEH         LINE#         342
  C:50E2H         LINE#         343
  C:50E6H         LINE#         344
  -------         ENDPROC       _OLED_DRAWBMP1
  -------         PROC          OLED_INIT
  C:478DH         LINE#         348
  C:478DH         LINE#         349
  C:478DH         LINE#         350
  C:478FH         LINE#         351
  C:4796H         LINE#         352
  C:4798H         LINE#         354
  C:479FH         LINE#         355
  C:47A5H         LINE#         356
  C:47ACH         LINE#         357
  C:47B3H         LINE#         358
  C:47BAH         LINE#         359
  C:47C1H         LINE#         360
  C:47C8H         LINE#         361
  C:47CFH         LINE#         362
  C:47D6H         LINE#         363
  C:47DDH         LINE#         364
  C:47E4H         LINE#         365
  C:47EBH         LINE#         366
  C:47F1H         LINE#         367
  C:47F8H         LINE#         368
  C:47FFH         LINE#         369
  C:4806H         LINE#         370
  C:480DH         LINE#         371
  C:4814H         LINE#         372
  C:481BH         LINE#         373
  C:4822H         LINE#         374
  C:4829H         LINE#         375
  C:4830H         LINE#         376
  C:4837H         LINE#         377
  C:483EH         LINE#         378
  C:4845H         LINE#         379
  C:484CH         LINE#         380
  C:4853H         LINE#         381
  C:4856H         LINE#         382
BL51 BANKED LINKER/LOCATER V6.22                                                      07/26/2023  22:06:28  PAGE 52


  -------         ENDPROC       OLED_INIT
  -------         ENDMOD        OLED

  -------         MODULE        ?C?FPADD
  C:2F1DH         PUBLIC        ?C?FPADD
  C:2F19H         PUBLIC        ?C?FPSUB
  -------         ENDMOD        ?C?FPADD

  -------         MODULE        ?C?FPMUL
  C:300EH         PUBLIC        ?C?FPMUL
  -------         ENDMOD        ?C?FPMUL

  -------         MODULE        ?C?FPDIV
  C:3117H         PUBLIC        ?C?FPDIV
  -------         ENDMOD        ?C?FPDIV

  -------         MODULE        ?C?FCAST
  C:31BEH         PUBLIC        ?C?FCASTC
  C:31B9H         PUBLIC        ?C?FCASTI
  C:31B4H         PUBLIC        ?C?FCASTL
  -------         ENDMOD        ?C?FCAST

  -------         MODULE        ?C?CASTF
  C:31F2H         PUBLIC        ?C?CASTF
  -------         ENDMOD        ?C?CASTF

  -------         MODULE        LOG
  C:416FH         PUBLIC        _LOG
  C:416BH         PUBLIC        _LOG10
  -------         ENDMOD        LOG

  -------         MODULE        ?C?COPY
  C:3390H         PUBLIC        ?C?COPY
  -------         ENDMOD        ?C?COPY

  -------         MODULE        ?C?CLDPTR
  C:33B6H         PUBLIC        ?C?CLDPTR
  -------         ENDMOD        ?C?CLDPTR

  -------         MODULE        ?C?CLDOPTR
  C:33CFH         PUBLIC        ?C?CLDOPTR
  -------         ENDMOD        ?C?CLDOPTR

  -------         MODULE        ?C?CSTOPTR
  C:33FCH         PUBLIC        ?C?CSTOPTR
  -------         ENDMOD        ?C?CSTOPTR

  -------         MODULE        ?C?IMUL
  C:341EH         PUBLIC        ?C?IMUL
  -------         ENDMOD        ?C?IMUL

  -------         MODULE        ?C?UIDIV
  C:3430H         PUBLIC        ?C?UIDIV
  -------         ENDMOD        ?C?UIDIV

  -------         MODULE        ?C?IILDX
  C:3485H         PUBLIC        ?C?IILDX
BL51 BANKED LINKER/LOCATER V6.22                                                      07/26/2023  22:06:28  PAGE 53


  -------         ENDMOD        ?C?IILDX

  -------         MODULE        ?C?ILDIX
  C:349BH         PUBLIC        ?C?ILDIX
  -------         ENDMOD        ?C?ILDIX

  -------         MODULE        ?C?ILDPTR
  C:34B1H         PUBLIC        ?C?ILDPTR
  -------         ENDMOD        ?C?ILDPTR

  -------         MODULE        ?C?LMUL
  C:34DCH         PUBLIC        ?C?LMUL
  -------         ENDMOD        ?C?LMUL

  -------         MODULE        ?C?ULDIV
  C:3567H         PUBLIC        ?C?ULDIV
  -------         ENDMOD        ?C?ULDIV

  -------         MODULE        ?C?SLDIV
  C:54C4H         PUBLIC        ?C?SLDIV
  -------         ENDMOD        ?C?SLDIV

  -------         MODULE        ?C?LNEG
  C:35F9H         PUBLIC        ?C?LNEG
  -------         ENDMOD        ?C?LNEG

  -------         MODULE        ?C?SLSHR
  C:3607H         PUBLIC        ?C?SLSHR
  -------         ENDMOD        ?C?SLSHR

  -------         MODULE        ?C?LLDCODE
  C:361BH         PUBLIC        ?C?LLDCODE
  -------         ENDMOD        ?C?LLDCODE

  -------         MODULE        ?C?LLDCODE0
  C:362BH         PUBLIC        ?C?LLDCODE0
  -------         ENDMOD        ?C?LLDCODE0

  -------         MODULE        ?C?LSTXDATA
  C:363BH         PUBLIC        ?C?LSTXDATA
  -------         ENDMOD        ?C?LSTXDATA

  -------         MODULE        ?C?OFFXADD
  C:3647H         PUBLIC        ?C?OFFXADD
  -------         ENDMOD        ?C?OFFXADD

  -------         MODULE        ?C?ICALL
  C:3653H         PUBLIC        ?C?ICALL
  C:3657H         PUBLIC        ?C?ICALL2
  -------         ENDMOD        ?C?ICALL

  -------         MODULE        ?C_IBP
  D:0071H         PUBLIC        ?C_IBP
  -------         ENDMOD        ?C_IBP

*** WARNING L16: UNCALLED SEGMENT, IGNORED FOR OVERLAY PROCESS
    SEGMENT: ?PR?GETULTRASONIC?SYS
BL51 BANKED LINKER/LOCATER V6.22                                                      07/26/2023  22:06:28  PAGE 54



*** WARNING L16: UNCALLED SEGMENT, IGNORED FOR OVERLAY PROCESS
    SEGMENT: ?PR?GETSYSPERFORMANCE?SYS

*** WARNING L16: UNCALLED SEGMENT, IGNORED FOR OVERLAY PROCESS
    SEGMENT: ?PR?_SETIRRXD?IR

*** WARNING L16: UNCALLED SEGMENT, IGNORED FOR OVERLAY PROCESS
    SEGMENT: ?PR?GETIRRXNUM?IR

*** WARNING L16: UNCALLED SEGMENT, IGNORED FOR OVERLAY PROCESS
    SEGMENT: ?PR?_IRPRINT?IR

*** WARNING L16: UNCALLED SEGMENT, IGNORED FOR OVERLAY PROCESS
    SEGMENT: ?PR?GETIRSTATUS?IR

*** WARNING L16: UNCALLED SEGMENT, IGNORED FOR OVERLAY PROCESS
    SEGMENT: ?PR?_OLED_WRITE_GRAM?OLED

*** WARNING L16: UNCALLED SEGMENT, IGNORED FOR OVERLAY PROCESS
    SEGMENT: ?PR?OLED_REFRESH?OLED

*** WARNING L16: UNCALLED SEGMENT, IGNORED FOR OVERLAY PROCESS
    SEGMENT: ?PR?_OLED_COLORTURN?OLED

*** WARNING L16: UNCALLED SEGMENT, IGNORED FOR OVERLAY PROCESS
    SEGMENT: ?PR?_OLED_DISPLAYTURN?OLED

*** WARNING L16: UNCALLED SEGMENT, IGNORED FOR OVERLAY PROCESS
    SEGMENT: ?PR?OLED_DISPLAY_ON?OLED

*** WARNING L16: UNCALLED SEGMENT, IGNORED FOR OVERLAY PROCESS
    SEGMENT: ?PR?OLED_DISPLAY_OFF?OLED

*** WARNING L16: UNCALLED SEGMENT, IGNORED FOR OVERLAY PROCESS
    SEGMENT: ?PR?_OLED_SHOWNUM?OLED

*** WARNING L16: UNCALLED SEGMENT, IGNORED FOR OVERLAY PROCESS
    SEGMENT: ?PR?_OLED_SHOWCHINESE?OLED

*** WARNING L16: UNCALLED SEGMENT, IGNORED FOR OVERLAY PROCESS
    SEGMENT: ?PR?_OLED_DRAWBMP1?OLED

Program Size: data=114.6 xdata=708 code=23306
LINK/LOCATE RUN COMPLETE.  15 WARNING(S),  0 ERROR(S)
